AR system_microblaze_0_to_fft_coprocessor_0_wrapper structure /home/cc/cs150/sp13/class/cs150-ac/microblaze_fft/synthesis/parallel_run/hdl/system_microblaze_0_to_fft_coprocessor_0_wrapper.vhd sub00/vhpl01 1365800836
EN system_microblaze_0_to_fft_coprocessor_0_wrapper NULL /home/cc/cs150/sp13/class/cs150-ac/microblaze_fft/synthesis/parallel_run/hdl/system_microblaze_0_to_fft_coprocessor_0_wrapper.vhd sub00/vhpl00 1365800835
