V3 103
FL $XILINX/hw/XilinxProcessorIPLib/pcores/plb_v46_v1_05_a/hdl/vhdl/arb_control_sm.vhd 2012/04/24.05:02:05 P.15xf
EN plb_v46_v1_05_a/arb_control_sm 1365797119 \
      FL $XILINX/hw/XilinxProcessorIPLib/pcores/plb_v46_v1_05_a/hdl/vhdl/arb_control_sm.vhd \
      PB ieee/std_logic_1164 1335251622 LB proc_common_v3_00_a \
      PB proc_common_v3_00_a/proc_common_pkg 1365796995
AR plb_v46_v1_05_a/arb_control_sm/simulation 1365797120 \
      FL $XILINX/hw/XilinxProcessorIPLib/pcores/plb_v46_v1_05_a/hdl/vhdl/arb_control_sm.vhd \
      EN plb_v46_v1_05_a/arb_control_sm 1365797119
FL $XILINX/hw/XilinxProcessorIPLib/pcores/plb_v46_v1_05_a/hdl/vhdl/dcr_regs.vhd 2012/04/24.05:02:05 P.15xf
EN plb_v46_v1_05_a/dcr_regs 1365797127 \
      FL $XILINX/hw/XilinxProcessorIPLib/pcores/plb_v46_v1_05_a/hdl/vhdl/dcr_regs.vhd \
      PB ieee/std_logic_1164 1335251622 LB unisim PH unisim/VCOMPONENTS 1335251629 \
      LB proc_common_v3_00_a PB proc_common_v3_00_a/proc_common_pkg 1365796995
AR plb_v46_v1_05_a/dcr_regs/implementation 1365797128 \
      FL $XILINX/hw/XilinxProcessorIPLib/pcores/plb_v46_v1_05_a/hdl/vhdl/dcr_regs.vhd \
      EN plb_v46_v1_05_a/dcr_regs 1365797127 CP FDRE \
      CP proc_common_v3_00_a/pselect_f
FL $XILINX/hw/XilinxProcessorIPLib/pcores/plb_v46_v1_05_a/hdl/vhdl/gen_qual_req.vhd 2012/04/24.05:02:05 P.15xf
EN plb_v46_v1_05_a/gen_qual_req 1365797121 \
      FL $XILINX/hw/XilinxProcessorIPLib/pcores/plb_v46_v1_05_a/hdl/vhdl/gen_qual_req.vhd \
      PB ieee/std_logic_1164 1335251622
AR plb_v46_v1_05_a/gen_qual_req/simulation 1365797122 \
      FL $XILINX/hw/XilinxProcessorIPLib/pcores/plb_v46_v1_05_a/hdl/vhdl/gen_qual_req.vhd \
      EN plb_v46_v1_05_a/gen_qual_req 1365797121
FL $XILINX/hw/XilinxProcessorIPLib/pcores/plb_v46_v1_05_a/hdl/vhdl/muxed_signals.vhd 2012/04/24.05:02:05 P.15xf
EN plb_v46_v1_05_a/muxed_signals 1365797123 \
      FL $XILINX/hw/XilinxProcessorIPLib/pcores/plb_v46_v1_05_a/hdl/vhdl/muxed_signals.vhd \
      PB ieee/std_logic_1164 1335251622 LB proc_common_v3_00_a LB plb_v46_v1_05_a \
      PB proc_common_v3_00_a/proc_common_pkg 1365796995 \
      EN plb_v46_v1_05_a/or_bits 1365797107
AR plb_v46_v1_05_a/muxed_signals/implementation 1365797124 \
      FL $XILINX/hw/XilinxProcessorIPLib/pcores/plb_v46_v1_05_a/hdl/vhdl/muxed_signals.vhd \
      EN plb_v46_v1_05_a/muxed_signals 1365797123 \
      CP proc_common_v3_00_a/mux_onehot_f CP std_logic_vector \
      CP plb_v46_v1_05_a/or_bits
FL $XILINX/hw/XilinxProcessorIPLib/pcores/plb_v46_v1_05_a/hdl/vhdl/or_bits.vhd 2012/04/24.05:02:05 P.15xf
EN plb_v46_v1_05_a/or_bits 1365797107 \
      FL $XILINX/hw/XilinxProcessorIPLib/pcores/plb_v46_v1_05_a/hdl/vhdl/or_bits.vhd \
      PB ieee/std_logic_1164 1335251622
AR plb_v46_v1_05_a/or_bits/implementation 1365797108 \
      FL $XILINX/hw/XilinxProcessorIPLib/pcores/plb_v46_v1_05_a/hdl/vhdl/or_bits.vhd \
      EN plb_v46_v1_05_a/or_bits 1365797107
FL $XILINX/hw/XilinxProcessorIPLib/pcores/plb_v46_v1_05_a/hdl/vhdl/or_gate.vhd 2012/04/24.05:02:05 P.15xf
EN plb_v46_v1_05_a/or_gate 1365797131 \
      FL $XILINX/hw/XilinxProcessorIPLib/pcores/plb_v46_v1_05_a/hdl/vhdl/or_gate.vhd \
      PB ieee/std_logic_1164 1335251622 PB ieee/std_logic_arith 1335251623 \
      PB ieee/STD_LOGIC_UNSIGNED 1335251625 LB proc_common_v3_00_a
AR plb_v46_v1_05_a/or_gate/imp 1365797132 \
      FL $XILINX/hw/XilinxProcessorIPLib/pcores/plb_v46_v1_05_a/hdl/vhdl/or_gate.vhd \
      EN plb_v46_v1_05_a/or_gate 1365797131 CP std_logic_vector \
      CP proc_common_v3_00_a/or_muxcy_f
FL $XILINX/hw/XilinxProcessorIPLib/pcores/plb_v46_v1_05_a/hdl/vhdl/pending_priority.vhd 2012/04/24.05:02:05 P.15xf
EN plb_v46_v1_05_a/pending_priority 1365797113 \
      FL $XILINX/hw/XilinxProcessorIPLib/pcores/plb_v46_v1_05_a/hdl/vhdl/pending_priority.vhd \
      PB ieee/std_logic_1164 1335251622 LB unisim PH unisim/VCOMPONENTS 1335251629 \
      LB plb_v46_v1_05_a EN plb_v46_v1_05_a/qual_priority 1365797031
AR plb_v46_v1_05_a/pending_priority/simulation 1365797114 \
      FL $XILINX/hw/XilinxProcessorIPLib/pcores/plb_v46_v1_05_a/hdl/vhdl/pending_priority.vhd \
      EN plb_v46_v1_05_a/pending_priority 1365797113 \
      CP plb_v46_v1_05_a/qual_priority CP boolean CP MUXCY
FL $XILINX/hw/XilinxProcessorIPLib/pcores/plb_v46_v1_05_a/hdl/vhdl/pend_request.vhd 2012/04/24.05:02:05 P.15xf
EN plb_v46_v1_05_a/pend_request 1365797115 \
      FL $XILINX/hw/XilinxProcessorIPLib/pcores/plb_v46_v1_05_a/hdl/vhdl/pend_request.vhd \
      PB ieee/std_logic_1164 1335251622 LB unisim PH unisim/VCOMPONENTS 1335251629
AR plb_v46_v1_05_a/pend_request/simulation 1365797116 \
      FL $XILINX/hw/XilinxProcessorIPLib/pcores/plb_v46_v1_05_a/hdl/vhdl/pend_request.vhd \
      EN plb_v46_v1_05_a/pend_request 1365797115 CP MUXCY CP std_logic
FL $XILINX/hw/XilinxProcessorIPLib/pcores/plb_v46_v1_05_a/hdl/vhdl/plb_addrpath.vhd 2012/04/24.05:02:05 P.15xf
EN plb_v46_v1_05_a/plb_addrpath 1365797135 \
      FL $XILINX/hw/XilinxProcessorIPLib/pcores/plb_v46_v1_05_a/hdl/vhdl/plb_addrpath.vhd \
      PB ieee/std_logic_1164 1335251622 LB proc_common_v3_00_a \
      PB proc_common_v3_00_a/proc_common_pkg 1365796995
AR plb_v46_v1_05_a/plb_addrpath/implementation 1365797136 \
      FL $XILINX/hw/XilinxProcessorIPLib/pcores/plb_v46_v1_05_a/hdl/vhdl/plb_addrpath.vhd \
      EN plb_v46_v1_05_a/plb_addrpath 1365797135 \
      CP proc_common_v3_00_a/mux_onehot_f
FL $XILINX/hw/XilinxProcessorIPLib/pcores/plb_v46_v1_05_a/hdl/vhdl/plb_arbiter_logic.vhd 2012/04/24.05:02:05 P.15xf
EN plb_v46_v1_05_a/plb_arbiter_logic 1365797143 \
      FL $XILINX/hw/XilinxProcessorIPLib/pcores/plb_v46_v1_05_a/hdl/vhdl/plb_arbiter_logic.vhd \
      PB ieee/std_logic_1164 1335251622 LB proc_common_v3_00_a LB unisim \
      PH unisim/VCOMPONENTS 1335251629 LB plb_v46_v1_05_a \
      PB proc_common_v3_00_a/proc_common_pkg 1365796995
AR plb_v46_v1_05_a/plb_arbiter_logic/implementation 1365797144 \
      FL $XILINX/hw/XilinxProcessorIPLib/pcores/plb_v46_v1_05_a/hdl/vhdl/plb_arbiter_logic.vhd \
      EN plb_v46_v1_05_a/plb_arbiter_logic 1365797143 \
      CP plb_v46_v1_05_a/plb_arb_encoder CP plb_v46_v1_05_a/arb_control_sm \
      CP plb_v46_v1_05_a/gen_qual_req CP proc_common_v3_00_a/mux_onehot_f \
      CP plb_v46_v1_05_a/muxed_signals CP plb_v46_v1_05_a/watchdog_timer \
      CP plb_v46_v1_05_a/dcr_regs CP plb_v46_v1_05_a/plb_interrupt
FL $XILINX/hw/XilinxProcessorIPLib/pcores/plb_v46_v1_05_a/hdl/vhdl/plb_arb_encoder.vhd 2012/04/24.05:02:05 P.15xf
EN plb_v46_v1_05_a/plb_arb_encoder 1365797117 \
      FL $XILINX/hw/XilinxProcessorIPLib/pcores/plb_v46_v1_05_a/hdl/vhdl/plb_arb_encoder.vhd \
      PB ieee/std_logic_1164 1335251622 LB proc_common_v3_00_a LB unisim \
      PH unisim/VCOMPONENTS 1335251629 LB plb_v46_v1_05_a \
      PB proc_common_v3_00_a/proc_common_pkg 1365796995
AR plb_v46_v1_05_a/plb_arb_encoder/implementation 1365797118 \
      FL $XILINX/hw/XilinxProcessorIPLib/pcores/plb_v46_v1_05_a/hdl/vhdl/plb_arb_encoder.vhd \
      EN plb_v46_v1_05_a/plb_arb_encoder 1365797117 \
      CP plb_v46_v1_05_a/priority_encoder CP plb_v46_v1_05_a/rr_select \
      CP plb_v46_v1_05_a/pending_priority CP plb_v46_v1_05_a/pend_request \
      CP proc_common_v3_00_a/mux_onehot_f
FL $XILINX/hw/XilinxProcessorIPLib/pcores/plb_v46_v1_05_a/hdl/vhdl/plb_interrupt.vhd 2012/04/24.05:02:05 P.15xf
EN plb_v46_v1_05_a/plb_interrupt 1365797129 \
      FL $XILINX/hw/XilinxProcessorIPLib/pcores/plb_v46_v1_05_a/hdl/vhdl/plb_interrupt.vhd \
      PB ieee/std_logic_1164 1335251622 LB unisim PH unisim/VCOMPONENTS 1335251629 \
      LB proc_common_v3_00_a PB proc_common_v3_00_a/proc_common_pkg 1365796995
AR plb_v46_v1_05_a/plb_interrupt/plb_interrupt 1365797130 \
      FL $XILINX/hw/XilinxProcessorIPLib/pcores/plb_v46_v1_05_a/hdl/vhdl/plb_interrupt.vhd \
      EN plb_v46_v1_05_a/plb_interrupt 1365797129 CP FDRE CP FDSE
FL $XILINX/hw/XilinxProcessorIPLib/pcores/plb_v46_v1_05_a/hdl/vhdl/plb_p2p.vhd 2012/04/24.05:02:05 P.15xf
EN plb_v46_v1_05_a/plb_p2p 1365797133 \
      FL $XILINX/hw/XilinxProcessorIPLib/pcores/plb_v46_v1_05_a/hdl/vhdl/plb_p2p.vhd \
      PB ieee/std_logic_1164 1335251622 LB proc_common_v3_00_a LB plb_v46_v1_05_a \
      PB proc_common_v3_00_a/proc_common_pkg 1365796995
AR plb_v46_v1_05_a/plb_p2p/implementation 1365797134 \
      FL $XILINX/hw/XilinxProcessorIPLib/pcores/plb_v46_v1_05_a/hdl/vhdl/plb_p2p.vhd \
      EN plb_v46_v1_05_a/plb_p2p 1365797133 CP plb_v46_v1_05_a/watchdog_timer \
      CP std_logic CP ARB_SM_TYPE
FL $XILINX/hw/XilinxProcessorIPLib/pcores/plb_v46_v1_05_a/hdl/vhdl/plb_rd_datapath.vhd 2012/04/24.05:02:05 P.15xf
EN plb_v46_v1_05_a/plb_rd_datapath 1365797139 \
      FL $XILINX/hw/XilinxProcessorIPLib/pcores/plb_v46_v1_05_a/hdl/vhdl/plb_rd_datapath.vhd \
      PB ieee/std_logic_1164 1335251622
AR plb_v46_v1_05_a/plb_rd_datapath/simulation 1365797140 \
      FL $XILINX/hw/XilinxProcessorIPLib/pcores/plb_v46_v1_05_a/hdl/vhdl/plb_rd_datapath.vhd \
      EN plb_v46_v1_05_a/plb_rd_datapath 1365797139
FL $XILINX/hw/XilinxProcessorIPLib/pcores/plb_v46_v1_05_a/hdl/vhdl/plb_slave_ors.vhd 2012/04/24.05:02:05 P.15xf
EN plb_v46_v1_05_a/plb_slave_ors 1365797141 \
      FL $XILINX/hw/XilinxProcessorIPLib/pcores/plb_v46_v1_05_a/hdl/vhdl/plb_slave_ors.vhd \
      PB ieee/std_logic_1164 1335251622 LB plb_v46_v1_05_a \
      EN plb_v46_v1_05_a/or_gate 1365797131
AR plb_v46_v1_05_a/plb_slave_ors/implementation 1365797142 \
      FL $XILINX/hw/XilinxProcessorIPLib/pcores/plb_v46_v1_05_a/hdl/vhdl/plb_slave_ors.vhd \
      EN plb_v46_v1_05_a/plb_slave_ors 1365797141 CP or_gate \
      CP plb_v46_v1_05_a/or_gate
FL $XILINX/hw/XilinxProcessorIPLib/pcores/plb_v46_v1_05_a/hdl/vhdl/plb_v46.vhd 2012/04/24.05:02:05 P.15xf
EN plb_v46_v1_05_a/plb_v46 1365797145 \
      FL $XILINX/hw/XilinxProcessorIPLib/pcores/plb_v46_v1_05_a/hdl/vhdl/plb_v46.vhd \
      PB ieee/std_logic_1164 1335251622 LB plb_v46_v1_05_a LB unisim \
      PH unisim/VCOMPONENTS 1335251629
AR plb_v46_v1_05_a/plb_v46/simulation 1365797146 \
      FL $XILINX/hw/XilinxProcessorIPLib/pcores/plb_v46_v1_05_a/hdl/vhdl/plb_v46.vhd \
      EN plb_v46_v1_05_a/plb_v46 1365797145 CP FDS CP plb_v46_v1_05_a/plb_p2p \
      CP plb_v46_v1_05_a/plb_addrpath CP plb_v46_v1_05_a/plb_wr_datapath \
      CP plb_v46_v1_05_a/plb_rd_datapath CP plb_v46_v1_05_a/plb_slave_ors \
      CP plb_v46_v1_05_a/plb_arbiter_logic
FL $XILINX/hw/XilinxProcessorIPLib/pcores/plb_v46_v1_05_a/hdl/vhdl/plb_wr_datapath.vhd 2012/04/24.05:02:05 P.15xf
EN plb_v46_v1_05_a/plb_wr_datapath 1365797137 \
      FL $XILINX/hw/XilinxProcessorIPLib/pcores/plb_v46_v1_05_a/hdl/vhdl/plb_wr_datapath.vhd \
      PB ieee/std_logic_1164 1335251622 LB proc_common_v3_00_a
AR plb_v46_v1_05_a/plb_wr_datapath/simulation 1365797138 \
      FL $XILINX/hw/XilinxProcessorIPLib/pcores/plb_v46_v1_05_a/hdl/vhdl/plb_wr_datapath.vhd \
      EN plb_v46_v1_05_a/plb_wr_datapath 1365797137 \
      CP proc_common_v3_00_a/mux_onehot_f
FL $XILINX/hw/XilinxProcessorIPLib/pcores/plb_v46_v1_05_a/hdl/vhdl/priority_encoder.vhd 2012/04/24.05:02:05 P.15xf
EN plb_v46_v1_05_a/priority_encoder 1365797109 \
      FL $XILINX/hw/XilinxProcessorIPLib/pcores/plb_v46_v1_05_a/hdl/vhdl/priority_encoder.vhd \
      PB ieee/std_logic_1164 1335251622 LB unisim PH unisim/VCOMPONENTS 1335251629 \
      LB plb_v46_v1_05_a EN plb_v46_v1_05_a/qual_request 1365797105
AR plb_v46_v1_05_a/priority_encoder/simulation 1365797110 \
      FL $XILINX/hw/XilinxProcessorIPLib/pcores/plb_v46_v1_05_a/hdl/vhdl/priority_encoder.vhd \
      EN plb_v46_v1_05_a/priority_encoder 1365797109 \
      CP plb_v46_v1_05_a/qual_request CP MUXCY
FL $XILINX/hw/XilinxProcessorIPLib/pcores/plb_v46_v1_05_a/hdl/vhdl/qual_priority.vhd 2012/04/24.05:02:05 P.15xf
EN plb_v46_v1_05_a/qual_priority 1365797031 \
      FL $XILINX/hw/XilinxProcessorIPLib/pcores/plb_v46_v1_05_a/hdl/vhdl/qual_priority.vhd \
      PB ieee/std_logic_1164 1335251622
AR plb_v46_v1_05_a/qual_priority/qual_priority 1365797032 \
      FL $XILINX/hw/XilinxProcessorIPLib/pcores/plb_v46_v1_05_a/hdl/vhdl/qual_priority.vhd \
      EN plb_v46_v1_05_a/qual_priority 1365797031
FL $XILINX/hw/XilinxProcessorIPLib/pcores/plb_v46_v1_05_a/hdl/vhdl/qual_request.vhd 2012/04/24.05:02:05 P.15xf
EN plb_v46_v1_05_a/qual_request 1365797105 \
      FL $XILINX/hw/XilinxProcessorIPLib/pcores/plb_v46_v1_05_a/hdl/vhdl/qual_request.vhd \
      PB ieee/std_logic_1164 1335251622
AR plb_v46_v1_05_a/qual_request/simulation 1365797106 \
      FL $XILINX/hw/XilinxProcessorIPLib/pcores/plb_v46_v1_05_a/hdl/vhdl/qual_request.vhd \
      EN plb_v46_v1_05_a/qual_request 1365797105
FL $XILINX/hw/XilinxProcessorIPLib/pcores/plb_v46_v1_05_a/hdl/vhdl/rr_select.vhd 2012/04/24.05:02:05 P.15xf
EN plb_v46_v1_05_a/rr_select 1365797111 \
      FL $XILINX/hw/XilinxProcessorIPLib/pcores/plb_v46_v1_05_a/hdl/vhdl/rr_select.vhd \
      PB ieee/std_logic_1164 1335251622 LB unisim PH unisim/VCOMPONENTS 1335251629 \
      LB proc_common_v3_00_a PB proc_common_v3_00_a/proc_common_pkg 1365796995
AR plb_v46_v1_05_a/rr_select/implementation 1365797112 \
      FL $XILINX/hw/XilinxProcessorIPLib/pcores/plb_v46_v1_05_a/hdl/vhdl/rr_select.vhd \
      EN plb_v46_v1_05_a/rr_select 1365797111 CP proc_common_v3_00_a/mux_onehot_f
FL $XILINX/hw/XilinxProcessorIPLib/pcores/plb_v46_v1_05_a/hdl/vhdl/watchdog_timer.vhd 2012/04/24.05:02:05 P.15xf
EN plb_v46_v1_05_a/watchdog_timer 1365797125 \
      FL $XILINX/hw/XilinxProcessorIPLib/pcores/plb_v46_v1_05_a/hdl/vhdl/watchdog_timer.vhd \
      PB ieee/std_logic_1164 1335251622 LB proc_common_v3_00_a
AR plb_v46_v1_05_a/watchdog_timer/simulation 1365797126 \
      FL $XILINX/hw/XilinxProcessorIPLib/pcores/plb_v46_v1_05_a/hdl/vhdl/watchdog_timer.vhd \
      EN plb_v46_v1_05_a/watchdog_timer 1365797125 \
      CP proc_common_v3_00_a/down_counter
