V3 6
FL /home/cc/cs150/sp13/class/cs150-ac/microblaze_fft/synthesis/parallel_run/hdl/system_lmb_bram_wrapper.vhd 2013/04/12.16:02:51 P.15xf
EN work/system_lmb_bram_wrapper 1365797208 \
      FL /home/cc/cs150/sp13/class/cs150-ac/microblaze_fft/synthesis/parallel_run/hdl/system_lmb_bram_wrapper.vhd \
      PB ieee/std_logic_1164 1335251622 LB UNISIM PH unisim/VCOMPONENTS 1335251629 \
      LB lmb_bram_elaborate_v1_00_a
AR work/system_lmb_bram_wrapper/STRUCTURE 1365797209 \
      FL /home/cc/cs150/sp13/class/cs150-ac/microblaze_fft/synthesis/parallel_run/hdl/system_lmb_bram_wrapper.vhd \
      EN work/system_lmb_bram_wrapper 1365797208 CP lmb_bram_elaborate
