EN system_proc_sys_reset_0_wrapper NULL /home/cc/cs150/sp13/class/cs150-ac/microblaze_fft/synthesis/parallel_run/hdl/system_proc_sys_reset_0_wrapper.vhd sub00/vhpl00 1365797488
AR system_proc_sys_reset_0_wrapper structure /home/cc/cs150/sp13/class/cs150-ac/microblaze_fft/synthesis/parallel_run/hdl/system_proc_sys_reset_0_wrapper.vhd sub00/vhpl01 1365797489
