V3 6
FL /home/cc/cs150/sp13/class/cs150-ac/microblaze_fft/synthesis/parallel_run/hdl/system_microblaze_0_wrapper.vhd 2013/04/12.17:05:46 P.15xf
EN work/system_microblaze_0_wrapper 1365800981 \
      FL /home/cc/cs150/sp13/class/cs150-ac/microblaze_fft/synthesis/parallel_run/hdl/system_microblaze_0_wrapper.vhd \
      PB ieee/std_logic_1164 1335251622 LB UNISIM PH unisim/VCOMPONENTS 1335251629 \
      LB microblaze_v8_30_a
AR work/system_microblaze_0_wrapper/STRUCTURE 1365800982 \
      FL /home/cc/cs150/sp13/class/cs150-ac/microblaze_fft/synthesis/parallel_run/hdl/system_microblaze_0_wrapper.vhd \
      EN work/system_microblaze_0_wrapper 1365800981 CP microblaze
