
**** Build of configuration Debug for project fft_test1 ****

make all 
Building file: ../src/testperiph.c
Invoking: MicroBlaze gcc compiler
mb-gcc -Wall -O0 -g3 -c -fmessage-length=0 -Wl,--no-relax -I../../fft_test_bsp_1/microblaze_0/include -mxl-barrel-shift -mxl-pattern-compare -mcpu=v8.30.a -mno-xl-soft-mul -MMD -MP -MF"src/testperiph.d" -MT"src/testperiph.d" -o"src/testperiph.o" "../src/testperiph.c"
../src/testperiph.c: In function ‘main’:
../src/testperiph.c:44:4: warning: implicit declaration of function ‘print’ [-Wimplicit-function-declaration]
Finished building: ../src/testperiph.c
 
Building file: ../src/xuartlite_selftest_example.c
Invoking: MicroBlaze gcc compiler
mb-gcc -Wall -O0 -g3 -c -fmessage-length=0 -Wl,--no-relax -I../../fft_test_bsp_1/microblaze_0/include -mxl-barrel-shift -mxl-pattern-compare -mcpu=v8.30.a -mno-xl-soft-mul -MMD -MP -MF"src/xuartlite_selftest_example.d" -MT"src/xuartlite_selftest_example.d" -o"src/xuartlite_selftest_example.o" "../src/xuartlite_selftest_example.c"
Finished building: ../src/xuartlite_selftest_example.c
 
Building target: fft_test1.elf
Invoking: MicroBlaze gcc linker
mb-gcc -Wl,--no-relax -Wl,-T -Wl,../src/lscript.ld -L../../fft_test_bsp_1/microblaze_0/lib -mxl-barrel-shift -mxl-pattern-compare -mcpu=v8.30.a -mno-xl-soft-mul -o"fft_test1.elf"  ./src/testperiph.o ./src/xuartlite_selftest_example.o   -Wl,--start-group,-lxil,-lgcc,-lc,--end-group
Finished building target: fft_test1.elf
 
Invoking: MicroBlaze Print Size
mb-size fft_test1.elf  |tee "fft_test1.elf.size"
   text	   data	    bss	    dec	    hex	filename
   5334	    328	   2176	   7838	   1e9e	fft_test1.elf
Finished building: fft_test1.elf.size
 
Invoking: Xilinx ELF Check
elfcheck fft_test1.elf -hw ../../microblaze_fft_hw_platform/system.xml -pe microblaze_0  |tee "fft_test1.elf.elfcheck"
elfcheck
Xilinx EDK 14.1 Build EDK_P.15xf
Copyright (c) 1995-2012 Xilinx, Inc.  All rights reserved.

Command Line: elfcheck -hw ../../microblaze_fft_hw_platform/system.xml -pe
microblaze_0 fft_test1.elf 

ELF file	: fft_test1.elf
elfcheck passed.
Finished building: fft_test1.elf.elfcheck
 
