EN lmb_bram_elaborate NULL /home/cc/cs150/sp13/class/cs150-ac/microblaze_fft/hdl/elaborate/lmb_bram_elaborate_v1_00_a/hdl/vhdl/lmb_bram_elaborate.vhd sub00/vhpl00 1365797206
AR lmb_bram_elaborate structure /home/cc/cs150/sp13/class/cs150-ac/microblaze_fft/hdl/elaborate/lmb_bram_elaborate_v1_00_a/hdl/vhdl/lmb_bram_elaborate.vhd sub00/vhpl01 1365797207
