AR axi_interface imp /opt/Xilinx/14.1/ISE_DS/EDK/hw/XilinxProcessorIPLib/pcores/lmb_bram_if_cntlr_v3_00_b/hdl/vhdl/axi_interface.vhd sub00/vhpl17 1365797139
AR parityenable imp /opt/Xilinx/14.1/ISE_DS/EDK/hw/XilinxProcessorIPLib/pcores/lmb_bram_if_cntlr_v3_00_b/hdl/vhdl/parityenable.vhd sub00/vhpl07 1365797129
EN parityenable NULL /opt/Xilinx/14.1/ISE_DS/EDK/hw/XilinxProcessorIPLib/pcores/lmb_bram_if_cntlr_v3_00_b/hdl/vhdl/parityenable.vhd sub00/vhpl06 1365797128
PB lmb_bram_if_funcs lmb_bram_if_funcs /opt/Xilinx/14.1/ISE_DS/EDK/hw/XilinxProcessorIPLib/pcores/lmb_bram_if_cntlr_v3_00_b/hdl/vhdl/lmb_bram_if_funcs.vhd sub00/vhpl19 1365797141
EN plb_interface NULL /opt/Xilinx/14.1/ISE_DS/EDK/hw/XilinxProcessorIPLib/pcores/lmb_bram_if_cntlr_v3_00_b/hdl/vhdl/plb_interface.vhd sub00/vhpl14 1365797136
EN pselect_mask NULL /opt/Xilinx/14.1/ISE_DS/EDK/hw/XilinxProcessorIPLib/pcores/lmb_bram_if_cntlr_v3_00_b/hdl/vhdl/pselect_mask.vhd sub00/vhpl08 1365797130
AR parity imp /opt/Xilinx/14.1/ISE_DS/EDK/hw/XilinxProcessorIPLib/pcores/lmb_bram_if_cntlr_v3_00_b/hdl/vhdl/parity.vhd sub00/vhpl05 1365797127
AR checkbit_handler imp /opt/Xilinx/14.1/ISE_DS/EDK/hw/XilinxProcessorIPLib/pcores/lmb_bram_if_cntlr_v3_00_b/hdl/vhdl/checkbit_handler.vhd sub00/vhpl11 1365797133
EN correct_one_bit NULL /opt/Xilinx/14.1/ISE_DS/EDK/hw/XilinxProcessorIPLib/pcores/lmb_bram_if_cntlr_v3_00_b/hdl/vhdl/correct_one_bit.vhd sub00/vhpl12 1365797134
AR plb_interface imp /opt/Xilinx/14.1/ISE_DS/EDK/hw/XilinxProcessorIPLib/pcores/lmb_bram_if_cntlr_v3_00_b/hdl/vhdl/plb_interface.vhd sub00/vhpl15 1365797137
EN lmb_bram_if_cntlr NULL /opt/Xilinx/14.1/ISE_DS/EDK/hw/XilinxProcessorIPLib/pcores/lmb_bram_if_cntlr_v3_00_b/hdl/vhdl/lmb_bram_if_cntlr.vhd sub00/vhpl20 1365797142
EN axi_interface NULL /opt/Xilinx/14.1/ISE_DS/EDK/hw/XilinxProcessorIPLib/pcores/lmb_bram_if_cntlr_v3_00_b/hdl/vhdl/axi_interface.vhd sub00/vhpl16 1365797138
AR correct_one_bit imp /opt/Xilinx/14.1/ISE_DS/EDK/hw/XilinxProcessorIPLib/pcores/lmb_bram_if_cntlr_v3_00_b/hdl/vhdl/correct_one_bit.vhd sub00/vhpl13 1365797135
AR xor18 imp /opt/Xilinx/14.1/ISE_DS/EDK/hw/XilinxProcessorIPLib/pcores/lmb_bram_if_cntlr_v3_00_b/hdl/vhdl/xor18.vhd sub00/vhpl03 1365797125
EN checkbit_handler NULL /opt/Xilinx/14.1/ISE_DS/EDK/hw/XilinxProcessorIPLib/pcores/lmb_bram_if_cntlr_v3_00_b/hdl/vhdl/checkbit_handler.vhd sub00/vhpl10 1365797132
EN parity NULL /opt/Xilinx/14.1/ISE_DS/EDK/hw/XilinxProcessorIPLib/pcores/lmb_bram_if_cntlr_v3_00_b/hdl/vhdl/parity.vhd sub00/vhpl04 1365797126
EN pselect NULL /opt/Xilinx/14.1/ISE_DS/EDK/hw/XilinxProcessorIPLib/pcores/lmb_bram_if_cntlr_v3_00_b/hdl/vhdl/pselect.vhd sub00/vhpl00 1365797122
AR lmb_bram_if_cntlr imp /opt/Xilinx/14.1/ISE_DS/EDK/hw/XilinxProcessorIPLib/pcores/lmb_bram_if_cntlr_v3_00_b/hdl/vhdl/lmb_bram_if_cntlr.vhd sub00/vhpl21 1365797143
PH lmb_bram_if_funcs NULL /opt/Xilinx/14.1/ISE_DS/EDK/hw/XilinxProcessorIPLib/pcores/lmb_bram_if_cntlr_v3_00_b/hdl/vhdl/lmb_bram_if_funcs.vhd sub00/vhpl18 1365797140
EN xor18 NULL /opt/Xilinx/14.1/ISE_DS/EDK/hw/XilinxProcessorIPLib/pcores/lmb_bram_if_cntlr_v3_00_b/hdl/vhdl/xor18.vhd sub00/vhpl02 1365797124
AR pselect_mask imp /opt/Xilinx/14.1/ISE_DS/EDK/hw/XilinxProcessorIPLib/pcores/lmb_bram_if_cntlr_v3_00_b/hdl/vhdl/pselect_mask.vhd sub00/vhpl09 1365797131
AR pselect imp /opt/Xilinx/14.1/ISE_DS/EDK/hw/XilinxProcessorIPLib/pcores/lmb_bram_if_cntlr_v3_00_b/hdl/vhdl/pselect.vhd sub00/vhpl01 1365797123
