V3 57
FL $XILINX/hw/XilinxProcessorIPLib/pcores/lmb_bram_if_cntlr_v3_00_b/hdl/vhdl/axi_interface.vhd 2012/04/24.05:02:01 P.15xf
EN lmb_bram_if_cntlr_v3_00_b/axi_interface 1365797138 \
      FL $XILINX/hw/XilinxProcessorIPLib/pcores/lmb_bram_if_cntlr_v3_00_b/hdl/vhdl/axi_interface.vhd \
      PB ieee/std_logic_1164 1335251622
AR lmb_bram_if_cntlr_v3_00_b/axi_interface/IMP 1365797139 \
      FL $XILINX/hw/XilinxProcessorIPLib/pcores/lmb_bram_if_cntlr_v3_00_b/hdl/vhdl/axi_interface.vhd \
      EN lmb_bram_if_cntlr_v3_00_b/axi_interface 1365797138 LB unisim \
      PH unisim/VCOMPONENTS 1335251629 CP FDRE
FL $XILINX/hw/XilinxProcessorIPLib/pcores/lmb_bram_if_cntlr_v3_00_b/hdl/vhdl/checkbit_handler.vhd 2012/04/24.05:02:01 P.15xf
EN lmb_bram_if_cntlr_v3_00_b/checkbit_handler 1365797132 \
      FL $XILINX/hw/XilinxProcessorIPLib/pcores/lmb_bram_if_cntlr_v3_00_b/hdl/vhdl/checkbit_handler.vhd \
      PB ieee/std_logic_1164 1335251622
AR lmb_bram_if_cntlr_v3_00_b/checkbit_handler/IMP 1365797133 \
      FL $XILINX/hw/XilinxProcessorIPLib/pcores/lmb_bram_if_cntlr_v3_00_b/hdl/vhdl/checkbit_handler.vhd \
      EN lmb_bram_if_cntlr_v3_00_b/checkbit_handler 1365797132 LB unisim \
      PH unisim/VCOMPONENTS 1335251629 LB lmb_bram_if_cntlr_v3_00_b \
      CP std_logic_vector CP XOR18 CP Parity CP std_logic CP ParityEnable CP MUXF7
FL $XILINX/hw/XilinxProcessorIPLib/pcores/lmb_bram_if_cntlr_v3_00_b/hdl/vhdl/correct_one_bit.vhd 2012/04/24.05:02:01 P.15xf
EN lmb_bram_if_cntlr_v3_00_b/Correct_One_Bit 1365797134 \
      FL $XILINX/hw/XilinxProcessorIPLib/pcores/lmb_bram_if_cntlr_v3_00_b/hdl/vhdl/correct_one_bit.vhd \
      PB ieee/std_logic_1164 1335251622 LB unisim PH unisim/VCOMPONENTS 1335251629
AR lmb_bram_if_cntlr_v3_00_b/Correct_One_Bit/IMP 1365797135 \
      FL $XILINX/hw/XilinxProcessorIPLib/pcores/lmb_bram_if_cntlr_v3_00_b/hdl/vhdl/correct_one_bit.vhd \
      EN lmb_bram_if_cntlr_v3_00_b/Correct_One_Bit 1365797134 CP MUXCY_L CP XORCY
FL $XILINX/hw/XilinxProcessorIPLib/pcores/lmb_bram_if_cntlr_v3_00_b/hdl/vhdl/lmb_bram_if_cntlr.vhd 2012/04/24.05:02:01 P.15xf
EN lmb_bram_if_cntlr_v3_00_b/lmb_bram_if_cntlr 1365797142 \
      FL $XILINX/hw/XilinxProcessorIPLib/pcores/lmb_bram_if_cntlr_v3_00_b/hdl/vhdl/lmb_bram_if_cntlr.vhd \
      PB ieee/std_logic_1164 1335251622 PB ieee/NUMERIC_STD 1335251627 \
      LB lmb_bram_if_cntlr_v3_00_b
AR lmb_bram_if_cntlr_v3_00_b/lmb_bram_if_cntlr/imp 1365797143 \
      FL $XILINX/hw/XilinxProcessorIPLib/pcores/lmb_bram_if_cntlr_v3_00_b/hdl/vhdl/lmb_bram_if_cntlr.vhd \
      EN lmb_bram_if_cntlr_v3_00_b/lmb_bram_if_cntlr 1365797142 LB unisim \
      PH unisim/VCOMPONENTS 1335251629 LB lmb_bram_if_cntlr_v3_00_b \
      CP pselect_mask CP integer CP std_logic CP natural CP std_logic_vector \
      CP correct_data_table_type CP bool_array CP checkbit_handler \
      CP Correct_One_Bit CP plb_interface CP axi_interface \
      PB lmb_bram_if_cntlr_v3_00_b/lmb_bram_if_funcs 1365797141
FL $XILINX/hw/XilinxProcessorIPLib/pcores/lmb_bram_if_cntlr_v3_00_b/hdl/vhdl/lmb_bram_if_funcs.vhd 2012/04/24.05:02:01 P.15xf
PH lmb_bram_if_cntlr_v3_00_b/lmb_bram_if_funcs 1365797140 \
      FL $XILINX/hw/XilinxProcessorIPLib/pcores/lmb_bram_if_cntlr_v3_00_b/hdl/vhdl/lmb_bram_if_funcs.vhd \
      PB ieee/std_logic_1164 1335251622
PB lmb_bram_if_cntlr_v3_00_b/lmb_bram_if_funcs 1365797141 \
      FL $XILINX/hw/XilinxProcessorIPLib/pcores/lmb_bram_if_cntlr_v3_00_b/hdl/vhdl/lmb_bram_if_funcs.vhd \
      PH lmb_bram_if_cntlr_v3_00_b/lmb_bram_if_funcs 1365797140 \
      PB ieee/std_logic_1164 1335251622 PB ieee/NUMERIC_STD 1335251627
FL $XILINX/hw/XilinxProcessorIPLib/pcores/lmb_bram_if_cntlr_v3_00_b/hdl/vhdl/parity.vhd 2012/04/24.05:02:01 P.15xf
EN lmb_bram_if_cntlr_v3_00_b/Parity 1365797126 \
      FL $XILINX/hw/XilinxProcessorIPLib/pcores/lmb_bram_if_cntlr_v3_00_b/hdl/vhdl/parity.vhd \
      PB ieee/std_logic_1164 1335251622
AR lmb_bram_if_cntlr_v3_00_b/Parity/IMP 1365797127 \
      FL $XILINX/hw/XilinxProcessorIPLib/pcores/lmb_bram_if_cntlr_v3_00_b/hdl/vhdl/parity.vhd \
      EN lmb_bram_if_cntlr_v3_00_b/Parity 1365797126 LB unisim \
      PH unisim/VCOMPONENTS 1335251629 CP std_logic_vector CP LUT6 CP std_logic \
      CP MUXF7 CP MUXF8
FL $XILINX/hw/XilinxProcessorIPLib/pcores/lmb_bram_if_cntlr_v3_00_b/hdl/vhdl/parityenable.vhd 2012/04/24.05:02:01 P.15xf
EN lmb_bram_if_cntlr_v3_00_b/ParityEnable 1365797128 \
      FL $XILINX/hw/XilinxProcessorIPLib/pcores/lmb_bram_if_cntlr_v3_00_b/hdl/vhdl/parityenable.vhd \
      PB ieee/std_logic_1164 1335251622
AR lmb_bram_if_cntlr_v3_00_b/ParityEnable/IMP 1365797129 \
      FL $XILINX/hw/XilinxProcessorIPLib/pcores/lmb_bram_if_cntlr_v3_00_b/hdl/vhdl/parityenable.vhd \
      EN lmb_bram_if_cntlr_v3_00_b/ParityEnable 1365797128 LB unisim \
      PH unisim/VCOMPONENTS 1335251629 CP std_logic_vector CP LUT6
FL $XILINX/hw/XilinxProcessorIPLib/pcores/lmb_bram_if_cntlr_v3_00_b/hdl/vhdl/plb_interface.vhd 2012/04/24.05:02:01 P.15xf
EN lmb_bram_if_cntlr_v3_00_b/plb_interface 1365797136 \
      FL $XILINX/hw/XilinxProcessorIPLib/pcores/lmb_bram_if_cntlr_v3_00_b/hdl/vhdl/plb_interface.vhd \
      PB ieee/std_logic_1164 1335251622 PB ieee/NUMERIC_STD 1335251627 \
      LB lmb_bram_if_cntlr_v3_00_b
AR lmb_bram_if_cntlr_v3_00_b/plb_interface/IMP 1365797137 \
      FL $XILINX/hw/XilinxProcessorIPLib/pcores/lmb_bram_if_cntlr_v3_00_b/hdl/vhdl/plb_interface.vhd \
      EN lmb_bram_if_cntlr_v3_00_b/plb_interface 1365797136 LB unisim \
      PH unisim/VCOMPONENTS 1335251629 CP pselect CP FDRE
FL $XILINX/hw/XilinxProcessorIPLib/pcores/lmb_bram_if_cntlr_v3_00_b/hdl/vhdl/pselect.vhd 2012/04/24.05:02:01 P.15xf
EN lmb_bram_if_cntlr_v3_00_b/pselect 1365797122 \
      FL $XILINX/hw/XilinxProcessorIPLib/pcores/lmb_bram_if_cntlr_v3_00_b/hdl/vhdl/pselect.vhd \
      PB ieee/std_logic_1164 1335251622 PB ieee/std_logic_arith 1335251623 \
      PB ieee/STD_LOGIC_UNSIGNED 1335251625 LB unisim
AR lmb_bram_if_cntlr_v3_00_b/pselect/imp 1365797123 \
      FL $XILINX/hw/XilinxProcessorIPLib/pcores/lmb_bram_if_cntlr_v3_00_b/hdl/vhdl/pselect.vhd \
      EN lmb_bram_if_cntlr_v3_00_b/pselect 1365797122 CP std_logic_vector CP MUXCY
FL $XILINX/hw/XilinxProcessorIPLib/pcores/lmb_bram_if_cntlr_v3_00_b/hdl/vhdl/pselect_mask.vhd 2012/04/24.05:02:01 P.15xf
EN lmb_bram_if_cntlr_v3_00_b/pselect_mask 1365797130 \
      FL $XILINX/hw/XilinxProcessorIPLib/pcores/lmb_bram_if_cntlr_v3_00_b/hdl/vhdl/pselect_mask.vhd \
      PB ieee/std_logic_1164 1335251622 PB ieee/std_logic_arith 1335251623 \
      PB ieee/STD_LOGIC_UNSIGNED 1335251625 LB unisim
AR lmb_bram_if_cntlr_v3_00_b/pselect_mask/imp 1365797131 \
      FL $XILINX/hw/XilinxProcessorIPLib/pcores/lmb_bram_if_cntlr_v3_00_b/hdl/vhdl/pselect_mask.vhd \
      EN lmb_bram_if_cntlr_v3_00_b/pselect_mask 1365797130 LB unisim
FL $XILINX/hw/XilinxProcessorIPLib/pcores/lmb_bram_if_cntlr_v3_00_b/hdl/vhdl/xor18.vhd 2012/04/24.05:02:01 P.15xf
EN lmb_bram_if_cntlr_v3_00_b/XOR18 1365797124 \
      FL $XILINX/hw/XilinxProcessorIPLib/pcores/lmb_bram_if_cntlr_v3_00_b/hdl/vhdl/xor18.vhd \
      PB ieee/std_logic_1164 1335251622 LB unisim PH unisim/VCOMPONENTS 1335251629
AR lmb_bram_if_cntlr_v3_00_b/XOR18/IMP 1365797125 \
      FL $XILINX/hw/XilinxProcessorIPLib/pcores/lmb_bram_if_cntlr_v3_00_b/hdl/vhdl/xor18.vhd \
      EN lmb_bram_if_cntlr_v3_00_b/XOR18 1365797124 CP std_logic CP LUT6 CP MUXCY_L \
      CP XORCY
