/home/cc/cs150/sp13/class/cs150-ac/microblaze_fft/implementation/system.ngc 1365554797
/home/cc/cs150/sp13/class/cs150-ac/microblaze_fft/implementation/system_microblaze_0_wrapper.ngc 1365554483
/home/cc/cs150/sp13/class/cs150-ac/microblaze_fft/implementation/system_mb_plb_wrapper.ngc 1365554182
/home/cc/cs150/sp13/class/cs150-ac/microblaze_fft/implementation/system_ilmb_wrapper.ngc 1365554497
/home/cc/cs150/sp13/class/cs150-ac/microblaze_fft/implementation/system_dlmb_wrapper.ngc 1365554510
/home/cc/cs150/sp13/class/cs150-ac/microblaze_fft/implementation/system_dlmb_cntlr_wrapper.ngc 1365554254
/home/cc/cs150/sp13/class/cs150-ac/microblaze_fft/implementation/system_ilmb_cntlr_wrapper.ngc 1365554278
/home/cc/cs150/sp13/class/cs150-ac/microblaze_fft/implementation/system_lmb_bram_wrapper.ngc 1365554324
/home/cc/cs150/sp13/class/cs150-ac/microblaze_fft/implementation/system_rs232_uart_1_wrapper.ngc 1365554376
/home/cc/cs150/sp13/class/cs150-ac/microblaze_fft/implementation/system_clock_generator_0_wrapper.ngc 1365554523
/home/cc/cs150/sp13/class/cs150-ac/microblaze_fft/implementation/system_mdm_0_wrapper.ngc 1365554442
/home/cc/cs150/sp13/class/cs150-ac/microblaze_fft/implementation/system_proc_sys_reset_0_wrapper.ngc 1365554468
OK
