/home/cc/cs150/sp13/class/cs150-ac/microblaze_fft/implementation/system.ngc 1365801936
/home/cc/cs150/sp13/class/cs150-ac/microblaze_fft/implementation/system_microblaze_0_wrapper.ngc 1365801593
/home/cc/cs150/sp13/class/cs150-ac/microblaze_fft/implementation/system_mb_plb_wrapper.ngc 1365801579
/home/cc/cs150/sp13/class/cs150-ac/microblaze_fft/implementation/system_ilmb_wrapper.ngc 1365801579
/home/cc/cs150/sp13/class/cs150-ac/microblaze_fft/implementation/system_dlmb_wrapper.ngc 1365801579
/home/cc/cs150/sp13/class/cs150-ac/microblaze_fft/implementation/system_dlmb_cntlr_wrapper.ngc 1365801579
/home/cc/cs150/sp13/class/cs150-ac/microblaze_fft/implementation/system_ilmb_cntlr_wrapper.ngc 1365801579
/home/cc/cs150/sp13/class/cs150-ac/microblaze_fft/implementation/system_lmb_bram_wrapper.ngc 1365801579
/home/cc/cs150/sp13/class/cs150-ac/microblaze_fft/implementation/system_rs232_uart_1_wrapper.ngc 1365801579
/home/cc/cs150/sp13/class/cs150-ac/microblaze_fft/implementation/system_clock_generator_0_wrapper.ngc 1365801606
/home/cc/cs150/sp13/class/cs150-ac/microblaze_fft/implementation/system_mdm_0_wrapper.ngc 1365801579
/home/cc/cs150/sp13/class/cs150-ac/microblaze_fft/implementation/system_proc_sys_reset_0_wrapper.ngc 1365801580
/home/cc/cs150/sp13/class/cs150-ac/microblaze_fft/implementation/system_fft_coprocessor_0_to_microblaze_0_wrapper.ngc 1365801580
/home/cc/cs150/sp13/class/cs150-ac/microblaze_fft/implementation/system_fft_coprocessor_0_wrapper.ngc 1365801619
/home/cc/cs150/sp13/class/cs150-ac/microblaze_fft/implementation/system_microblaze_0_to_fft_coprocessor_0_wrapper.ngc 1365801632
OK
