MO fft_coprocessor NULL /home/cc/cs150/sp13/class/cs150-ac/microblaze_fft/pcores/fft_coprocessor_v1_02_a/hdl/verilog/fft_coprocessor.v vlg75/fft__coprocessor.bin 1365800788
MO xfft_v7_1 NULL /home/cc/cs150/sp13/class/cs150-ac/microblaze_fft/pcores/fft_coprocessor_v1_02_a/hdl/verilog/xfft_v7_1.v vlg78/xfft__v7__1.bin 1365800788
