V3 248
FL $XILINX/hw/XilinxProcessorIPLib/pcores/proc_common_v3_00_a/hdl/vhdl/addsub.vhd 2012/04/24.05:02:10 P.15xf
EN proc_common_v3_00_a/addsub 1365797043 \
      FL $XILINX/hw/XilinxProcessorIPLib/pcores/proc_common_v3_00_a/hdl/vhdl/addsub.vhd \
      PB ieee/std_logic_1164 1335251622
AR proc_common_v3_00_a/addsub/imp 1365797044 \
      FL $XILINX/hw/XilinxProcessorIPLib/pcores/proc_common_v3_00_a/hdl/vhdl/addsub.vhd \
      EN proc_common_v3_00_a/addsub 1365797043 LB unisim PH unisim/VCOMPONENTS 1335251629 \
      PB ieee/NUMERIC_STD 1335251627 CP MUXCY CP XORCY CP FDRE
FL $XILINX/hw/XilinxProcessorIPLib/pcores/proc_common_v3_00_a/hdl/vhdl/async_fifo_fg.vhd 2012/04/24.05:02:10 P.15xf
EN proc_common_v3_00_a/async_fifo_fg 1365797039 \
      FL $XILINX/hw/XilinxProcessorIPLib/pcores/proc_common_v3_00_a/hdl/vhdl/async_fifo_fg.vhd \
      PB ieee/std_logic_1164 1335251622 PB ieee/NUMERIC_STD 1335251627 \
      LB proc_common_v3_00_a PB proc_common_v3_00_a/proc_common_pkg 1365796995 \
      PH proc_common_v3_00_a/coregen_comp_defs 1365797030 \
      PB proc_common_v3_00_a/family_support 1365796993
AR proc_common_v3_00_a/async_fifo_fg/implementation 1365797040 \
      FL $XILINX/hw/XilinxProcessorIPLib/pcores/proc_common_v3_00_a/hdl/vhdl/async_fifo_fg.vhd \
      EN proc_common_v3_00_a/async_fifo_fg 1365797039 CP integer \
      CP std_logic_vector CP fifo_generator_v4_3 CP fifo_generator_v8_3
FL $XILINX/hw/XilinxProcessorIPLib/pcores/proc_common_v3_00_a/hdl/vhdl/cntr_incr_decr_addn_f.vhd 2012/04/24.05:02:10 P.15xf
EN proc_common_v3_00_a/cntr_incr_decr_addn_f 1365797004 \
      FL $XILINX/hw/XilinxProcessorIPLib/pcores/proc_common_v3_00_a/hdl/vhdl/cntr_incr_decr_addn_f.vhd \
      PB ieee/std_logic_1164 1335251622
AR proc_common_v3_00_a/cntr_incr_decr_addn_f/imp 1365797005 \
      FL $XILINX/hw/XilinxProcessorIPLib/pcores/proc_common_v3_00_a/hdl/vhdl/cntr_incr_decr_addn_f.vhd \
      EN proc_common_v3_00_a/cntr_incr_decr_addn_f 1365797004 \
      LB proc_common_v3_00_a PB ieee/NUMERIC_STD 1335251627 LB unisim \
      CP std_logic_vector CP MUXCY_L CP XORCY CP FDS \
      PB proc_common_v3_00_a/family_support 1365796993
FL $XILINX/hw/XilinxProcessorIPLib/pcores/proc_common_v3_00_a/hdl/vhdl/common_types_pkg.vhd 2012/04/24.05:02:10 P.15xf
PH proc_common_v3_00_a/Common_Types 1365797033 \
      FL $XILINX/hw/XilinxProcessorIPLib/pcores/proc_common_v3_00_a/hdl/vhdl/common_types_pkg.vhd \
      PB ieee/std_logic_1164 1335251622
PB proc_common_v3_00_a/Common_Types 1365797034 \
      FL $XILINX/hw/XilinxProcessorIPLib/pcores/proc_common_v3_00_a/hdl/vhdl/common_types_pkg.vhd \
      PH proc_common_v3_00_a/Common_Types 1365797033
FL $XILINX/hw/XilinxProcessorIPLib/pcores/proc_common_v3_00_a/hdl/vhdl/compare_vectors_f.vhd 2012/04/24.05:02:10 P.15xf
EN proc_common_v3_00_a/compare_vectors_f 1365797095 \
      FL $XILINX/hw/XilinxProcessorIPLib/pcores/proc_common_v3_00_a/hdl/vhdl/compare_vectors_f.vhd \
      PB ieee/std_logic_1164 1335251622 LB unisim PH unisim/VCOMPONENTS 1335251629 \
      LB proc_common_v3_00_a PB proc_common_v3_00_a/family_support 1365796993
AR proc_common_v3_00_a/compare_vectors_f/imp 1365797096 \
      FL $XILINX/hw/XilinxProcessorIPLib/pcores/proc_common_v3_00_a/hdl/vhdl/compare_vectors_f.vhd \
      EN proc_common_v3_00_a/compare_vectors_f 1365797095 CP positive \
      CP std_logic_vector CP natural CP MUXCY
FL $XILINX/hw/XilinxProcessorIPLib/pcores/proc_common_v3_00_a/hdl/vhdl/conv_funs_pkg.vhd 2012/04/24.05:02:10 P.15xf
PH proc_common_v3_00_a/conv_funs_pkg 1365797035 \
      FL $XILINX/hw/XilinxProcessorIPLib/pcores/proc_common_v3_00_a/hdl/vhdl/conv_funs_pkg.vhd \
      PB ieee/std_logic_1164 1335251622
PB proc_common_v3_00_a/conv_funs_pkg 1365797036 \
      FL $XILINX/hw/XilinxProcessorIPLib/pcores/proc_common_v3_00_a/hdl/vhdl/conv_funs_pkg.vhd \
      PH proc_common_v3_00_a/conv_funs_pkg 1365797035
FL $XILINX/hw/XilinxProcessorIPLib/pcores/proc_common_v3_00_a/hdl/vhdl/coregen_comp_defs.vhd 2012/04/24.05:02:10 P.15xf
PH proc_common_v3_00_a/coregen_comp_defs 1365797030 \
      FL $XILINX/hw/XilinxProcessorIPLib/pcores/proc_common_v3_00_a/hdl/vhdl/coregen_comp_defs.vhd \
      PB ieee/std_logic_1164 1335251622 CD fifo_generator_v4_2 \
      CD fifo_generator_v4_3 CD fifo_generator_v5_1 CD fifo_generator_v5_2 \
      CD fifo_generator_v5_3 CD fifo_generator_v6_1 CD fifo_generator_v8_1 \
      CD fifo_generator_v8_2 CD fifo_generator_v8_3 CD blk_mem_gen_v2_7 \
      CD blk_mem_gen_v3_1 CD blk_mem_gen_v3_2 CD blk_mem_gen_v3_3 \
      CD blk_mem_gen_v4_1 CD blk_mem_gen_v5_2 CD blk_mem_gen_v6_2
FL $XILINX/hw/XilinxProcessorIPLib/pcores/proc_common_v3_00_a/hdl/vhdl/counter.vhd 2012/04/24.05:02:10 P.15xf
EN proc_common_v3_00_a/Counter 1365797028 \
      FL $XILINX/hw/XilinxProcessorIPLib/pcores/proc_common_v3_00_a/hdl/vhdl/counter.vhd \
      PB ieee/std_logic_1164 1335251622 LB unisim PH unisim/VCOMPONENTS 1335251629 \
      LB proc_common_v3_00_a EN proc_common_v3_00_a/counter_bit 1365797014
AR proc_common_v3_00_a/Counter/imp 1365797029 \
      FL $XILINX/hw/XilinxProcessorIPLib/pcores/proc_common_v3_00_a/hdl/vhdl/counter.vhd \
      EN proc_common_v3_00_a/Counter 1365797028 \
      CP proc_common_v3_00_a/counter_bit CP FDRE
FL $XILINX/hw/XilinxProcessorIPLib/pcores/proc_common_v3_00_a/hdl/vhdl/counter_bit.vhd 2012/04/24.05:02:10 P.15xf
EN proc_common_v3_00_a/counter_bit 1365797014 \
      FL $XILINX/hw/XilinxProcessorIPLib/pcores/proc_common_v3_00_a/hdl/vhdl/counter_bit.vhd \
      PB ieee/std_logic_1164 1335251622 LB unisim
AR proc_common_v3_00_a/counter_bit/imp 1365797015 \
      FL $XILINX/hw/XilinxProcessorIPLib/pcores/proc_common_v3_00_a/hdl/vhdl/counter_bit.vhd \
      EN proc_common_v3_00_a/counter_bit 1365797014 CP LUT4 CP MUXCY_L CP XORCY \
      CP FDRE
FL $XILINX/hw/XilinxProcessorIPLib/pcores/proc_common_v3_00_a/hdl/vhdl/counter_f.vhd 2012/04/24.05:02:10 P.15xf
EN proc_common_v3_00_a/counter_f 1365797099 \
      FL $XILINX/hw/XilinxProcessorIPLib/pcores/proc_common_v3_00_a/hdl/vhdl/counter_f.vhd \
      PB ieee/std_logic_1164 1335251622 PB ieee/NUMERIC_STD 1335251627 LB unisim \
      LB proc_common_v3_00_a PB proc_common_v3_00_a/family_support 1365796993
AR proc_common_v3_00_a/counter_f/imp 1365797100 \
      FL $XILINX/hw/XilinxProcessorIPLib/pcores/proc_common_v3_00_a/hdl/vhdl/counter_f.vhd \
      EN proc_common_v3_00_a/counter_f 1365797099 CP std_logic_vector CP std_logic \
      CP MUXCY_L CP XORCY CP FDRE CP unsigned
FL $XILINX/hw/XilinxProcessorIPLib/pcores/proc_common_v3_00_a/hdl/vhdl/direct_path_cntr.vhd 2012/04/24.05:02:10 P.15xf
EN proc_common_v3_00_a/direct_path_cntr 1365797045 \
      FL $XILINX/hw/XilinxProcessorIPLib/pcores/proc_common_v3_00_a/hdl/vhdl/direct_path_cntr.vhd \
      PB ieee/std_logic_1164 1335251622
AR proc_common_v3_00_a/direct_path_cntr/imp 1365797046 \
      FL $XILINX/hw/XilinxProcessorIPLib/pcores/proc_common_v3_00_a/hdl/vhdl/direct_path_cntr.vhd \
      EN proc_common_v3_00_a/direct_path_cntr 1365797045 LB unisim CP std_logic \
      CP MULT_AND CP MUXCY CP XORCY CP FDE
FL $XILINX/hw/XilinxProcessorIPLib/pcores/proc_common_v3_00_a/hdl/vhdl/direct_path_cntr_ai.vhd 2012/04/24.05:02:10 P.15xf
EN proc_common_v3_00_a/direct_path_cntr_ai 1365797047 \
      FL $XILINX/hw/XilinxProcessorIPLib/pcores/proc_common_v3_00_a/hdl/vhdl/direct_path_cntr_ai.vhd \
      PB ieee/std_logic_1164 1335251622
AR proc_common_v3_00_a/direct_path_cntr_ai/imp 1365797048 \
      FL $XILINX/hw/XilinxProcessorIPLib/pcores/proc_common_v3_00_a/hdl/vhdl/direct_path_cntr_ai.vhd \
      EN proc_common_v3_00_a/direct_path_cntr_ai 1365797047 LB unisim \
      PH unisim/VCOMPONENTS 1335251629 CP std_logic CP MULT_AND CP MUXCY CP XORCY \
      CP FDE
FL $XILINX/hw/XilinxProcessorIPLib/pcores/proc_common_v3_00_a/hdl/vhdl/down_counter.vhd 2012/04/24.05:02:10 P.15xf
EN proc_common_v3_00_a/down_counter 1365797049 \
      FL $XILINX/hw/XilinxProcessorIPLib/pcores/proc_common_v3_00_a/hdl/vhdl/down_counter.vhd \
      PB ieee/std_logic_1164 1335251622 PB ieee/std_logic_arith 1335251623 \
      LB proc_common_v3_00_a PB proc_common_v3_00_a/proc_common_pkg 1365796995
AR proc_common_v3_00_a/down_counter/simulation 1365797050 \
      FL $XILINX/hw/XilinxProcessorIPLib/pcores/proc_common_v3_00_a/hdl/vhdl/down_counter.vhd \
      EN proc_common_v3_00_a/down_counter 1365797049
FL $XILINX/hw/XilinxProcessorIPLib/pcores/proc_common_v3_00_a/hdl/vhdl/dynshreg_f.vhd 2012/04/24.05:02:10 P.15xf
EN proc_common_v3_00_a/dynshreg_f 1365797006 \
      FL $XILINX/hw/XilinxProcessorIPLib/pcores/proc_common_v3_00_a/hdl/vhdl/dynshreg_f.vhd \
      PB ieee/std_logic_1164 1335251622 PB ieee/NUMERIC_STD 1335251627 \
      LB proc_common_v3_00_a PB proc_common_v3_00_a/proc_common_pkg 1365796995
AR proc_common_v3_00_a/dynshreg_f/behavioral 1365797007 \
      FL $XILINX/hw/XilinxProcessorIPLib/pcores/proc_common_v3_00_a/hdl/vhdl/dynshreg_f.vhd \
      EN proc_common_v3_00_a/dynshreg_f 1365797006 LB proc_common_v3_00_a \
      LB unisim CP bo2na_type CP natural CP integer CP std_logic_vector CP SRLC16E \
      CP SRLC32E CP proc_common_v3_00_a/muxf_struct_f CP dataType \
      PB proc_common_v3_00_a/family_support 1365796993
FL $XILINX/hw/XilinxProcessorIPLib/pcores/proc_common_v3_00_a/hdl/vhdl/dynshreg_i_f.vhd 2012/04/24.05:02:10 P.15xf
EN proc_common_v3_00_a/dynshreg_i_f 1365797089 \
      FL $XILINX/hw/XilinxProcessorIPLib/pcores/proc_common_v3_00_a/hdl/vhdl/dynshreg_i_f.vhd \
      PB ieee/std_logic_1164 1335251622 PB ieee/NUMERIC_STD 1335251627 \
      LB proc_common_v3_00_a PB proc_common_v3_00_a/proc_common_pkg 1365796995
AR proc_common_v3_00_a/dynshreg_i_f/behavioral 1365797090 \
      FL $XILINX/hw/XilinxProcessorIPLib/pcores/proc_common_v3_00_a/hdl/vhdl/dynshreg_i_f.vhd \
      EN proc_common_v3_00_a/dynshreg_i_f 1365797089 LB proc_common_v3_00_a \
      LB unisim CP bo2na_type CP natural CP integer CP std_logic_vector CP positive \
      CP bit_vector CP SRLC16E CP SRLC32E CP proc_common_v3_00_a/muxf_struct_f \
      CP dataType PB proc_common_v3_00_a/family_support 1365796993
FL $XILINX/hw/XilinxProcessorIPLib/pcores/proc_common_v3_00_a/hdl/vhdl/eval_timer.vhd 2012/04/24.05:02:10 P.15xf
EN proc_common_v3_00_a/eval_timer 1365797051 \
      FL $XILINX/hw/XilinxProcessorIPLib/pcores/proc_common_v3_00_a/hdl/vhdl/eval_timer.vhd \
      PB ieee/std_logic_1164 1335251622 LB unisim LB proc_common_v3_00_a \
      PB proc_common_v3_00_a/proc_common_pkg 1365796995
AR proc_common_v3_00_a/eval_timer/imp 1365797052 \
      FL $XILINX/hw/XilinxProcessorIPLib/pcores/proc_common_v3_00_a/hdl/vhdl/eval_timer.vhd \
      EN proc_common_v3_00_a/eval_timer 1365797051 CP Counter CP FDR CP FDRE
FL $XILINX/hw/XilinxProcessorIPLib/pcores/proc_common_v3_00_a/hdl/vhdl/family.vhd 2012/04/24.05:02:10 P.15xf
PH proc_common_v3_00_a/family 1365797018 \
      FL $XILINX/hw/XilinxProcessorIPLib/pcores/proc_common_v3_00_a/hdl/vhdl/family.vhd
PB proc_common_v3_00_a/family 1365797019 \
      FL $XILINX/hw/XilinxProcessorIPLib/pcores/proc_common_v3_00_a/hdl/vhdl/family.vhd \
      PH proc_common_v3_00_a/family 1365797018
FL $XILINX/hw/XilinxProcessorIPLib/pcores/proc_common_v3_00_a/hdl/vhdl/family_support.vhd 2012/04/24.05:02:10 P.15xf
PH proc_common_v3_00_a/family_support 1365796992 \
      FL $XILINX/hw/XilinxProcessorIPLib/pcores/proc_common_v3_00_a/hdl/vhdl/family_support.vhd
PB proc_common_v3_00_a/family_support 1365796993 \
      FL $XILINX/hw/XilinxProcessorIPLib/pcores/proc_common_v3_00_a/hdl/vhdl/family_support.vhd \
      PH proc_common_v3_00_a/family_support 1365796992
FL $XILINX/hw/XilinxProcessorIPLib/pcores/proc_common_v3_00_a/hdl/vhdl/inferred_lut4.vhd 2012/04/24.05:02:10 P.15xf
EN proc_common_v3_00_a/inferred_lut4 1365796996 \
      FL $XILINX/hw/XilinxProcessorIPLib/pcores/proc_common_v3_00_a/hdl/vhdl/inferred_lut4.vhd \
      PB ieee/std_logic_1164 1335251622 PB ieee/std_logic_arith 1335251623 \
      PB ieee/STD_LOGIC_UNSIGNED 1335251625
AR proc_common_v3_00_a/inferred_lut4/implementation 1365796997 \
      FL $XILINX/hw/XilinxProcessorIPLib/pcores/proc_common_v3_00_a/hdl/vhdl/inferred_lut4.vhd \
      EN proc_common_v3_00_a/inferred_lut4 1365796996
FL $XILINX/hw/XilinxProcessorIPLib/pcores/proc_common_v3_00_a/hdl/vhdl/ipif_mirror128.vhd 2012/04/24.05:02:10 P.15xf
EN proc_common_v3_00_a/ipif_mirror128 1365797057 \
      FL $XILINX/hw/XilinxProcessorIPLib/pcores/proc_common_v3_00_a/hdl/vhdl/ipif_mirror128.vhd \
      PB ieee/std_logic_1164 1335251622
AR proc_common_v3_00_a/ipif_mirror128/IMP 1365797058 \
      FL $XILINX/hw/XilinxProcessorIPLib/pcores/proc_common_v3_00_a/hdl/vhdl/ipif_mirror128.vhd \
      EN proc_common_v3_00_a/ipif_mirror128 1365797057 CP std_logic \
      CP std_logic_vector
FL $XILINX/hw/XilinxProcessorIPLib/pcores/proc_common_v3_00_a/hdl/vhdl/ipif_pkg.vhd 2012/04/24.05:02:10 P.15xf
PH proc_common_v3_00_a/ipif_pkg 1365797037 \
      FL $XILINX/hw/XilinxProcessorIPLib/pcores/proc_common_v3_00_a/hdl/vhdl/ipif_pkg.vhd \
      PB ieee/std_logic_1164 1335251622 PB ieee/std_logic_arith 1335251623 \
      PB ieee/STD_LOGIC_UNSIGNED 1335251625
PB proc_common_v3_00_a/ipif_pkg 1365797038 \
      FL $XILINX/hw/XilinxProcessorIPLib/pcores/proc_common_v3_00_a/hdl/vhdl/ipif_pkg.vhd \
      PH proc_common_v3_00_a/ipif_pkg 1365797037 LB proc_common_v3_00_a \
      PB proc_common_v3_00_a/proc_common_pkg 1365796995
FL $XILINX/hw/XilinxProcessorIPLib/pcores/proc_common_v3_00_a/hdl/vhdl/ipif_steer.vhd 2012/04/24.05:02:10 P.15xf
EN proc_common_v3_00_a/IPIF_Steer 1365797053 \
      FL $XILINX/hw/XilinxProcessorIPLib/pcores/proc_common_v3_00_a/hdl/vhdl/ipif_steer.vhd \
      PB ieee/std_logic_1164 1335251622
AR proc_common_v3_00_a/IPIF_Steer/IMP 1365797054 \
      FL $XILINX/hw/XilinxProcessorIPLib/pcores/proc_common_v3_00_a/hdl/vhdl/ipif_steer.vhd \
      EN proc_common_v3_00_a/IPIF_Steer 1365797053 CP std_logic \
      CP std_logic_vector
FL $XILINX/hw/XilinxProcessorIPLib/pcores/proc_common_v3_00_a/hdl/vhdl/ipif_steer128.vhd 2012/04/24.05:02:10 P.15xf
EN proc_common_v3_00_a/ipif_steer128 1365797055 \
      FL $XILINX/hw/XilinxProcessorIPLib/pcores/proc_common_v3_00_a/hdl/vhdl/ipif_steer128.vhd \
      PB ieee/std_logic_1164 1335251622
AR proc_common_v3_00_a/ipif_steer128/IMP 1365797056 \
      FL $XILINX/hw/XilinxProcessorIPLib/pcores/proc_common_v3_00_a/hdl/vhdl/ipif_steer128.vhd \
      EN proc_common_v3_00_a/ipif_steer128 1365797055 CP std_logic \
      CP std_logic_vector
FL $XILINX/hw/XilinxProcessorIPLib/pcores/proc_common_v3_00_a/hdl/vhdl/ld_arith_reg.vhd 2012/04/24.05:02:10 P.15xf
EN proc_common_v3_00_a/ld_arith_reg 1365797059 \
      FL $XILINX/hw/XilinxProcessorIPLib/pcores/proc_common_v3_00_a/hdl/vhdl/ld_arith_reg.vhd \
      PB ieee/std_logic_1164 1335251622
AR proc_common_v3_00_a/ld_arith_reg/imp 1365797060 \
      FL $XILINX/hw/XilinxProcessorIPLib/pcores/proc_common_v3_00_a/hdl/vhdl/ld_arith_reg.vhd \
      EN proc_common_v3_00_a/ld_arith_reg 1365797059 LB unisim PB ieee/NUMERIC_STD 1335251627 \
      CP std_logic CP MULT_AND CP MUXCY CP XORCY CP FDRE CP FDSE
FL $XILINX/hw/XilinxProcessorIPLib/pcores/proc_common_v3_00_a/hdl/vhdl/ld_arith_reg2.vhd 2012/04/24.05:02:10 P.15xf
EN proc_common_v3_00_a/ld_arith_reg2 1365797061 \
      FL $XILINX/hw/XilinxProcessorIPLib/pcores/proc_common_v3_00_a/hdl/vhdl/ld_arith_reg2.vhd \
      PB ieee/std_logic_1164 1335251622
AR proc_common_v3_00_a/ld_arith_reg2/imp 1365797062 \
      FL $XILINX/hw/XilinxProcessorIPLib/pcores/proc_common_v3_00_a/hdl/vhdl/ld_arith_reg2.vhd \
      EN proc_common_v3_00_a/ld_arith_reg2 1365797061 LB unisim \
      PB ieee/NUMERIC_STD 1335251627 CP std_logic CP MULT_AND CP MUXCY CP XORCY \
      CP FDRE CP FDSE
FL $XILINX/hw/XilinxProcessorIPLib/pcores/proc_common_v3_00_a/hdl/vhdl/muxf_struct_f.vhd 2012/04/24.05:02:10 P.15xf
EN proc_common_v3_00_a/muxf_struct 1365796998 \
      FL $XILINX/hw/XilinxProcessorIPLib/pcores/proc_common_v3_00_a/hdl/vhdl/muxf_struct_f.vhd \
      PB ieee/std_logic_1164 1335251622 LB proc_common_v3_00_a LB unisim \
      PB proc_common_v3_00_a/proc_common_pkg 1365796995 \
      PB proc_common_v3_00_a/family_support 1365796993
AR proc_common_v3_00_a/muxf_struct/imp 1365796999 \
      FL $XILINX/hw/XilinxProcessorIPLib/pcores/proc_common_v3_00_a/hdl/vhdl/muxf_struct_f.vhd \
      EN proc_common_v3_00_a/muxf_struct 1365796998 LB proc_common_v3_00_a \
      LB unisim CP natural CP boolean CP proc_common_v3_00_a/muxf_struct CP MUXF5_D \
      CP MUXF6_D CP MUXF7_D CP MUXF8_D CP std_logic
EN proc_common_v3_00_a/muxf_struct_f 1365797000 \
      FL $XILINX/hw/XilinxProcessorIPLib/pcores/proc_common_v3_00_a/hdl/vhdl/muxf_struct_f.vhd \
      PB ieee/std_logic_1164 1335251622 LB proc_common_v3_00_a \
      PB proc_common_v3_00_a/proc_common_pkg 1365796995
AR proc_common_v3_00_a/muxf_struct_f/imp 1365797001 \
      FL $XILINX/hw/XilinxProcessorIPLib/pcores/proc_common_v3_00_a/hdl/vhdl/muxf_struct_f.vhd \
      EN proc_common_v3_00_a/muxf_struct_f 1365797000 \
      CP proc_common_v3_00_a/muxf_struct
FL $XILINX/hw/XilinxProcessorIPLib/pcores/proc_common_v3_00_a/hdl/vhdl/mux_onehot.vhd 2012/04/24.05:02:10 P.15xf
EN proc_common_v3_00_a/mux_onehot 1365797063 \
      FL $XILINX/hw/XilinxProcessorIPLib/pcores/proc_common_v3_00_a/hdl/vhdl/mux_onehot.vhd \
      PB ieee/std_logic_1164 1335251622 LB unisim
AR proc_common_v3_00_a/mux_onehot/imp 1365797064 \
      FL $XILINX/hw/XilinxProcessorIPLib/pcores/proc_common_v3_00_a/hdl/vhdl/mux_onehot.vhd \
      EN proc_common_v3_00_a/mux_onehot 1365797063 CP MUXCY
FL $XILINX/hw/XilinxProcessorIPLib/pcores/proc_common_v3_00_a/hdl/vhdl/mux_onehot_f.vhd 2012/04/24.05:02:10 P.15xf
EN proc_common_v3_00_a/mux_onehot_f 1365797091 \
      FL $XILINX/hw/XilinxProcessorIPLib/pcores/proc_common_v3_00_a/hdl/vhdl/mux_onehot_f.vhd \
      PB ieee/std_logic_1164 1335251622 LB proc_common_v3_00_a \
      PB proc_common_v3_00_a/family_support 1365796993
AR proc_common_v3_00_a/mux_onehot_f/imp 1365797092 \
      FL $XILINX/hw/XilinxProcessorIPLib/pcores/proc_common_v3_00_a/hdl/vhdl/mux_onehot_f.vhd \
      EN proc_common_v3_00_a/mux_onehot_f 1365797091 LB unisim CP positive \
      CP std_logic_vector CP MUXCY
FL $XILINX/hw/XilinxProcessorIPLib/pcores/proc_common_v3_00_a/hdl/vhdl/or_gate.vhd 2012/04/24.05:02:10 P.15xf
EN proc_common_v3_00_a/or_gate 1365797065 \
      FL $XILINX/hw/XilinxProcessorIPLib/pcores/proc_common_v3_00_a/hdl/vhdl/or_gate.vhd \
      PB ieee/std_logic_1164 1335251622 PB ieee/std_logic_arith 1335251623 \
      PB ieee/STD_LOGIC_UNSIGNED 1335251625 LB proc_common_v3_00_a
AR proc_common_v3_00_a/or_gate/imp 1365797066 \
      FL $XILINX/hw/XilinxProcessorIPLib/pcores/proc_common_v3_00_a/hdl/vhdl/or_gate.vhd \
      EN proc_common_v3_00_a/or_gate 1365797065 CP std_logic_vector CP or_muxcy
FL $XILINX/hw/XilinxProcessorIPLib/pcores/proc_common_v3_00_a/hdl/vhdl/or_gate128.vhd 2012/04/24.05:02:10 P.15xf
EN proc_common_v3_00_a/or_gate128 1365797067 \
      FL $XILINX/hw/XilinxProcessorIPLib/pcores/proc_common_v3_00_a/hdl/vhdl/or_gate128.vhd \
      PB ieee/std_logic_1164 1335251622 PB ieee/std_logic_arith 1335251623 \
      PB ieee/STD_LOGIC_UNSIGNED 1335251625 LB proc_common_v3_00_a
AR proc_common_v3_00_a/or_gate128/imp 1365797068 \
      FL $XILINX/hw/XilinxProcessorIPLib/pcores/proc_common_v3_00_a/hdl/vhdl/or_gate128.vhd \
      EN proc_common_v3_00_a/or_gate128 1365797067 CP std_logic_vector CP or_muxcy
FL $XILINX/hw/XilinxProcessorIPLib/pcores/proc_common_v3_00_a/hdl/vhdl/or_muxcy.vhd 2012/04/24.05:02:10 P.15xf
EN proc_common_v3_00_a/or_muxcy 1365797026 \
      FL $XILINX/hw/XilinxProcessorIPLib/pcores/proc_common_v3_00_a/hdl/vhdl/or_muxcy.vhd \
      PB ieee/std_logic_1164 1335251622 LB unisim
AR proc_common_v3_00_a/or_muxcy/implementation 1365797027 \
      FL $XILINX/hw/XilinxProcessorIPLib/pcores/proc_common_v3_00_a/hdl/vhdl/or_muxcy.vhd \
      EN proc_common_v3_00_a/or_muxcy 1365797026 CP std_logic_vector CP MUXCY
FL $XILINX/hw/XilinxProcessorIPLib/pcores/proc_common_v3_00_a/hdl/vhdl/or_muxcy_f.vhd 2012/04/24.05:02:10 P.15xf
EN proc_common_v3_00_a/or_muxcy_f 1365797101 \
      FL $XILINX/hw/XilinxProcessorIPLib/pcores/proc_common_v3_00_a/hdl/vhdl/or_muxcy_f.vhd \
      PB ieee/std_logic_1164 1335251622
AR proc_common_v3_00_a/or_muxcy_f/implementation 1365797102 \
      FL $XILINX/hw/XilinxProcessorIPLib/pcores/proc_common_v3_00_a/hdl/vhdl/or_muxcy_f.vhd \
      EN proc_common_v3_00_a/or_muxcy_f 1365797101 LB proc_common_v3_00_a \
      LB unisim CP positive CP std_logic_vector CP std_logic CP MUXCY \
      PB proc_common_v3_00_a/family_support 1365796993
FL $XILINX/hw/XilinxProcessorIPLib/pcores/proc_common_v3_00_a/hdl/vhdl/or_with_enable_f.vhd 2012/04/24.05:02:10 P.15xf
EN proc_common_v3_00_a/or_with_enable_f 1365797087 \
      FL $XILINX/hw/XilinxProcessorIPLib/pcores/proc_common_v3_00_a/hdl/vhdl/or_with_enable_f.vhd \
      PB ieee/std_logic_1164 1335251622
AR proc_common_v3_00_a/or_with_enable_f/implementation 1365797088 \
      FL $XILINX/hw/XilinxProcessorIPLib/pcores/proc_common_v3_00_a/hdl/vhdl/or_with_enable_f.vhd \
      EN proc_common_v3_00_a/or_with_enable_f 1365797087 LB proc_common_v3_00_a \
      LB unisim CP positive CP std_logic_vector CP std_logic CP MUXCY \
      PB proc_common_v3_00_a/family_support 1365796993
FL $XILINX/hw/XilinxProcessorIPLib/pcores/proc_common_v3_00_a/hdl/vhdl/pf_adder.vhd 2012/04/24.05:02:10 P.15xf
EN proc_common_v3_00_a/pf_adder 1365797024 \
      FL $XILINX/hw/XilinxProcessorIPLib/pcores/proc_common_v3_00_a/hdl/vhdl/pf_adder.vhd \
      PB ieee/std_logic_1164 1335251622 LB unisim
AR proc_common_v3_00_a/pf_adder/implementation 1365797025 \
      FL $XILINX/hw/XilinxProcessorIPLib/pcores/proc_common_v3_00_a/hdl/vhdl/pf_adder.vhd \
      EN proc_common_v3_00_a/pf_adder 1365797024 CP pf_adder_bit
FL $XILINX/hw/XilinxProcessorIPLib/pcores/proc_common_v3_00_a/hdl/vhdl/pf_adder_bit.vhd 2012/04/24.05:02:10 P.15xf
EN proc_common_v3_00_a/pf_adder_bit 1365797008 \
      FL $XILINX/hw/XilinxProcessorIPLib/pcores/proc_common_v3_00_a/hdl/vhdl/pf_adder_bit.vhd \
      PB ieee/std_logic_1164 1335251622 LB unisim LB proc_common_v3_00_a \
      EN proc_common_v3_00_a/inferred_lut4 1365796996
AR proc_common_v3_00_a/pf_adder_bit/implementation 1365797009 \
      FL $XILINX/hw/XilinxProcessorIPLib/pcores/proc_common_v3_00_a/hdl/vhdl/pf_adder_bit.vhd \
      EN proc_common_v3_00_a/pf_adder_bit 1365797008 CP inferred_lut4 CP MUXCY \
      CP XORCY CP FDRE
FL $XILINX/hw/XilinxProcessorIPLib/pcores/proc_common_v3_00_a/hdl/vhdl/pf_counter.vhd 2012/04/24.05:02:10 P.15xf
EN proc_common_v3_00_a/pf_counter 1365797010 \
      FL $XILINX/hw/XilinxProcessorIPLib/pcores/proc_common_v3_00_a/hdl/vhdl/pf_counter.vhd \
      PB ieee/std_logic_1164 1335251622 LB unisim PH unisim/VCOMPONENTS 1335251629 \
      LB proc_common_v3_00_a EN proc_common_v3_00_a/pf_counter_bit 1365797002
AR proc_common_v3_00_a/pf_counter/implementation 1365797011 \
      FL $XILINX/hw/XilinxProcessorIPLib/pcores/proc_common_v3_00_a/hdl/vhdl/pf_counter.vhd \
      EN proc_common_v3_00_a/pf_counter 1365797010 \
      CP proc_common_v3_00_a/pf_counter_bit CP FDRE
FL $XILINX/hw/XilinxProcessorIPLib/pcores/proc_common_v3_00_a/hdl/vhdl/pf_counter_bit.vhd 2012/04/24.05:02:10 P.15xf
EN proc_common_v3_00_a/pf_counter_bit 1365797002 \
      FL $XILINX/hw/XilinxProcessorIPLib/pcores/proc_common_v3_00_a/hdl/vhdl/pf_counter_bit.vhd \
      PB ieee/std_logic_1164 1335251622 LB unisim LB proc_common_v3_00_a \
      EN proc_common_v3_00_a/inferred_lut4 1365796996
AR proc_common_v3_00_a/pf_counter_bit/implementation 1365797003 \
      FL $XILINX/hw/XilinxProcessorIPLib/pcores/proc_common_v3_00_a/hdl/vhdl/pf_counter_bit.vhd \
      EN proc_common_v3_00_a/pf_counter_bit 1365797002 CP inferred_lut4 CP MUXCY \
      CP XORCY CP FDRE
FL $XILINX/hw/XilinxProcessorIPLib/pcores/proc_common_v3_00_a/hdl/vhdl/pf_counter_top.vhd 2012/04/24.05:02:10 P.15xf
EN proc_common_v3_00_a/pf_counter_top 1365797022 \
      FL $XILINX/hw/XilinxProcessorIPLib/pcores/proc_common_v3_00_a/hdl/vhdl/pf_counter_top.vhd \
      PB ieee/std_logic_1164 1335251622 LB unisim PH unisim/VCOMPONENTS 1335251629 \
      LB proc_common_v3_00_a EN proc_common_v3_00_a/pf_counter 1365797010
AR proc_common_v3_00_a/pf_counter_top/implementation 1365797023 \
      FL $XILINX/hw/XilinxProcessorIPLib/pcores/proc_common_v3_00_a/hdl/vhdl/pf_counter_top.vhd \
      EN proc_common_v3_00_a/pf_counter_top 1365797022 \
      CP proc_common_v3_00_a/pf_counter
FL $XILINX/hw/XilinxProcessorIPLib/pcores/proc_common_v3_00_a/hdl/vhdl/pf_dpram_select.vhd 2012/04/24.05:02:10 P.15xf
EN proc_common_v3_00_a/pf_dpram_select 1365797069 \
      FL $XILINX/hw/XilinxProcessorIPLib/pcores/proc_common_v3_00_a/hdl/vhdl/pf_dpram_select.vhd \
      PB ieee/std_logic_1164 1335251622 PB ieee/NUMERIC_STD 1335251627 LB unisim
AR proc_common_v3_00_a/pf_dpram_select/implementation 1365797070 \
      FL $XILINX/hw/XilinxProcessorIPLib/pcores/proc_common_v3_00_a/hdl/vhdl/pf_dpram_select.vhd \
      EN proc_common_v3_00_a/pf_dpram_select 1365797069 CP in CP out CP integer \
      CP dbus_slice_array CP pdbus_slice_array CP std_logic_vector CP std_logic \
      CP RAMB16_S36_S36 CP RAMB16_S18_S18 CP RAMB16_S9_S9 CP RAMB16_S4_S4 \
      CP RAMB16_S2_S2 CP RAMB16_S1_S1 CP RAMB4_S1_S1 CP RAMB4_S2_S2 CP RAMB4_S4_S4 \
      CP RAMB4_S8_S8 CP RAMB4_S16_S16
FL $XILINX/hw/XilinxProcessorIPLib/pcores/proc_common_v3_00_a/hdl/vhdl/pf_occ_counter.vhd 2012/04/24.05:02:10 P.15xf
EN proc_common_v3_00_a/pf_occ_counter 1365797012 \
      FL $XILINX/hw/XilinxProcessorIPLib/pcores/proc_common_v3_00_a/hdl/vhdl/pf_occ_counter.vhd \
      PB ieee/std_logic_1164 1335251622 LB unisim PH unisim/VCOMPONENTS 1335251629 \
      LB proc_common_v3_00_a EN proc_common_v3_00_a/pf_counter_bit 1365797002
AR proc_common_v3_00_a/pf_occ_counter/implementation 1365797013 \
      FL $XILINX/hw/XilinxProcessorIPLib/pcores/proc_common_v3_00_a/hdl/vhdl/pf_occ_counter.vhd \
      EN proc_common_v3_00_a/pf_occ_counter 1365797012 CP MUXCY \
      CP proc_common_v3_00_a/pf_counter_bit
FL $XILINX/hw/XilinxProcessorIPLib/pcores/proc_common_v3_00_a/hdl/vhdl/pf_occ_counter_top.vhd 2012/04/24.05:02:10 P.15xf
EN proc_common_v3_00_a/pf_occ_counter_top 1365797020 \
      FL $XILINX/hw/XilinxProcessorIPLib/pcores/proc_common_v3_00_a/hdl/vhdl/pf_occ_counter_top.vhd \
      PB ieee/std_logic_1164 1335251622 LB unisim PH unisim/VCOMPONENTS 1335251629 \
      LB proc_common_v3_00_a EN proc_common_v3_00_a/pf_occ_counter 1365797012
AR proc_common_v3_00_a/pf_occ_counter_top/implementation 1365797021 \
      FL $XILINX/hw/XilinxProcessorIPLib/pcores/proc_common_v3_00_a/hdl/vhdl/pf_occ_counter_top.vhd \
      EN proc_common_v3_00_a/pf_occ_counter_top 1365797020 \
      CP proc_common_v3_00_a/pf_occ_counter
FL $XILINX/hw/XilinxProcessorIPLib/pcores/proc_common_v3_00_a/hdl/vhdl/proc_common_pkg.vhd 2012/04/24.05:02:10 P.15xf
PH proc_common_v3_00_a/proc_common_pkg 1365796994 \
      FL $XILINX/hw/XilinxProcessorIPLib/pcores/proc_common_v3_00_a/hdl/vhdl/proc_common_pkg.vhd \
      PB ieee/std_logic_1164 1335251622 PB ieee/std_logic_arith 1335251623 \
      PB ieee/STD_LOGIC_UNSIGNED 1335251625
PB proc_common_v3_00_a/proc_common_pkg 1365796995 \
      FL $XILINX/hw/XilinxProcessorIPLib/pcores/proc_common_v3_00_a/hdl/vhdl/proc_common_pkg.vhd \
      PH proc_common_v3_00_a/proc_common_pkg 1365796994
FL $XILINX/hw/XilinxProcessorIPLib/pcores/proc_common_v3_00_a/hdl/vhdl/pselect.vhd 2012/04/24.05:02:10 P.15xf
EN proc_common_v3_00_a/pselect 1365797071 \
      FL $XILINX/hw/XilinxProcessorIPLib/pcores/proc_common_v3_00_a/hdl/vhdl/pselect.vhd \
      PB ieee/std_logic_1164 1335251622 PB ieee/std_logic_arith 1335251623 \
      PB ieee/STD_LOGIC_UNSIGNED 1335251625 LB unisim
AR proc_common_v3_00_a/pselect/imp 1365797072 \
      FL $XILINX/hw/XilinxProcessorIPLib/pcores/proc_common_v3_00_a/hdl/vhdl/pselect.vhd \
      EN proc_common_v3_00_a/pselect 1365797071 CP std_logic_vector CP MUXCY
FL $XILINX/hw/XilinxProcessorIPLib/pcores/proc_common_v3_00_a/hdl/vhdl/pselect_f.vhd 2012/04/24.05:02:10 P.15xf
EN proc_common_v3_00_a/pselect_f 1365797097 \
      FL $XILINX/hw/XilinxProcessorIPLib/pcores/proc_common_v3_00_a/hdl/vhdl/pselect_f.vhd \
      PB ieee/std_logic_1164 1335251622 LB unisim LB proc_common_v3_00_a \
      PB proc_common_v3_00_a/family_support 1365796993
AR proc_common_v3_00_a/pselect_f/imp 1365797098 \
      FL $XILINX/hw/XilinxProcessorIPLib/pcores/proc_common_v3_00_a/hdl/vhdl/pselect_f.vhd \
      EN proc_common_v3_00_a/pselect_f 1365797097 CP integer CP std_logic_vector \
      CP natural CP positive CP MUXCY
FL $XILINX/hw/XilinxProcessorIPLib/pcores/proc_common_v3_00_a/hdl/vhdl/pselect_mask.vhd 2012/04/24.05:02:10 P.15xf
EN proc_common_v3_00_a/pselect_mask 1365797073 \
      FL $XILINX/hw/XilinxProcessorIPLib/pcores/proc_common_v3_00_a/hdl/vhdl/pselect_mask.vhd \
      PB ieee/std_logic_1164 1335251622 PB ieee/std_logic_arith 1335251623 \
      PB ieee/STD_LOGIC_UNSIGNED 1335251625 LB unisim
AR proc_common_v3_00_a/pselect_mask/imp 1365797074 \
      FL $XILINX/hw/XilinxProcessorIPLib/pcores/proc_common_v3_00_a/hdl/vhdl/pselect_mask.vhd \
      EN proc_common_v3_00_a/pselect_mask 1365797073 LB unisim
FL $XILINX/hw/XilinxProcessorIPLib/pcores/proc_common_v3_00_a/hdl/vhdl/soft_reset.vhd 2012/04/24.05:02:10 P.15xf
EN proc_common_v3_00_a/soft_reset 1365797103 \
      FL $XILINX/hw/XilinxProcessorIPLib/pcores/proc_common_v3_00_a/hdl/vhdl/soft_reset.vhd \
      PB ieee/std_logic_1164 1335251622 PB ieee/NUMERIC_STD 1335251627 LB unisim \
      PH unisim/VCOMPONENTS 1335251629
AR proc_common_v3_00_a/soft_reset/implementation 1365797104 \
      FL $XILINX/hw/XilinxProcessorIPLib/pcores/proc_common_v3_00_a/hdl/vhdl/soft_reset.vhd \
      EN proc_common_v3_00_a/soft_reset 1365797103 CP FDRSE
FL $XILINX/hw/XilinxProcessorIPLib/pcores/proc_common_v3_00_a/hdl/vhdl/srl16_fifo.vhd 2012/04/24.05:02:10 P.15xf
EN proc_common_v3_00_a/srl16_fifo 1365797075 \
      FL $XILINX/hw/XilinxProcessorIPLib/pcores/proc_common_v3_00_a/hdl/vhdl/srl16_fifo.vhd \
      LB unisim PH unisim/VCOMPONENTS 1335251629 LB proc_common_v3_00_a \
      PB ieee/std_logic_1164 1335251622 PB ieee/std_logic_arith 1335251623 \
      PB ieee/STD_LOGIC_UNSIGNED 1335251625 EN proc_common_v3_00_a/pf_adder 1365797024 \
      EN proc_common_v3_00_a/pf_counter_top 1365797022 \
      EN proc_common_v3_00_a/pf_occ_counter_top 1365797020
AR proc_common_v3_00_a/srl16_fifo/implementation 1365797076 \
      FL $XILINX/hw/XilinxProcessorIPLib/pcores/proc_common_v3_00_a/hdl/vhdl/srl16_fifo.vhd \
      EN proc_common_v3_00_a/srl16_fifo 1365797075 \
      CP proc_common_v3_00_a/pf_occ_counter_top \
      CP proc_common_v3_00_a/pf_counter_top CP SRL16E CP boolean CP integer \
      CP std_logic_vector CP proc_common_v3_00_a/pf_adder
FL $XILINX/hw/XilinxProcessorIPLib/pcores/proc_common_v3_00_a/hdl/vhdl/srl_fifo.vhd 2012/04/24.05:02:10 P.15xf
EN proc_common_v3_00_a/SRL_FIFO 1365797077 \
      FL $XILINX/hw/XilinxProcessorIPLib/pcores/proc_common_v3_00_a/hdl/vhdl/srl_fifo.vhd \
      PB ieee/std_logic_1164 1335251622 LB unisim
AR proc_common_v3_00_a/SRL_FIFO/IMP 1365797078 \
      FL $XILINX/hw/XilinxProcessorIPLib/pcores/proc_common_v3_00_a/hdl/vhdl/srl_fifo.vhd \
      EN proc_common_v3_00_a/SRL_FIFO 1365797077 CP FDR CP MUXCY_L CP XORCY CP FDRE \
      CP SRL16E
FL $XILINX/hw/XilinxProcessorIPLib/pcores/proc_common_v3_00_a/hdl/vhdl/srl_fifo2.vhd 2012/04/24.05:02:10 P.15xf
EN proc_common_v3_00_a/srl_fifo2 1365797079 \
      FL $XILINX/hw/XilinxProcessorIPLib/pcores/proc_common_v3_00_a/hdl/vhdl/srl_fifo2.vhd \
      LB unisim PB ieee/std_logic_1164 1335251622 PB ieee/std_logic_arith 1335251623
AR proc_common_v3_00_a/srl_fifo2/imp 1365797080 \
      FL $XILINX/hw/XilinxProcessorIPLib/pcores/proc_common_v3_00_a/hdl/vhdl/srl_fifo2.vhd \
      EN proc_common_v3_00_a/srl_fifo2 1365797079 CP FDR CP MUXCY_L CP XORCY CP FDRE \
      CP SRL16E
FL $XILINX/hw/XilinxProcessorIPLib/pcores/proc_common_v3_00_a/hdl/vhdl/srl_fifo3.vhd 2012/04/24.05:02:10 P.15xf
EN proc_common_v3_00_a/srl_fifo3 1365797081 \
      FL $XILINX/hw/XilinxProcessorIPLib/pcores/proc_common_v3_00_a/hdl/vhdl/srl_fifo3.vhd \
      PB ieee/std_logic_1164 1335251622 PB ieee/std_logic_arith 1335251623 \
      PB ieee/STD_LOGIC_UNSIGNED 1335251625 PB ieee/NUMERIC_STD 1335251627 \
      LB proc_common_v3_00_a LB unisim PH unisim/VCOMPONENTS 1335251629 \
      PB proc_common_v3_00_a/family 1365797019
AR proc_common_v3_00_a/srl_fifo3/imp 1365797082 \
      FL $XILINX/hw/XilinxProcessorIPLib/pcores/proc_common_v3_00_a/hdl/vhdl/srl_fifo3.vhd \
      EN proc_common_v3_00_a/srl_fifo3 1365797081 CP std_logic_vector CP std_logic \
      CP in CP out CP FDR CP MUXCY_L CP XORCY CP FDRE CP SRL16E CP bit_vector CP LUT3 \
      CP SRLC16E CP MUXF5 CP MUXF6
FL $XILINX/hw/XilinxProcessorIPLib/pcores/proc_common_v3_00_a/hdl/vhdl/srl_fifo_f.vhd 2012/04/24.05:02:10 P.15xf
EN proc_common_v3_00_a/srl_fifo_f 1365797093 \
      FL $XILINX/hw/XilinxProcessorIPLib/pcores/proc_common_v3_00_a/hdl/vhdl/srl_fifo_f.vhd \
      PB ieee/std_logic_1164 1335251622 LB proc_common_v3_00_a \
      PB proc_common_v3_00_a/proc_common_pkg 1365796995
AR proc_common_v3_00_a/srl_fifo_f/imp 1365797094 \
      FL $XILINX/hw/XilinxProcessorIPLib/pcores/proc_common_v3_00_a/hdl/vhdl/srl_fifo_f.vhd \
      EN proc_common_v3_00_a/srl_fifo_f 1365797093 LB proc_common_v3_00_a \
      CP proc_common_v3_00_a/srl_fifo_rbu_f \
      PB proc_common_v3_00_a/proc_common_pkg 1365796995
FL $XILINX/hw/XilinxProcessorIPLib/pcores/proc_common_v3_00_a/hdl/vhdl/srl_fifo_rbu.vhd 2012/04/24.05:02:10 P.15xf
EN proc_common_v3_00_a/srl_fifo_rbu 1365797083 \
      FL $XILINX/hw/XilinxProcessorIPLib/pcores/proc_common_v3_00_a/hdl/vhdl/srl_fifo_rbu.vhd \
      LB unisim LB proc_common_v3_00_a PB ieee/std_logic_1164 1335251622 \
      PB ieee/NUMERIC_STD 1335251627 PB proc_common_v3_00_a/proc_common_pkg 1365796995
AR proc_common_v3_00_a/srl_fifo_rbu/imp 1365797084 \
      FL $XILINX/hw/XilinxProcessorIPLib/pcores/proc_common_v3_00_a/hdl/vhdl/srl_fifo_rbu.vhd \
      EN proc_common_v3_00_a/srl_fifo_rbu 1365797083 CP MUXCY_L CP XORCY CP FDS \
      CP SRL16E
FL $XILINX/hw/XilinxProcessorIPLib/pcores/proc_common_v3_00_a/hdl/vhdl/srl_fifo_rbu_f.vhd 2012/04/24.05:02:10 P.15xf
EN proc_common_v3_00_a/srl_fifo_rbu_f 1365797016 \
      FL $XILINX/hw/XilinxProcessorIPLib/pcores/proc_common_v3_00_a/hdl/vhdl/srl_fifo_rbu_f.vhd \
      PB ieee/std_logic_1164 1335251622 PB ieee/NUMERIC_STD 1335251627 \
      LB proc_common_v3_00_a PB proc_common_v3_00_a/proc_common_pkg 1365796995
AR proc_common_v3_00_a/srl_fifo_rbu_f/imp 1365797017 \
      FL $XILINX/hw/XilinxProcessorIPLib/pcores/proc_common_v3_00_a/hdl/vhdl/srl_fifo_rbu_f.vhd \
      EN proc_common_v3_00_a/srl_fifo_rbu_f 1365797016 \
      CP proc_common_v3_00_a/cntr_incr_decr_addn_f \
      CP proc_common_v3_00_a/dynshreg_f
FL $XILINX/hw/XilinxProcessorIPLib/pcores/proc_common_v3_00_a/hdl/vhdl/sync_fifo_fg.vhd 2012/04/24.05:02:10 P.15xf
EN proc_common_v3_00_a/sync_fifo_fg 1365797041 \
      FL $XILINX/hw/XilinxProcessorIPLib/pcores/proc_common_v3_00_a/hdl/vhdl/sync_fifo_fg.vhd \
      PB ieee/std_logic_1164 1335251622 PB ieee/NUMERIC_STD 1335251627 \
      LB proc_common_v3_00_a PH proc_common_v3_00_a/coregen_comp_defs 1365797030 \
      PB proc_common_v3_00_a/proc_common_pkg 1365796995 \
      PB proc_common_v3_00_a/family_support 1365796993
AR proc_common_v3_00_a/sync_fifo_fg/implementation 1365797042 \
      FL $XILINX/hw/XilinxProcessorIPLib/pcores/proc_common_v3_00_a/hdl/vhdl/sync_fifo_fg.vhd \
      EN proc_common_v3_00_a/sync_fifo_fg 1365797041 CP fifo_generator_v4_3 \
      CP fifo_generator_v8_3
FL $XILINX/hw/XilinxProcessorIPLib/pcores/proc_common_v3_00_a/hdl/vhdl/valid_be.vhd 2012/04/24.05:02:10 P.15xf
EN proc_common_v3_00_a/valid_be 1365797085 \
      FL $XILINX/hw/XilinxProcessorIPLib/pcores/proc_common_v3_00_a/hdl/vhdl/valid_be.vhd \
      PB ieee/std_logic_1164 1335251622 PB ieee/std_logic_arith 1335251623 \
      PB ieee/STD_LOGIC_SIGNED 1335251624 LB proc_common_v3_00_a \
      PB proc_common_v3_00_a/proc_common_pkg 1365796995
AR proc_common_v3_00_a/valid_be/implementation 1365797086 \
      FL $XILINX/hw/XilinxProcessorIPLib/pcores/proc_common_v3_00_a/hdl/vhdl/valid_be.vhd \
      EN proc_common_v3_00_a/valid_be 1365797085
