EN system_fft_coprocessor_0_to_microblaze_0_wrapper NULL /home/cc/cs150/sp13/class/cs150-ac/microblaze_fft/synthesis/parallel_run/hdl/system_fft_coprocessor_0_to_microblaze_0_wrapper.vhd sub00/vhpl00 1365720266
AR system_fft_coprocessor_0_to_microblaze_0_wrapper structure /home/cc/cs150/sp13/class/cs150-ac/microblaze_fft/synthesis/parallel_run/hdl/system_fft_coprocessor_0_to_microblaze_0_wrapper.vhd sub00/vhpl01 1365720267
