V3 6
FL /home/cc/cs150/sp13/class/cs150-ac/microblaze_fft/synthesis/parallel_run/hdl/system_fft_coprocessor_0_to_microblaze_0_wrapper.vhd 2013/04/12.16:02:51 P.15xf
EN work/system_fft_coprocessor_0_to_microblaze_0_wrapper 1365797529 \
      FL /home/cc/cs150/sp13/class/cs150-ac/microblaze_fft/synthesis/parallel_run/hdl/system_fft_coprocessor_0_to_microblaze_0_wrapper.vhd \
      PB ieee/std_logic_1164 1335251622 LB UNISIM PH unisim/VCOMPONENTS 1335251629 \
      LB fsl_v20_v2_11_e
AR work/system_fft_coprocessor_0_to_microblaze_0_wrapper/STRUCTURE 1365797530 \
      FL /home/cc/cs150/sp13/class/cs150-ac/microblaze_fft/synthesis/parallel_run/hdl/system_fft_coprocessor_0_to_microblaze_0_wrapper.vhd \
      EN work/system_fft_coprocessor_0_to_microblaze_0_wrapper 1365797529 \
      CP fsl_v20
