EN system_mb_plb_wrapper NULL /home/cc/cs150/sp13/class/cs150-ac/microblaze_fft/synthesis/parallel_run/hdl/system_mb_plb_wrapper.vhd sub00/vhpl00 1365797147
AR system_mb_plb_wrapper structure /home/cc/cs150/sp13/class/cs150-ac/microblaze_fft/synthesis/parallel_run/hdl/system_mb_plb_wrapper.vhd sub00/vhpl01 1365797148
