EN clock_generator NULL /home/cc/cs150/sp13/class/cs150-ac/microblaze_fft/hdl/elaborate/clock_generator_0_v4_03_a/hdl/vhdl/clock_generator.vhd sub00/vhpl00 1365720229
AR clock_generator structure /home/cc/cs150/sp13/class/cs150-ac/microblaze_fft/hdl/elaborate/clock_generator_0_v4_03_a/hdl/vhdl/clock_generator.vhd sub00/vhpl01 1365720230
