V3 6
FL /home/cc/cs150/sp13/class/cs150-ac/microblaze_fft/synthesis/parallel_run/hdl/system_rs232_uart_1_wrapper.vhd 2013/04/12.16:02:51 P.15xf
EN work/system_rs232_uart_1_wrapper 1365797420 \
      FL /home/cc/cs150/sp13/class/cs150-ac/microblaze_fft/synthesis/parallel_run/hdl/system_rs232_uart_1_wrapper.vhd \
      PB ieee/std_logic_1164 1335251622 LB UNISIM PH unisim/VCOMPONENTS 1335251629 \
      LB xps_uartlite_v1_02_a
AR work/system_rs232_uart_1_wrapper/STRUCTURE 1365797421 \
      FL /home/cc/cs150/sp13/class/cs150-ac/microblaze_fft/synthesis/parallel_run/hdl/system_rs232_uart_1_wrapper.vhd \
      EN work/system_rs232_uart_1_wrapper 1365797420 CP xps_uartlite
