EN async_fifo NULL /opt/Xilinx/14.1/ISE_DS/EDK/hw/XilinxProcessorIPLib/pcores/fsl_v20_v2_11_e/hdl/vhdl/async_fifo.vhd sub00/vhpl08 1365720260
EN sync_bram NULL /opt/Xilinx/14.1/ISE_DS/EDK/hw/XilinxProcessorIPLib/pcores/fsl_v20_v2_11_e/hdl/vhdl/gen_sync_bram.vhd sub00/vhpl04 1365720256
AR async_fifo vhdl_rtl /opt/Xilinx/14.1/ISE_DS/EDK/hw/XilinxProcessorIPLib/pcores/fsl_v20_v2_11_e/hdl/vhdl/async_fifo.vhd sub00/vhpl09 1365720261
AR fsl_v20 imp /opt/Xilinx/14.1/ISE_DS/EDK/hw/XilinxProcessorIPLib/pcores/fsl_v20_v2_11_e/hdl/vhdl/fsl_v20.vhd sub00/vhpl13 1365720265
EN sync_dpram NULL /opt/Xilinx/14.1/ISE_DS/EDK/hw/XilinxProcessorIPLib/pcores/fsl_v20_v2_11_e/hdl/vhdl/gen_sync_dpram.vhd sub00/vhpl02 1365720254
AR async_fifo_bram imp /opt/Xilinx/14.1/ISE_DS/EDK/hw/XilinxProcessorIPLib/pcores/fsl_v20_v2_11_e/hdl/vhdl/async_fifo_bram.vhd sub00/vhpl11 1365720263
AR sync_fifo vhdl_rtl /opt/Xilinx/14.1/ISE_DS/EDK/hw/XilinxProcessorIPLib/pcores/fsl_v20_v2_11_e/hdl/vhdl/sync_fifo.vhd sub00/vhpl07 1365720259
AR sync_bram syn /opt/Xilinx/14.1/ISE_DS/EDK/hw/XilinxProcessorIPLib/pcores/fsl_v20_v2_11_e/hdl/vhdl/gen_sync_bram.vhd sub00/vhpl05 1365720257
EN srl_fifo NULL /opt/Xilinx/14.1/ISE_DS/EDK/hw/XilinxProcessorIPLib/pcores/fsl_v20_v2_11_e/hdl/vhdl/gen_srlfifo.vhd sub00/vhpl00 1365720252
EN sync_fifo NULL /opt/Xilinx/14.1/ISE_DS/EDK/hw/XilinxProcessorIPLib/pcores/fsl_v20_v2_11_e/hdl/vhdl/sync_fifo.vhd sub00/vhpl06 1365720258
AR sync_dpram syn /opt/Xilinx/14.1/ISE_DS/EDK/hw/XilinxProcessorIPLib/pcores/fsl_v20_v2_11_e/hdl/vhdl/gen_sync_dpram.vhd sub00/vhpl03 1365720255
AR srl_fifo imp /opt/Xilinx/14.1/ISE_DS/EDK/hw/XilinxProcessorIPLib/pcores/fsl_v20_v2_11_e/hdl/vhdl/gen_srlfifo.vhd sub00/vhpl01 1365720253
EN async_fifo_bram NULL /opt/Xilinx/14.1/ISE_DS/EDK/hw/XilinxProcessorIPLib/pcores/fsl_v20_v2_11_e/hdl/vhdl/async_fifo_bram.vhd sub00/vhpl10 1365720262
EN fsl_v20 NULL /opt/Xilinx/14.1/ISE_DS/EDK/hw/XilinxProcessorIPLib/pcores/fsl_v20_v2_11_e/hdl/vhdl/fsl_v20.vhd sub00/vhpl12 1365720264
