EN async_fifo NULL /opt/Xilinx/14.1/ISE_DS/EDK/hw/XilinxProcessorIPLib/pcores/fsl_v20_v2_11_e/hdl/vhdl/async_fifo.vhd sub00/vhpl08 1365797523
EN sync_bram NULL /opt/Xilinx/14.1/ISE_DS/EDK/hw/XilinxProcessorIPLib/pcores/fsl_v20_v2_11_e/hdl/vhdl/gen_sync_bram.vhd sub00/vhpl04 1365797519
AR async_fifo vhdl_rtl /opt/Xilinx/14.1/ISE_DS/EDK/hw/XilinxProcessorIPLib/pcores/fsl_v20_v2_11_e/hdl/vhdl/async_fifo.vhd sub00/vhpl09 1365797524
AR fsl_v20 imp /opt/Xilinx/14.1/ISE_DS/EDK/hw/XilinxProcessorIPLib/pcores/fsl_v20_v2_11_e/hdl/vhdl/fsl_v20.vhd sub00/vhpl13 1365797528
EN sync_dpram NULL /opt/Xilinx/14.1/ISE_DS/EDK/hw/XilinxProcessorIPLib/pcores/fsl_v20_v2_11_e/hdl/vhdl/gen_sync_dpram.vhd sub00/vhpl02 1365797517
AR async_fifo_bram imp /opt/Xilinx/14.1/ISE_DS/EDK/hw/XilinxProcessorIPLib/pcores/fsl_v20_v2_11_e/hdl/vhdl/async_fifo_bram.vhd sub00/vhpl11 1365797526
AR sync_fifo vhdl_rtl /opt/Xilinx/14.1/ISE_DS/EDK/hw/XilinxProcessorIPLib/pcores/fsl_v20_v2_11_e/hdl/vhdl/sync_fifo.vhd sub00/vhpl07 1365797522
AR sync_bram syn /opt/Xilinx/14.1/ISE_DS/EDK/hw/XilinxProcessorIPLib/pcores/fsl_v20_v2_11_e/hdl/vhdl/gen_sync_bram.vhd sub00/vhpl05 1365797520
EN srl_fifo NULL /opt/Xilinx/14.1/ISE_DS/EDK/hw/XilinxProcessorIPLib/pcores/fsl_v20_v2_11_e/hdl/vhdl/gen_srlfifo.vhd sub00/vhpl00 1365797515
EN sync_fifo NULL /opt/Xilinx/14.1/ISE_DS/EDK/hw/XilinxProcessorIPLib/pcores/fsl_v20_v2_11_e/hdl/vhdl/sync_fifo.vhd sub00/vhpl06 1365797521
AR sync_dpram syn /opt/Xilinx/14.1/ISE_DS/EDK/hw/XilinxProcessorIPLib/pcores/fsl_v20_v2_11_e/hdl/vhdl/gen_sync_dpram.vhd sub00/vhpl03 1365797518
AR srl_fifo imp /opt/Xilinx/14.1/ISE_DS/EDK/hw/XilinxProcessorIPLib/pcores/fsl_v20_v2_11_e/hdl/vhdl/gen_srlfifo.vhd sub00/vhpl01 1365797516
EN async_fifo_bram NULL /opt/Xilinx/14.1/ISE_DS/EDK/hw/XilinxProcessorIPLib/pcores/fsl_v20_v2_11_e/hdl/vhdl/async_fifo_bram.vhd sub00/vhpl10 1365797525
EN fsl_v20 NULL /opt/Xilinx/14.1/ISE_DS/EDK/hw/XilinxProcessorIPLib/pcores/fsl_v20_v2_11_e/hdl/vhdl/fsl_v20.vhd sub00/vhpl12 1365797527
