EN system_clock_generator_0_wrapper NULL /home/cc/cs150/sp13/class/cs150-ac/microblaze_fft/synthesis/parallel_run/hdl/system_clock_generator_0_wrapper.vhd sub00/vhpl00 1365720231
AR system_clock_generator_0_wrapper structure /home/cc/cs150/sp13/class/cs150-ac/microblaze_fft/synthesis/parallel_run/hdl/system_clock_generator_0_wrapper.vhd sub00/vhpl01 1365720232
