EN async_fifo NULL /opt/Xilinx/14.1/ISE_DS/EDK/hw/XilinxProcessorIPLib/pcores/fsl_v20_v2_11_e/hdl/vhdl/async_fifo.vhd sub00/vhpl08 1365800829
EN sync_bram NULL /opt/Xilinx/14.1/ISE_DS/EDK/hw/XilinxProcessorIPLib/pcores/fsl_v20_v2_11_e/hdl/vhdl/gen_sync_bram.vhd sub00/vhpl04 1365800825
AR async_fifo vhdl_rtl /opt/Xilinx/14.1/ISE_DS/EDK/hw/XilinxProcessorIPLib/pcores/fsl_v20_v2_11_e/hdl/vhdl/async_fifo.vhd sub00/vhpl09 1365800830
AR fsl_v20 imp /opt/Xilinx/14.1/ISE_DS/EDK/hw/XilinxProcessorIPLib/pcores/fsl_v20_v2_11_e/hdl/vhdl/fsl_v20.vhd sub00/vhpl13 1365800834
EN sync_dpram NULL /opt/Xilinx/14.1/ISE_DS/EDK/hw/XilinxProcessorIPLib/pcores/fsl_v20_v2_11_e/hdl/vhdl/gen_sync_dpram.vhd sub00/vhpl02 1365800823
AR async_fifo_bram imp /opt/Xilinx/14.1/ISE_DS/EDK/hw/XilinxProcessorIPLib/pcores/fsl_v20_v2_11_e/hdl/vhdl/async_fifo_bram.vhd sub00/vhpl11 1365800832
AR sync_fifo vhdl_rtl /opt/Xilinx/14.1/ISE_DS/EDK/hw/XilinxProcessorIPLib/pcores/fsl_v20_v2_11_e/hdl/vhdl/sync_fifo.vhd sub00/vhpl07 1365800828
AR sync_bram syn /opt/Xilinx/14.1/ISE_DS/EDK/hw/XilinxProcessorIPLib/pcores/fsl_v20_v2_11_e/hdl/vhdl/gen_sync_bram.vhd sub00/vhpl05 1365800826
EN srl_fifo NULL /opt/Xilinx/14.1/ISE_DS/EDK/hw/XilinxProcessorIPLib/pcores/fsl_v20_v2_11_e/hdl/vhdl/gen_srlfifo.vhd sub00/vhpl00 1365800821
EN sync_fifo NULL /opt/Xilinx/14.1/ISE_DS/EDK/hw/XilinxProcessorIPLib/pcores/fsl_v20_v2_11_e/hdl/vhdl/sync_fifo.vhd sub00/vhpl06 1365800827
AR sync_dpram syn /opt/Xilinx/14.1/ISE_DS/EDK/hw/XilinxProcessorIPLib/pcores/fsl_v20_v2_11_e/hdl/vhdl/gen_sync_dpram.vhd sub00/vhpl03 1365800824
AR srl_fifo imp /opt/Xilinx/14.1/ISE_DS/EDK/hw/XilinxProcessorIPLib/pcores/fsl_v20_v2_11_e/hdl/vhdl/gen_srlfifo.vhd sub00/vhpl01 1365800822
EN async_fifo_bram NULL /opt/Xilinx/14.1/ISE_DS/EDK/hw/XilinxProcessorIPLib/pcores/fsl_v20_v2_11_e/hdl/vhdl/async_fifo_bram.vhd sub00/vhpl10 1365800831
EN fsl_v20 NULL /opt/Xilinx/14.1/ISE_DS/EDK/hw/XilinxProcessorIPLib/pcores/fsl_v20_v2_11_e/hdl/vhdl/fsl_v20.vhd sub00/vhpl12 1365800833
