AR system_ilmb_wrapper structure /home/cc/cs150/sp13/class/cs150-ac/microblaze_fft/synthesis/parallel_run/hdl/system_ilmb_wrapper.vhd sub00/vhpl01 1365797059
EN system_ilmb_wrapper NULL /home/cc/cs150/sp13/class/cs150-ac/microblaze_fft/synthesis/parallel_run/hdl/system_ilmb_wrapper.vhd sub00/vhpl00 1365797058
