AR jtag_control imp /opt/Xilinx/14.1/ISE_DS/EDK/hw/XilinxProcessorIPLib/pcores/mdm_v2_00_b/hdl/vhdl/jtag_control.vhd sub00/vhpl03 1365797558
EN mdm NULL /opt/Xilinx/14.1/ISE_DS/EDK/hw/XilinxProcessorIPLib/pcores/mdm_v2_00_b/hdl/vhdl/mdm.vhd sub00/vhpl06 1365797565
AR mdm imp /opt/Xilinx/14.1/ISE_DS/EDK/hw/XilinxProcessorIPLib/pcores/mdm_v2_00_b/hdl/vhdl/mdm.vhd sub00/vhpl07 1365797566
EN srl_fifo NULL /opt/Xilinx/14.1/ISE_DS/EDK/hw/XilinxProcessorIPLib/pcores/mdm_v2_00_b/hdl/vhdl/srl_fifo.vhd sub00/vhpl00 1365797553
AR srl_fifo imp /opt/Xilinx/14.1/ISE_DS/EDK/hw/XilinxProcessorIPLib/pcores/mdm_v2_00_b/hdl/vhdl/srl_fifo.vhd sub00/vhpl01 1365797554
AR mdm_core imp /opt/Xilinx/14.1/ISE_DS/EDK/hw/XilinxProcessorIPLib/pcores/mdm_v2_00_b/hdl/vhdl/mdm_core.vhd sub00/vhpl05 1365797564
EN mdm_core NULL /opt/Xilinx/14.1/ISE_DS/EDK/hw/XilinxProcessorIPLib/pcores/mdm_v2_00_b/hdl/vhdl/mdm_core.vhd sub00/vhpl04 1365797563
EN jtag_control NULL /opt/Xilinx/14.1/ISE_DS/EDK/hw/XilinxProcessorIPLib/pcores/mdm_v2_00_b/hdl/vhdl/jtag_control.vhd sub00/vhpl02 1365797557
