AR system_dlmb_cntlr_wrapper structure /home/cc/cs150/sp13/class/cs150-ac/microblaze_fft/synthesis/parallel_run/hdl/system_dlmb_cntlr_wrapper.vhd sub00/vhpl01 1365797145
EN system_dlmb_cntlr_wrapper NULL /home/cc/cs150/sp13/class/cs150-ac/microblaze_fft/synthesis/parallel_run/hdl/system_dlmb_cntlr_wrapper.vhd sub00/vhpl00 1365797144
