EN pvr NULL /opt/Xilinx/14.1/ISE_DS/EDK/hw/XilinxProcessorIPLib/pcores/microblaze_v8_30_a/hdl/vhdl/pvr.vhd sub00/vhpl98 1365800883
EN comparator NULL /opt/Xilinx/14.1/ISE_DS/EDK/hw/XilinxProcessorIPLib/pcores/microblaze_v8_30_a/hdl/vhdl/comparator.vhd sub00/vhpl46 1365800831
AR alu_bit imp /opt/Xilinx/14.1/ISE_DS/EDK/hw/XilinxProcessorIPLib/pcores/microblaze_v8_30_a/hdl/vhdl/alu_bit.vhd sub00/vhpl43 1365800828
EN pc_module_gti NULL /opt/Xilinx/14.1/ISE_DS/EDK/hw/XilinxProcessorIPLib/pcores/microblaze_v8_30_a/hdl/vhdl/pc_module_gti.vhd sub01/vhpl102 1365800887
AR carry_compare_const imp /opt/Xilinx/14.1/ISE_DS/EDK/hw/XilinxProcessorIPLib/pcores/microblaze_v8_30_a/hdl/vhdl/carry_compare_const.vhd sub00/vhpl25 1365800810
EN interrupt_mode_converter NULL /opt/Xilinx/14.1/ISE_DS/EDK/hw/XilinxProcessorIPLib/pcores/microblaze_v8_30_a/hdl/vhdl/interrupt_mode_converter.vhd sub01/vhpl150 1365800935
EN carry_compare_const NULL /opt/Xilinx/14.1/ISE_DS/EDK/hw/XilinxProcessorIPLib/pcores/microblaze_v8_30_a/hdl/vhdl/carry_compare_const.vhd sub00/vhpl24 1365800809
EN exception_registers_gti NULL /opt/Xilinx/14.1/ISE_DS/EDK/hw/XilinxProcessorIPLib/pcores/microblaze_v8_30_a/hdl/vhdl/exception_registers_gti.vhd sub00/vhpl92 1365800877
EN zero_detect_gti NULL /opt/Xilinx/14.1/ISE_DS/EDK/hw/XilinxProcessorIPLib/pcores/microblaze_v8_30_a/hdl/vhdl/zero_detect_gti.vhd sub00/vhpl84 1365800869
PB microblaze_types microblaze_types /opt/Xilinx/14.1/ISE_DS/EDK/hw/XilinxProcessorIPLib/pcores/microblaze_v8_30_a/hdl/vhdl/microblaze_types_pkg_body.vhd sub00/vhpl01 1365800786
AR zero_detect_gti imp /opt/Xilinx/14.1/ISE_DS/EDK/hw/XilinxProcessorIPLib/pcores/microblaze_v8_30_a/hdl/vhdl/zero_detect_gti.vhd sub00/vhpl85 1365800870
AR carry_or imp /opt/Xilinx/14.1/ISE_DS/EDK/hw/XilinxProcessorIPLib/pcores/microblaze_v8_30_a/hdl/vhdl/carry_or.vhd sub00/vhpl49 1365800834
AR div_unit imp /opt/Xilinx/14.1/ISE_DS/EDK/hw/XilinxProcessorIPLib/pcores/microblaze_v8_30_a/hdl/vhdl/div_unit.vhd sub01/vhpl135 1365800920
EN read_data_mux NULL /opt/Xilinx/14.1/ISE_DS/EDK/hw/XilinxProcessorIPLib/pcores/microblaze_v8_30_a/hdl/vhdl/read_data_mux_gti.vhd sub01/vhpl182 1365800967
AR register_file_gti imp /opt/Xilinx/14.1/ISE_DS/EDK/hw/XilinxProcessorIPLib/pcores/microblaze_v8_30_a/hdl/vhdl/register_file_gti.vhd sub00/vhpl71 1365800856
AR fpu_conv imp /opt/Xilinx/14.1/ISE_DS/EDK/hw/XilinxProcessorIPLib/pcores/microblaze_v8_30_a/hdl/vhdl/fpu_conv.vhd sub00/vhpl35 1365800820
EN fpu_mul NULL /opt/Xilinx/14.1/ISE_DS/EDK/hw/XilinxProcessorIPLib/pcores/microblaze_v8_30_a/hdl/vhdl/fpu_mul.vhd sub00/vhpl28 1365800813
AR carry_equal imp /opt/Xilinx/14.1/ISE_DS/EDK/hw/XilinxProcessorIPLib/pcores/microblaze_v8_30_a/hdl/vhdl/carry_equal.vhd sub00/vhpl41 1365800826
EN address_data_hit NULL /opt/Xilinx/14.1/ISE_DS/EDK/hw/XilinxProcessorIPLib/pcores/microblaze_v8_30_a/hdl/vhdl/address_data_hit.vhd sub01/vhpl120 1365800905
EN decode NULL /opt/Xilinx/14.1/ISE_DS/EDK/hw/XilinxProcessorIPLib/pcores/microblaze_v8_30_a/hdl/vhdl/decode.vhd sub01/vhpl152 1365800937
AR operand_select_gti imp /opt/Xilinx/14.1/ISE_DS/EDK/hw/XilinxProcessorIPLib/pcores/microblaze_v8_30_a/hdl/vhdl/operand_select_gti.vhd sub00/vhpl73 1365800858
EN instr_mux NULL /opt/Xilinx/14.1/ISE_DS/EDK/hw/XilinxProcessorIPLib/pcores/microblaze_v8_30_a/hdl/vhdl/instr_mux.vhd sub01/vhpl176 1365800961
AR fpu_mul imp /opt/Xilinx/14.1/ISE_DS/EDK/hw/XilinxProcessorIPLib/pcores/microblaze_v8_30_a/hdl/vhdl/fpu_mul.vhd sub00/vhpl29 1365800814
EN jump_logic NULL /opt/Xilinx/14.1/ISE_DS/EDK/hw/XilinxProcessorIPLib/pcores/microblaze_v8_30_a/hdl/vhdl/jump_logic_gti.vhd sub01/vhpl106 1365800891
EN microblaze_core NULL /opt/Xilinx/14.1/ISE_DS/EDK/hw/XilinxProcessorIPLib/pcores/microblaze_v8_30_a/hdl/vhdl/microblaze_core.vhd sub01/vhpl188 1365800973
EN fpu_conv NULL /opt/Xilinx/14.1/ISE_DS/EDK/hw/XilinxProcessorIPLib/pcores/microblaze_v8_30_a/hdl/vhdl/fpu_conv.vhd sub00/vhpl34 1365800819
EN fpu_addsub NULL /opt/Xilinx/14.1/ISE_DS/EDK/hw/XilinxProcessorIPLib/pcores/microblaze_v8_30_a/hdl/vhdl/fpu_addsub.vhd sub00/vhpl26 1365800811
AR mmu_utlb_ram imp /opt/Xilinx/14.1/ISE_DS/EDK/hw/XilinxProcessorIPLib/pcores/microblaze_v8_30_a/hdl/vhdl/mmu_utlb_ram.vhd sub00/vhpl17 1365800802
AR msr_reg_bit imp /opt/Xilinx/14.1/ISE_DS/EDK/hw/XilinxProcessorIPLib/pcores/microblaze_v8_30_a/hdl/vhdl/msr_reg_bit.vhd sub00/vhpl55 1365800840
EN address_hit NULL /opt/Xilinx/14.1/ISE_DS/EDK/hw/XilinxProcessorIPLib/pcores/microblaze_v8_30_a/hdl/vhdl/address_hit.vhd sub01/vhpl118 1365800903
AR fsl_module imp /opt/Xilinx/14.1/ISE_DS/EDK/hw/XilinxProcessorIPLib/pcores/microblaze_v8_30_a/hdl/vhdl/fsl_module.vhd sub01/vhpl147 1365800932
PH mmu_types NULL /opt/Xilinx/14.1/ISE_DS/EDK/hw/XilinxProcessorIPLib/pcores/microblaze_v8_30_a/hdl/vhdl/mmu_types_pkg.vhd sub00/vhpl11 1365800796
EN mul_unit NULL /opt/Xilinx/14.1/ISE_DS/EDK/hw/XilinxProcessorIPLib/pcores/microblaze_v8_30_a/hdl/vhdl/mul_unit.vhd sub00/vhpl78 1365800863
EN operand_select NULL /opt/Xilinx/14.1/ISE_DS/EDK/hw/XilinxProcessorIPLib/pcores/microblaze_v8_30_a/hdl/vhdl/operand_select.vhd sub01/vhpl128 1365800913
EN data_flow_gti NULL /opt/Xilinx/14.1/ISE_DS/EDK/hw/XilinxProcessorIPLib/pcores/microblaze_v8_30_a/hdl/vhdl/data_flow_gti.vhd sub01/vhpl180 1365800965
EN iaxi_interface NULL /opt/Xilinx/14.1/ISE_DS/EDK/hw/XilinxProcessorIPLib/pcores/microblaze_v8_30_a/hdl/vhdl/iaxi_interface.vhd sub01/vhpl164 1365800949
AR shift_logic_module imp /opt/Xilinx/14.1/ISE_DS/EDK/hw/XilinxProcessorIPLib/pcores/microblaze_v8_30_a/hdl/vhdl/shift_logic.vhd sub01/vhpl131 1365800916
AR data_flow_logic imp /opt/Xilinx/14.1/ISE_DS/EDK/hw/XilinxProcessorIPLib/pcores/microblaze_v8_30_a/hdl/vhdl/data_flow_logic_gti.vhd sub00/vhpl89 1365800874
EN debug NULL /opt/Xilinx/14.1/ISE_DS/EDK/hw/XilinxProcessorIPLib/pcores/microblaze_v8_30_a/hdl/vhdl/debug.vhd sub01/vhpl166 1365800951
AR decode imp /opt/Xilinx/14.1/ISE_DS/EDK/hw/XilinxProcessorIPLib/pcores/microblaze_v8_30_a/hdl/vhdl/decode.vhd sub01/vhpl153 1365800938
AR srl_fifo imp /opt/Xilinx/14.1/ISE_DS/EDK/hw/XilinxProcessorIPLib/pcores/microblaze_v8_30_a/hdl/vhdl/gen_srlfifo.vhd sub01/vhpl193 1365800978
EN exception_registers NULL /opt/Xilinx/14.1/ISE_DS/EDK/hw/XilinxProcessorIPLib/pcores/microblaze_v8_30_a/hdl/vhdl/exception_registers.vhd sub01/vhpl174 1365800959
EN cache_valid_bit_detect NULL /opt/Xilinx/14.1/ISE_DS/EDK/hw/XilinxProcessorIPLib/pcores/microblaze_v8_30_a/hdl/vhdl/cache_valid_bit_detect.vhd sub00/vhpl50 1365800835
EN mux4 NULL /opt/Xilinx/14.1/ISE_DS/EDK/hw/XilinxProcessorIPLib/pcores/microblaze_v8_30_a/hdl/vhdl/mux4.vhd sub01/vhpl190 1365800975
AR carry_compare_mask imp /opt/Xilinx/14.1/ISE_DS/EDK/hw/XilinxProcessorIPLib/pcores/microblaze_v8_30_a/hdl/vhdl/carry_compare_mask.vhd sub00/vhpl13 1365800798
AR shift_logic_bit imp /opt/Xilinx/14.1/ISE_DS/EDK/hw/XilinxProcessorIPLib/pcores/microblaze_v8_30_a/hdl/vhdl/shift_logic_bit.vhd sub00/vhpl59 1365800844
AR mux4_8 imp /opt/Xilinx/14.1/ISE_DS/EDK/hw/XilinxProcessorIPLib/pcores/microblaze_v8_30_a/hdl/vhdl/mux4_8.vhd sub01/vhpl125 1365800910
AR pc_bit imp /opt/Xilinx/14.1/ISE_DS/EDK/hw/XilinxProcessorIPLib/pcores/microblaze_v8_30_a/hdl/vhdl/pc_bit.vhd sub00/vhpl53 1365800838
AR shift_logic_module_gti imp /opt/Xilinx/14.1/ISE_DS/EDK/hw/XilinxProcessorIPLib/pcores/microblaze_v8_30_a/hdl/vhdl/shift_logic_gti.vhd sub00/vhpl77 1365800862
AR dsp_module imp /opt/Xilinx/14.1/ISE_DS/EDK/hw/XilinxProcessorIPLib/pcores/microblaze_v8_30_a/hdl/vhdl/dsp_module.vhd sub00/vhpl06 1365800791
EN register_file NULL /opt/Xilinx/14.1/ISE_DS/EDK/hw/XilinxProcessorIPLib/pcores/microblaze_v8_30_a/hdl/vhdl/register_file.vhd sub01/vhpl126 1365800911
EN fsl_module NULL /opt/Xilinx/14.1/ISE_DS/EDK/hw/XilinxProcessorIPLib/pcores/microblaze_v8_30_a/hdl/vhdl/fsl_module.vhd sub01/vhpl146 1365800931
AR jump_logic imp /opt/Xilinx/14.1/ISE_DS/EDK/hw/XilinxProcessorIPLib/pcores/microblaze_v8_30_a/hdl/vhdl/jump_logic_gti.vhd sub01/vhpl107 1365800892
EN div_unit_gti NULL /opt/Xilinx/14.1/ISE_DS/EDK/hw/XilinxProcessorIPLib/pcores/microblaze_v8_30_a/hdl/vhdl/div_unit_gti.vhd sub00/vhpl94 1365800879
EN alu_bit NULL /opt/Xilinx/14.1/ISE_DS/EDK/hw/XilinxProcessorIPLib/pcores/microblaze_v8_30_a/hdl/vhdl/alu_bit.vhd sub00/vhpl42 1365800827
EN pc_bit NULL /opt/Xilinx/14.1/ISE_DS/EDK/hw/XilinxProcessorIPLib/pcores/microblaze_v8_30_a/hdl/vhdl/pc_bit.vhd sub00/vhpl52 1365800837
AR fpu_div imp /opt/Xilinx/14.1/ISE_DS/EDK/hw/XilinxProcessorIPLib/pcores/microblaze_v8_30_a/hdl/vhdl/fpu_div.vhd sub00/vhpl31 1365800816
EN fpu NULL /opt/Xilinx/14.1/ISE_DS/EDK/hw/XilinxProcessorIPLib/pcores/microblaze_v8_30_a/hdl/vhdl/fpu.vhd sub00/vhpl96 1365800881
AR dcache imp /opt/Xilinx/14.1/ISE_DS/EDK/hw/XilinxProcessorIPLib/pcores/microblaze_v8_30_a/hdl/vhdl/dcache.vhd sub01/vhpl173 1365800958
EN carry_and NULL /opt/Xilinx/14.1/ISE_DS/EDK/hw/XilinxProcessorIPLib/pcores/microblaze_v8_30_a/hdl/vhdl/carry_and.vhd sub00/vhpl03 1365800788
AR mmu_tlb imp /opt/Xilinx/14.1/ISE_DS/EDK/hw/XilinxProcessorIPLib/pcores/microblaze_v8_30_a/hdl/vhdl/mmu_tlb.vhd sub00/vhpl67 1365800852
AR parity_recursive_lut6 imp /opt/Xilinx/14.1/ISE_DS/EDK/hw/XilinxProcessorIPLib/pcores/microblaze_v8_30_a/hdl/vhdl/parity.vhd sub00/vhpl19 1365800804
EN register_file_bit NULL /opt/Xilinx/14.1/ISE_DS/EDK/hw/XilinxProcessorIPLib/pcores/microblaze_v8_30_a/hdl/vhdl/register_file_bit.vhd sub00/vhpl62 1365800847
EN mmu_utlb_ram NULL /opt/Xilinx/14.1/ISE_DS/EDK/hw/XilinxProcessorIPLib/pcores/microblaze_v8_30_a/hdl/vhdl/mmu_utlb_ram.vhd sub00/vhpl16 1365800801
AR decode_gti imp /opt/Xilinx/14.1/ISE_DS/EDK/hw/XilinxProcessorIPLib/pcores/microblaze_v8_30_a/hdl/vhdl/decode_gti.vhd sub01/vhpl179 1365800964
EN msr_reg_bit NULL /opt/Xilinx/14.1/ISE_DS/EDK/hw/XilinxProcessorIPLib/pcores/microblaze_v8_30_a/hdl/vhdl/msr_reg_bit.vhd sub00/vhpl54 1365800839
AR parity imp /opt/Xilinx/14.1/ISE_DS/EDK/hw/XilinxProcessorIPLib/pcores/microblaze_v8_30_a/hdl/vhdl/parity.vhd sub00/vhpl21 1365800806
AR address_hit imp /opt/Xilinx/14.1/ISE_DS/EDK/hw/XilinxProcessorIPLib/pcores/microblaze_v8_30_a/hdl/vhdl/address_hit.vhd sub01/vhpl119 1365800904
EN operand_select_bit NULL /opt/Xilinx/14.1/ISE_DS/EDK/hw/XilinxProcessorIPLib/pcores/microblaze_v8_30_a/hdl/vhdl/operand_select_bit.vhd sub00/vhpl60 1365800845
EN shift_logic_module NULL /opt/Xilinx/14.1/ISE_DS/EDK/hw/XilinxProcessorIPLib/pcores/microblaze_v8_30_a/hdl/vhdl/shift_logic.vhd sub01/vhpl130 1365800915
EN data_flow_logic NULL /opt/Xilinx/14.1/ISE_DS/EDK/hw/XilinxProcessorIPLib/pcores/microblaze_v8_30_a/hdl/vhdl/data_flow_logic_gti.vhd sub00/vhpl88 1365800873
EN zero_detect NULL /opt/Xilinx/14.1/ISE_DS/EDK/hw/XilinxProcessorIPLib/pcores/microblaze_v8_30_a/hdl/vhdl/zero_detect.vhd sub01/vhpl138 1365800923
EN fpu_div NULL /opt/Xilinx/14.1/ISE_DS/EDK/hw/XilinxProcessorIPLib/pcores/microblaze_v8_30_a/hdl/vhdl/fpu_div.vhd sub00/vhpl30 1365800815
AR address_data_hit imp /opt/Xilinx/14.1/ISE_DS/EDK/hw/XilinxProcessorIPLib/pcores/microblaze_v8_30_a/hdl/vhdl/address_data_hit.vhd sub01/vhpl121 1365800906
EN shift_logic_module_gti NULL /opt/Xilinx/14.1/ISE_DS/EDK/hw/XilinxProcessorIPLib/pcores/microblaze_v8_30_a/hdl/vhdl/shift_logic_gti.vhd sub00/vhpl76 1365800861
PH microblaze_types NULL /opt/Xilinx/14.1/ISE_DS/EDK/hw/XilinxProcessorIPLib/pcores/microblaze_v8_30_a/hdl/vhdl/microblaze_types_pkg.vhd sub00/vhpl00 1365800785
EN decode_gti NULL /opt/Xilinx/14.1/ISE_DS/EDK/hw/XilinxProcessorIPLib/pcores/microblaze_v8_30_a/hdl/vhdl/decode_gti.vhd sub01/vhpl178 1365800963
EN cache_interface NULL /opt/Xilinx/14.1/ISE_DS/EDK/hw/XilinxProcessorIPLib/pcores/microblaze_v8_30_a/hdl/vhdl/cache_interface.vhd sub00/vhpl68 1365800853
AR iaxi_interface imp /opt/Xilinx/14.1/ISE_DS/EDK/hw/XilinxProcessorIPLib/pcores/microblaze_v8_30_a/hdl/vhdl/iaxi_interface.vhd sub01/vhpl165 1365800950
AR interrupt_mode_converter imp /opt/Xilinx/14.1/ISE_DS/EDK/hw/XilinxProcessorIPLib/pcores/microblaze_v8_30_a/hdl/vhdl/interrupt_mode_converter.vhd sub01/vhpl151 1365800936
EN dcache_wb NULL /opt/Xilinx/14.1/ISE_DS/EDK/hw/XilinxProcessorIPLib/pcores/microblaze_v8_30_a/hdl/vhdl/dcache_wb.vhd sub01/vhpl170 1365800955
EN stack_protection NULL /opt/Xilinx/14.1/ISE_DS/EDK/hw/XilinxProcessorIPLib/pcores/microblaze_v8_30_a/hdl/vhdl/stack_protection.vhd sub01/vhpl100 1365800885
AR data_read_steering imp /opt/Xilinx/14.1/ISE_DS/EDK/hw/XilinxProcessorIPLib/pcores/microblaze_v8_30_a/hdl/vhdl/data_read_steering.vhd sub01/vhpl123 1365800908
AR vec_mux imp /opt/Xilinx/14.1/ISE_DS/EDK/hw/XilinxProcessorIPLib/pcores/microblaze_v8_30_a/hdl/vhdl/vec_mux.vhd sub01/vhpl111 1365800896
AR daxi_interface imp /opt/Xilinx/14.1/ISE_DS/EDK/hw/XilinxProcessorIPLib/pcores/microblaze_v8_30_a/hdl/vhdl/daxi_interface.vhd sub01/vhpl161 1365800946
AR instr_mux imp /opt/Xilinx/14.1/ISE_DS/EDK/hw/XilinxProcessorIPLib/pcores/microblaze_v8_30_a/hdl/vhdl/instr_mux.vhd sub01/vhpl177 1365800962
AR mb_srl16e imp /opt/Xilinx/14.1/ISE_DS/EDK/hw/XilinxProcessorIPLib/pcores/microblaze_v8_30_a/hdl/vhdl/microblaze_primitives.vhd sub00/vhpl10 1365800795
AR cache_valid_bit_detect imp /opt/Xilinx/14.1/ISE_DS/EDK/hw/XilinxProcessorIPLib/pcores/microblaze_v8_30_a/hdl/vhdl/cache_valid_bit_detect.vhd sub00/vhpl51 1365800836
EN fpu_sqrt NULL /opt/Xilinx/14.1/ISE_DS/EDK/hw/XilinxProcessorIPLib/pcores/microblaze_v8_30_a/hdl/vhdl/fpu_sqrt.vhd sub00/vhpl32 1365800817
EN mmu_tlb NULL /opt/Xilinx/14.1/ISE_DS/EDK/hw/XilinxProcessorIPLib/pcores/microblaze_v8_30_a/hdl/vhdl/mmu_tlb.vhd sub00/vhpl66 1365800851
AR lru_module lru_module /opt/Xilinx/14.1/ISE_DS/EDK/hw/XilinxProcessorIPLib/pcores/microblaze_v8_30_a/hdl/vhdl/victim_cache.vhd sub01/vhpl113 1365800898
EN dplb_interface NULL /opt/Xilinx/14.1/ISE_DS/EDK/hw/XilinxProcessorIPLib/pcores/microblaze_v8_30_a/hdl/vhdl/dplb_interface.vhd sub01/vhpl158 1365800943
AR cachehit_detect imp /opt/Xilinx/14.1/ISE_DS/EDK/hw/XilinxProcessorIPLib/pcores/microblaze_v8_30_a/hdl/vhdl/cachehit_detect.vhd sub01/vhpl109 1365800894
AR microblaze_core imp /opt/Xilinx/14.1/ISE_DS/EDK/hw/XilinxProcessorIPLib/pcores/microblaze_v8_30_a/hdl/vhdl/microblaze_core.vhd sub01/vhpl189 1365800974
AR msr_reg_gti msr_reg /opt/Xilinx/14.1/ISE_DS/EDK/hw/XilinxProcessorIPLib/pcores/microblaze_v8_30_a/hdl/vhdl/msr_reg_gti.vhd sub00/vhpl91 1365800876
AR fpu imp /opt/Xilinx/14.1/ISE_DS/EDK/hw/XilinxProcessorIPLib/pcores/microblaze_v8_30_a/hdl/vhdl/fpu.vhd sub00/vhpl97 1365800882
EN data_flow NULL /opt/Xilinx/14.1/ISE_DS/EDK/hw/XilinxProcessorIPLib/pcores/microblaze_v8_30_a/hdl/vhdl/data_flow.vhd sub01/vhpl154 1365800939
EN dcache_gti NULL /opt/Xilinx/14.1/ISE_DS/EDK/hw/XilinxProcessorIPLib/pcores/microblaze_v8_30_a/hdl/vhdl/dcache_gti.vhd sub01/vhpl184 1365800969
EN srl_fifo NULL /opt/Xilinx/14.1/ISE_DS/EDK/hw/XilinxProcessorIPLib/pcores/microblaze_v8_30_a/hdl/vhdl/gen_srlfifo.vhd sub01/vhpl192 1365800977
EN barrel_shift NULL /opt/Xilinx/14.1/ISE_DS/EDK/hw/XilinxProcessorIPLib/pcores/microblaze_v8_30_a/hdl/vhdl/barrel_shifter.vhd sub01/vhpl132 1365800917
EN vec_mux NULL /opt/Xilinx/14.1/ISE_DS/EDK/hw/XilinxProcessorIPLib/pcores/microblaze_v8_30_a/hdl/vhdl/vec_mux.vhd sub01/vhpl110 1365800895
AR iplb_interface imp /opt/Xilinx/14.1/ISE_DS/EDK/hw/XilinxProcessorIPLib/pcores/microblaze_v8_30_a/hdl/vhdl/iplb_interface.vhd sub01/vhpl163 1365800948
AR prefetch_buffer imp /opt/Xilinx/14.1/ISE_DS/EDK/hw/XilinxProcessorIPLib/pcores/microblaze_v8_30_a/hdl/vhdl/prefetch_buffer.vhd sub01/vhpl145 1365800930
EN shift_logic_bit NULL /opt/Xilinx/14.1/ISE_DS/EDK/hw/XilinxProcessorIPLib/pcores/microblaze_v8_30_a/hdl/vhdl/shift_logic_bit.vhd sub00/vhpl58 1365800843
EN carry_compare_mask NULL /opt/Xilinx/14.1/ISE_DS/EDK/hw/XilinxProcessorIPLib/pcores/microblaze_v8_30_a/hdl/vhdl/carry_compare_mask.vhd sub00/vhpl12 1365800797
AR ram_module imp /opt/Xilinx/14.1/ISE_DS/EDK/hw/XilinxProcessorIPLib/pcores/microblaze_v8_30_a/hdl/vhdl/ram_module.vhd sub00/vhpl45 1365800830
AR alu imp /opt/Xilinx/14.1/ISE_DS/EDK/hw/XilinxProcessorIPLib/pcores/microblaze_v8_30_a/hdl/vhdl/alu.vhd sub00/vhpl75 1365800860
EN mmu_utlb NULL /opt/Xilinx/14.1/ISE_DS/EDK/hw/XilinxProcessorIPLib/pcores/microblaze_v8_30_a/hdl/vhdl/mmu_utlb.vhd sub00/vhpl64 1365800849
AR barrel_shifter_gti imp /opt/Xilinx/14.1/ISE_DS/EDK/hw/XilinxProcessorIPLib/pcores/microblaze_v8_30_a/hdl/vhdl/barrel_shifter_gti.vhd sub00/vhpl81 1365800866
AR prefetch_buffer_gti imp /opt/Xilinx/14.1/ISE_DS/EDK/hw/XilinxProcessorIPLib/pcores/microblaze_v8_30_a/hdl/vhdl/prefetch_buffer_gti.vhd sub01/vhpl105 1365800890
AR dplb_interface imp /opt/Xilinx/14.1/ISE_DS/EDK/hw/XilinxProcessorIPLib/pcores/microblaze_v8_30_a/hdl/vhdl/dplb_interface.vhd sub01/vhpl159 1365800944
EN carry_equal NULL /opt/Xilinx/14.1/ISE_DS/EDK/hw/XilinxProcessorIPLib/pcores/microblaze_v8_30_a/hdl/vhdl/carry_equal.vhd sub00/vhpl40 1365800825
EN dcache NULL /opt/Xilinx/14.1/ISE_DS/EDK/hw/XilinxProcessorIPLib/pcores/microblaze_v8_30_a/hdl/vhdl/dcache.vhd sub01/vhpl172 1365800957
AR victim_cache imp /opt/Xilinx/14.1/ISE_DS/EDK/hw/XilinxProcessorIPLib/pcores/microblaze_v8_30_a/hdl/vhdl/victim_cache.vhd sub01/vhpl115 1365800900
AR pvr imp /opt/Xilinx/14.1/ISE_DS/EDK/hw/XilinxProcessorIPLib/pcores/microblaze_v8_30_a/hdl/vhdl/pvr.vhd sub00/vhpl99 1365800884
EN ram_module NULL /opt/Xilinx/14.1/ISE_DS/EDK/hw/XilinxProcessorIPLib/pcores/microblaze_v8_30_a/hdl/vhdl/ram_module.vhd sub00/vhpl44 1365800829
AR cache_interface imp /opt/Xilinx/14.1/ISE_DS/EDK/hw/XilinxProcessorIPLib/pcores/microblaze_v8_30_a/hdl/vhdl/cache_interface.vhd sub00/vhpl69 1365800854
AR mux_bus imp /opt/Xilinx/14.1/ISE_DS/EDK/hw/XilinxProcessorIPLib/pcores/microblaze_v8_30_a/hdl/vhdl/mux_bus.vhd sub00/vhpl23 1365800808
EN mux_bus NULL /opt/Xilinx/14.1/ISE_DS/EDK/hw/XilinxProcessorIPLib/pcores/microblaze_v8_30_a/hdl/vhdl/mux_bus.vhd sub00/vhpl22 1365800807
AR register_file_bit imp /opt/Xilinx/14.1/ISE_DS/EDK/hw/XilinxProcessorIPLib/pcores/microblaze_v8_30_a/hdl/vhdl/register_file_bit.vhd sub00/vhpl63 1365800848
AR mmu imp /opt/Xilinx/14.1/ISE_DS/EDK/hw/XilinxProcessorIPLib/pcores/microblaze_v8_30_a/hdl/vhdl/mmu.vhd sub01/vhpl187 1365800972
AR register_file imp /opt/Xilinx/14.1/ISE_DS/EDK/hw/XilinxProcessorIPLib/pcores/microblaze_v8_30_a/hdl/vhdl/register_file.vhd sub01/vhpl127 1365800912
AR msr_reg imp /opt/Xilinx/14.1/ISE_DS/EDK/hw/XilinxProcessorIPLib/pcores/microblaze_v8_30_a/hdl/vhdl/msr_reg.vhd sub01/vhpl141 1365800926
AR comparator imp /opt/Xilinx/14.1/ISE_DS/EDK/hw/XilinxProcessorIPLib/pcores/microblaze_v8_30_a/hdl/vhdl/comparator.vhd sub00/vhpl47 1365800832
AR data_flow_gti imp /opt/Xilinx/14.1/ISE_DS/EDK/hw/XilinxProcessorIPLib/pcores/microblaze_v8_30_a/hdl/vhdl/data_flow_gti.vhd sub01/vhpl181 1365800966
AR operand_select imp /opt/Xilinx/14.1/ISE_DS/EDK/hw/XilinxProcessorIPLib/pcores/microblaze_v8_30_a/hdl/vhdl/operand_select.vhd sub01/vhpl129 1365800914
AR operand_select_bit imp /opt/Xilinx/14.1/ISE_DS/EDK/hw/XilinxProcessorIPLib/pcores/microblaze_v8_30_a/hdl/vhdl/operand_select_bit.vhd sub00/vhpl61 1365800846
AR dcache_gti imp /opt/Xilinx/14.1/ISE_DS/EDK/hw/XilinxProcessorIPLib/pcores/microblaze_v8_30_a/hdl/vhdl/dcache_gti.vhd sub01/vhpl185 1365800970
EN carry_or NULL /opt/Xilinx/14.1/ISE_DS/EDK/hw/XilinxProcessorIPLib/pcores/microblaze_v8_30_a/hdl/vhdl/carry_or.vhd sub00/vhpl48 1365800833
AR debug imp /opt/Xilinx/14.1/ISE_DS/EDK/hw/XilinxProcessorIPLib/pcores/microblaze_v8_30_a/hdl/vhdl/debug.vhd sub01/vhpl167 1365800952
EN result_mux_bit NULL /opt/Xilinx/14.1/ISE_DS/EDK/hw/XilinxProcessorIPLib/pcores/microblaze_v8_30_a/hdl/vhdl/result_mux_bit.vhd sub00/vhpl56 1365800841
EN victim_cache NULL /opt/Xilinx/14.1/ISE_DS/EDK/hw/XilinxProcessorIPLib/pcores/microblaze_v8_30_a/hdl/vhdl/victim_cache.vhd sub01/vhpl114 1365800899
EN msr_reg NULL /opt/Xilinx/14.1/ISE_DS/EDK/hw/XilinxProcessorIPLib/pcores/microblaze_v8_30_a/hdl/vhdl/msr_reg.vhd sub01/vhpl140 1365800925
AR byte_doublet_handle_gti imp /opt/Xilinx/14.1/ISE_DS/EDK/hw/XilinxProcessorIPLib/pcores/microblaze_v8_30_a/hdl/vhdl/byte_doublet_handle_gti.vhd sub00/vhpl87 1365800872
EN daxi_interface NULL /opt/Xilinx/14.1/ISE_DS/EDK/hw/XilinxProcessorIPLib/pcores/microblaze_v8_30_a/hdl/vhdl/daxi_interface.vhd sub01/vhpl160 1365800945
AR mmu_utlb imp /opt/Xilinx/14.1/ISE_DS/EDK/hw/XilinxProcessorIPLib/pcores/microblaze_v8_30_a/hdl/vhdl/mmu_utlb.vhd sub00/vhpl65 1365800850
AR streaming_axi imp /opt/Xilinx/14.1/ISE_DS/EDK/hw/XilinxProcessorIPLib/pcores/microblaze_v8_30_a/hdl/vhdl/streaming_axi.vhd sub01/vhpl149 1365800934
AR find_first_bit imp /opt/Xilinx/14.1/ISE_DS/EDK/hw/XilinxProcessorIPLib/pcores/microblaze_v8_30_a/hdl/vhdl/find_first_bit.vhd sub00/vhpl08 1365800793
EN streaming_axi NULL /opt/Xilinx/14.1/ISE_DS/EDK/hw/XilinxProcessorIPLib/pcores/microblaze_v8_30_a/hdl/vhdl/streaming_axi.vhd sub01/vhpl148 1365800933
AR byte_doublet_handle imp /opt/Xilinx/14.1/ISE_DS/EDK/hw/XilinxProcessorIPLib/pcores/microblaze_v8_30_a/hdl/vhdl/byte_doublet_handle.vhd sub01/vhpl157 1365800942
AR microblaze imp /opt/Xilinx/14.1/ISE_DS/EDK/hw/XilinxProcessorIPLib/pcores/microblaze_v8_30_a/hdl/vhdl/microblaze.vhd sub01/vhpl195 1365800980
AR carry_compare imp /opt/Xilinx/14.1/ISE_DS/EDK/hw/XilinxProcessorIPLib/pcores/microblaze_v8_30_a/hdl/vhdl/carry_compare.vhd sub00/vhpl15 1365800800
AR fpu_addsub imp /opt/Xilinx/14.1/ISE_DS/EDK/hw/XilinxProcessorIPLib/pcores/microblaze_v8_30_a/hdl/vhdl/fpu_addsub.vhd sub00/vhpl27 1365800812
EN wb_mux_bit NULL /opt/Xilinx/14.1/ISE_DS/EDK/hw/XilinxProcessorIPLib/pcores/microblaze_v8_30_a/hdl/vhdl/wb_mux_bit_gti.vhd sub00/vhpl36 1365800821
EN prefetch_buffer_gti NULL /opt/Xilinx/14.1/ISE_DS/EDK/hw/XilinxProcessorIPLib/pcores/microblaze_v8_30_a/hdl/vhdl/prefetch_buffer_gti.vhd sub01/vhpl104 1365800889
EN barrel_shifter_gti NULL /opt/Xilinx/14.1/ISE_DS/EDK/hw/XilinxProcessorIPLib/pcores/microblaze_v8_30_a/hdl/vhdl/barrel_shifter_gti.vhd sub00/vhpl80 1365800865
AR carry_and imp /opt/Xilinx/14.1/ISE_DS/EDK/hw/XilinxProcessorIPLib/pcores/microblaze_v8_30_a/hdl/vhdl/carry_and.vhd sub00/vhpl04 1365800789
EN icache NULL /opt/Xilinx/14.1/ISE_DS/EDK/hw/XilinxProcessorIPLib/pcores/microblaze_v8_30_a/hdl/vhdl/icache.vhd sub01/vhpl168 1365800953
AR fpu_sqrt imp /opt/Xilinx/14.1/ISE_DS/EDK/hw/XilinxProcessorIPLib/pcores/microblaze_v8_30_a/hdl/vhdl/fpu_sqrt.vhd sub00/vhpl33 1365800818
EN mmu NULL /opt/Xilinx/14.1/ISE_DS/EDK/hw/XilinxProcessorIPLib/pcores/microblaze_v8_30_a/hdl/vhdl/mmu.vhd sub01/vhpl186 1365800971
AR stream_cache imp /opt/Xilinx/14.1/ISE_DS/EDK/hw/XilinxProcessorIPLib/pcores/microblaze_v8_30_a/hdl/vhdl/stream_cache.vhd sub01/vhpl117 1365800902
EN data_read_steering NULL /opt/Xilinx/14.1/ISE_DS/EDK/hw/XilinxProcessorIPLib/pcores/microblaze_v8_30_a/hdl/vhdl/data_read_steering.vhd sub01/vhpl122 1365800907
AR icache imp /opt/Xilinx/14.1/ISE_DS/EDK/hw/XilinxProcessorIPLib/pcores/microblaze_v8_30_a/hdl/vhdl/icache.vhd sub01/vhpl169 1365800954
EN pc_module NULL /opt/Xilinx/14.1/ISE_DS/EDK/hw/XilinxProcessorIPLib/pcores/microblaze_v8_30_a/hdl/vhdl/pc_module.vhd sub01/vhpl142 1365800927
AR count_leading_zeros imp /opt/Xilinx/14.1/ISE_DS/EDK/hw/XilinxProcessorIPLib/pcores/microblaze_v8_30_a/hdl/vhdl/count_leading_zero.vhd sub00/vhpl39 1365800824
EN cachehit_detect NULL /opt/Xilinx/14.1/ISE_DS/EDK/hw/XilinxProcessorIPLib/pcores/microblaze_v8_30_a/hdl/vhdl/cachehit_detect.vhd sub01/vhpl108 1365800893
EN register_file_gti NULL /opt/Xilinx/14.1/ISE_DS/EDK/hw/XilinxProcessorIPLib/pcores/microblaze_v8_30_a/hdl/vhdl/register_file_gti.vhd sub00/vhpl70 1365800855
EN carry_compare NULL /opt/Xilinx/14.1/ISE_DS/EDK/hw/XilinxProcessorIPLib/pcores/microblaze_v8_30_a/hdl/vhdl/carry_compare.vhd sub00/vhpl14 1365800799
EN msr_reg_gti NULL /opt/Xilinx/14.1/ISE_DS/EDK/hw/XilinxProcessorIPLib/pcores/microblaze_v8_30_a/hdl/vhdl/msr_reg_gti.vhd sub00/vhpl90 1365800875
EN operand_select_gti NULL /opt/Xilinx/14.1/ISE_DS/EDK/hw/XilinxProcessorIPLib/pcores/microblaze_v8_30_a/hdl/vhdl/operand_select_gti.vhd sub00/vhpl72 1365800857
EN parity NULL /opt/Xilinx/14.1/ISE_DS/EDK/hw/XilinxProcessorIPLib/pcores/microblaze_v8_30_a/hdl/vhdl/parity.vhd sub00/vhpl20 1365800805
EN wb_mux NULL /opt/Xilinx/14.1/ISE_DS/EDK/hw/XilinxProcessorIPLib/pcores/microblaze_v8_30_a/hdl/vhdl/wb_mux_gti.vhd sub00/vhpl82 1365800867
AR pc_module_gti imp /opt/Xilinx/14.1/ISE_DS/EDK/hw/XilinxProcessorIPLib/pcores/microblaze_v8_30_a/hdl/vhdl/pc_module_gti.vhd sub01/vhpl103 1365800888
EN count_leading_zeros NULL /opt/Xilinx/14.1/ISE_DS/EDK/hw/XilinxProcessorIPLib/pcores/microblaze_v8_30_a/hdl/vhdl/count_leading_zero.vhd sub00/vhpl38 1365800823
AR barrel_shift imp /opt/Xilinx/14.1/ISE_DS/EDK/hw/XilinxProcessorIPLib/pcores/microblaze_v8_30_a/hdl/vhdl/barrel_shifter.vhd sub01/vhpl133 1365800918
AR div_unit_gti imp /opt/Xilinx/14.1/ISE_DS/EDK/hw/XilinxProcessorIPLib/pcores/microblaze_v8_30_a/hdl/vhdl/div_unit_gti.vhd sub00/vhpl95 1365800880
EN dsp_module NULL /opt/Xilinx/14.1/ISE_DS/EDK/hw/XilinxProcessorIPLib/pcores/microblaze_v8_30_a/hdl/vhdl/dsp_module.vhd sub00/vhpl05 1365800790
EN find_first_bit NULL /opt/Xilinx/14.1/ISE_DS/EDK/hw/XilinxProcessorIPLib/pcores/microblaze_v8_30_a/hdl/vhdl/find_first_bit.vhd sub00/vhpl07 1365800792
AR pc_module imp /opt/Xilinx/14.1/ISE_DS/EDK/hw/XilinxProcessorIPLib/pcores/microblaze_v8_30_a/hdl/vhdl/pc_module.vhd sub01/vhpl143 1365800928
EN stream_cache NULL /opt/Xilinx/14.1/ISE_DS/EDK/hw/XilinxProcessorIPLib/pcores/microblaze_v8_30_a/hdl/vhdl/stream_cache.vhd sub01/vhpl116 1365800901
EN parity_recursive_lut6 NULL /opt/Xilinx/14.1/ISE_DS/EDK/hw/XilinxProcessorIPLib/pcores/microblaze_v8_30_a/hdl/vhdl/parity.vhd sub00/vhpl18 1365800803
AR exception_registers imp /opt/Xilinx/14.1/ISE_DS/EDK/hw/XilinxProcessorIPLib/pcores/microblaze_v8_30_a/hdl/vhdl/exception_registers.vhd sub01/vhpl175 1365800960
AR result_mux imp /opt/Xilinx/14.1/ISE_DS/EDK/hw/XilinxProcessorIPLib/pcores/microblaze_v8_30_a/hdl/vhdl/result_mux.vhd sub01/vhpl137 1365800922
AR zero_detect imp /opt/Xilinx/14.1/ISE_DS/EDK/hw/XilinxProcessorIPLib/pcores/microblaze_v8_30_a/hdl/vhdl/zero_detect.vhd sub01/vhpl139 1365800924
EN byte_doublet_handle_gti NULL /opt/Xilinx/14.1/ISE_DS/EDK/hw/XilinxProcessorIPLib/pcores/microblaze_v8_30_a/hdl/vhdl/byte_doublet_handle_gti.vhd sub00/vhpl86 1365800871
AR mux4 imp /opt/Xilinx/14.1/ISE_DS/EDK/hw/XilinxProcessorIPLib/pcores/microblaze_v8_30_a/hdl/vhdl/mux4.vhd sub01/vhpl191 1365800976
EN mux4_8 NULL /opt/Xilinx/14.1/ISE_DS/EDK/hw/XilinxProcessorIPLib/pcores/microblaze_v8_30_a/hdl/vhdl/mux4_8.vhd sub01/vhpl124 1365800909
AR exception_registers_gti imp /opt/Xilinx/14.1/ISE_DS/EDK/hw/XilinxProcessorIPLib/pcores/microblaze_v8_30_a/hdl/vhdl/exception_registers_gti.vhd sub00/vhpl93 1365800878
EN mb_srl16e NULL /opt/Xilinx/14.1/ISE_DS/EDK/hw/XilinxProcessorIPLib/pcores/microblaze_v8_30_a/hdl/vhdl/microblaze_primitives.vhd sub00/vhpl09 1365800794
AR wb_mux_bit imp /opt/Xilinx/14.1/ISE_DS/EDK/hw/XilinxProcessorIPLib/pcores/microblaze_v8_30_a/hdl/vhdl/wb_mux_bit_gti.vhd sub00/vhpl37 1365800822
AR read_data_mux imp /opt/Xilinx/14.1/ISE_DS/EDK/hw/XilinxProcessorIPLib/pcores/microblaze_v8_30_a/hdl/vhdl/read_data_mux_gti.vhd sub01/vhpl183 1365800968
EN lru_module NULL /opt/Xilinx/14.1/ISE_DS/EDK/hw/XilinxProcessorIPLib/pcores/microblaze_v8_30_a/hdl/vhdl/victim_cache.vhd sub01/vhpl112 1365800897
EN alu NULL /opt/Xilinx/14.1/ISE_DS/EDK/hw/XilinxProcessorIPLib/pcores/microblaze_v8_30_a/hdl/vhdl/alu.vhd sub00/vhpl74 1365800859
AR result_mux_bit imp /opt/Xilinx/14.1/ISE_DS/EDK/hw/XilinxProcessorIPLib/pcores/microblaze_v8_30_a/hdl/vhdl/result_mux_bit.vhd sub00/vhpl57 1365800842
AR wb_mux imp /opt/Xilinx/14.1/ISE_DS/EDK/hw/XilinxProcessorIPLib/pcores/microblaze_v8_30_a/hdl/vhdl/wb_mux_gti.vhd sub00/vhpl83 1365800868
AR dcache_wb imp /opt/Xilinx/14.1/ISE_DS/EDK/hw/XilinxProcessorIPLib/pcores/microblaze_v8_30_a/hdl/vhdl/dcache_wb.vhd sub01/vhpl171 1365800956
AR stack_protection imp /opt/Xilinx/14.1/ISE_DS/EDK/hw/XilinxProcessorIPLib/pcores/microblaze_v8_30_a/hdl/vhdl/stack_protection.vhd sub01/vhpl101 1365800886
AR mul_unit imp /opt/Xilinx/14.1/ISE_DS/EDK/hw/XilinxProcessorIPLib/pcores/microblaze_v8_30_a/hdl/vhdl/mul_unit.vhd sub00/vhpl79 1365800864
PH microblaze_isa NULL /opt/Xilinx/14.1/ISE_DS/EDK/hw/XilinxProcessorIPLib/pcores/microblaze_v8_30_a/hdl/vhdl/microblaze_isa_be_pkg.vhd sub00/vhpl02 1365800787
EN result_mux NULL /opt/Xilinx/14.1/ISE_DS/EDK/hw/XilinxProcessorIPLib/pcores/microblaze_v8_30_a/hdl/vhdl/result_mux.vhd sub01/vhpl136 1365800921
EN div_unit NULL /opt/Xilinx/14.1/ISE_DS/EDK/hw/XilinxProcessorIPLib/pcores/microblaze_v8_30_a/hdl/vhdl/div_unit.vhd sub01/vhpl134 1365800919
AR data_flow imp /opt/Xilinx/14.1/ISE_DS/EDK/hw/XilinxProcessorIPLib/pcores/microblaze_v8_30_a/hdl/vhdl/data_flow.vhd sub01/vhpl155 1365800940
EN byte_doublet_handle NULL /opt/Xilinx/14.1/ISE_DS/EDK/hw/XilinxProcessorIPLib/pcores/microblaze_v8_30_a/hdl/vhdl/byte_doublet_handle.vhd sub01/vhpl156 1365800941
EN microblaze NULL /opt/Xilinx/14.1/ISE_DS/EDK/hw/XilinxProcessorIPLib/pcores/microblaze_v8_30_a/hdl/vhdl/microblaze.vhd sub01/vhpl194 1365800979
EN iplb_interface NULL /opt/Xilinx/14.1/ISE_DS/EDK/hw/XilinxProcessorIPLib/pcores/microblaze_v8_30_a/hdl/vhdl/iplb_interface.vhd sub01/vhpl162 1365800947
EN prefetch_buffer NULL /opt/Xilinx/14.1/ISE_DS/EDK/hw/XilinxProcessorIPLib/pcores/microblaze_v8_30_a/hdl/vhdl/prefetch_buffer.vhd sub01/vhpl144 1365800929
