V3 515
FL $XILINX/hw/XilinxProcessorIPLib/pcores/microblaze_v8_30_a/hdl/vhdl/address_data_hit.vhd 2012/04/24.05:02:03 P.15xf
EN microblaze_v8_30_a/address_data_hit 1365720365 \
      FL $XILINX/hw/XilinxProcessorIPLib/pcores/microblaze_v8_30_a/hdl/vhdl/address_data_hit.vhd \
      PB ieee/std_logic_1164 1335251622 PB ieee/NUMERIC_STD 1335251627 \
      LB Microblaze_v8_30_a PB microblaze_v8_30_a/MicroBlaze_Types 1365720246 \
      PH microblaze_v8_30_a/MicroBlaze_ISA 1365720247
AR microblaze_v8_30_a/address_data_hit/IMP 1365720366 \
      FL $XILINX/hw/XilinxProcessorIPLib/pcores/microblaze_v8_30_a/hdl/vhdl/address_data_hit.vhd \
      EN microblaze_v8_30_a/address_data_hit 1365720365 LB unisim \
      PH unisim/VCOMPONENTS 1335251629 CP SRLC16E CP MUXCY CP SRL16_ARRAY_TYPE
FL $XILINX/hw/XilinxProcessorIPLib/pcores/microblaze_v8_30_a/hdl/vhdl/address_hit.vhd 2012/04/24.05:02:03 P.15xf
EN microblaze_v8_30_a/address_hit 1365720363 \
      FL $XILINX/hw/XilinxProcessorIPLib/pcores/microblaze_v8_30_a/hdl/vhdl/address_hit.vhd \
      PB ieee/std_logic_1164 1335251622 PB ieee/NUMERIC_STD 1335251627 \
      LB Microblaze_v8_30_a PB microblaze_v8_30_a/MicroBlaze_Types 1365720246 \
      PH microblaze_v8_30_a/MicroBlaze_ISA 1365720247
AR microblaze_v8_30_a/address_hit/IMP 1365720364 \
      FL $XILINX/hw/XilinxProcessorIPLib/pcores/microblaze_v8_30_a/hdl/vhdl/address_hit.vhd \
      EN microblaze_v8_30_a/address_hit 1365720363 LB unisim PH unisim/VCOMPONENTS 1335251629 \
      CP SRLC16E CP MUXCY CP SRL16_ARRAY_TYPE
FL $XILINX/hw/XilinxProcessorIPLib/pcores/microblaze_v8_30_a/hdl/vhdl/alu.vhd 2012/04/24.05:02:03 P.15xf
EN microblaze_v8_30_a/ALU 1365720319 \
      FL $XILINX/hw/XilinxProcessorIPLib/pcores/microblaze_v8_30_a/hdl/vhdl/alu.vhd \
      PB ieee/std_logic_1164 1335251622 PB ieee/NUMERIC_STD 1335251627 \
      LB Microblaze_v8_30_a LB unisim PH unisim/VCOMPONENTS 1335251629 \
      PH microblaze_v8_30_a/MicroBlaze_ISA 1365720247 \
      PB microblaze_v8_30_a/MicroBlaze_Types 1365720246
AR microblaze_v8_30_a/ALU/IMP 1365720320 \
      FL $XILINX/hw/XilinxProcessorIPLib/pcores/microblaze_v8_30_a/hdl/vhdl/alu.vhd \
      EN microblaze_v8_30_a/ALU 1365720319 CP std_logic CP std_logic_vector CP LUT3 \
      CP MULT_AND CP MUXCY_L CP ALU_Bit CP DATA_TYPE
FL $XILINX/hw/XilinxProcessorIPLib/pcores/microblaze_v8_30_a/hdl/vhdl/alu_bit.vhd 2012/04/24.05:02:03 P.15xf
EN microblaze_v8_30_a/ALU_Bit 1365720287 \
      FL $XILINX/hw/XilinxProcessorIPLib/pcores/microblaze_v8_30_a/hdl/vhdl/alu_bit.vhd \
      PB ieee/std_logic_1164 1335251622 LB Microblaze_v8_30_a LB unisim \
      PH unisim/VCOMPONENTS 1335251629 PB microblaze_v8_30_a/MicroBlaze_Types 1365720246
AR microblaze_v8_30_a/ALU_Bit/IMP 1365720288 \
      FL $XILINX/hw/XilinxProcessorIPLib/pcores/microblaze_v8_30_a/hdl/vhdl/alu_bit.vhd \
      EN microblaze_v8_30_a/ALU_Bit 1365720287 CP LUT4 CP MULT_AND CP MUXCY_L \
      CP XORCY CP std_logic CP LUT6_2 CP LUT6
FL $XILINX/hw/XilinxProcessorIPLib/pcores/microblaze_v8_30_a/hdl/vhdl/barrel_shifter.vhd 2012/04/24.05:02:03 P.15xf
EN microblaze_v8_30_a/barrel_shift 1365720377 \
      FL $XILINX/hw/XilinxProcessorIPLib/pcores/microblaze_v8_30_a/hdl/vhdl/barrel_shifter.vhd \
      PB ieee/std_logic_1164 1335251622 LB Microblaze_v8_30_a \
      PB microblaze_v8_30_a/MicroBlaze_Types 1365720246
AR microblaze_v8_30_a/barrel_shift/IMP 1365720378 \
      FL $XILINX/hw/XilinxProcessorIPLib/pcores/microblaze_v8_30_a/hdl/vhdl/barrel_shifter.vhd \
      EN microblaze_v8_30_a/barrel_shift 1365720377 LB unisim \
      PH unisim/VCOMPONENTS 1335251629 CP std_logic_vector CP LUT4 CP MUXF5 \
      CP LUT6_2
FL $XILINX/hw/XilinxProcessorIPLib/pcores/microblaze_v8_30_a/hdl/vhdl/barrel_shifter_gti.vhd 2012/04/24.05:02:03 P.15xf
EN microblaze_v8_30_a/Barrel_Shifter_gti 1365720325 \
      FL $XILINX/hw/XilinxProcessorIPLib/pcores/microblaze_v8_30_a/hdl/vhdl/barrel_shifter_gti.vhd \
      PB ieee/std_logic_1164 1335251622 LB Microblaze_v8_30_a LB unisim \
      PH unisim/VCOMPONENTS 1335251629 PH microblaze_v8_30_a/MicroBlaze_ISA 1365720247 \
      PB microblaze_v8_30_a/MicroBlaze_Types 1365720246
AR microblaze_v8_30_a/Barrel_Shifter_gti/IMP 1365720326 \
      FL $XILINX/hw/XilinxProcessorIPLib/pcores/microblaze_v8_30_a/hdl/vhdl/barrel_shifter_gti.vhd \
      EN microblaze_v8_30_a/Barrel_Shifter_gti 1365720325 CP DATA_TYPE \
      CP std_logic CP std_logic_vector CP boolean
FL $XILINX/hw/XilinxProcessorIPLib/pcores/microblaze_v8_30_a/hdl/vhdl/byte_doublet_handle.vhd 2012/04/24.05:02:03 P.15xf
EN microblaze_v8_30_a/Byte_Doublet_Handle 1365720401 \
      FL $XILINX/hw/XilinxProcessorIPLib/pcores/microblaze_v8_30_a/hdl/vhdl/byte_doublet_handle.vhd \
      PB ieee/std_logic_1164 1335251622 LB Microblaze_v8_30_a \
      PH microblaze_v8_30_a/MicroBlaze_ISA 1365720247 \
      PB microblaze_v8_30_a/MicroBlaze_Types 1365720246
AR microblaze_v8_30_a/Byte_Doublet_Handle/IMP 1365720402 \
      FL $XILINX/hw/XilinxProcessorIPLib/pcores/microblaze_v8_30_a/hdl/vhdl/byte_doublet_handle.vhd \
      EN microblaze_v8_30_a/Byte_Doublet_Handle 1365720401 LB unisim \
      PH unisim/VCOMPONENTS 1335251629 CP std_logic CP LUT6_2 CP LUT4 CP LUT3 CP LUT2 \
      CP Data_Read_Steering CP mux4_8 CP std_logic_vector
FL $XILINX/hw/XilinxProcessorIPLib/pcores/microblaze_v8_30_a/hdl/vhdl/byte_doublet_handle_gti.vhd 2012/04/24.05:02:03 P.15xf
EN microblaze_v8_30_a/Byte_Doublet_Handle_gti 1365720331 \
      FL $XILINX/hw/XilinxProcessorIPLib/pcores/microblaze_v8_30_a/hdl/vhdl/byte_doublet_handle_gti.vhd \
      PB ieee/std_logic_1164 1335251622 LB Microblaze_v8_30_a \
      PH microblaze_v8_30_a/MicroBlaze_ISA 1365720247 \
      PB microblaze_v8_30_a/MicroBlaze_Types 1365720246
AR microblaze_v8_30_a/Byte_Doublet_Handle_gti/IMP 1365720332 \
      FL $XILINX/hw/XilinxProcessorIPLib/pcores/microblaze_v8_30_a/hdl/vhdl/byte_doublet_handle_gti.vhd \
      EN microblaze_v8_30_a/Byte_Doublet_Handle_gti 1365720331
FL $XILINX/hw/XilinxProcessorIPLib/pcores/microblaze_v8_30_a/hdl/vhdl/cachehit_detect.vhd 2012/04/24.05:02:03 P.15xf
EN microblaze_v8_30_a/cachehit_detect 1365720353 \
      FL $XILINX/hw/XilinxProcessorIPLib/pcores/microblaze_v8_30_a/hdl/vhdl/cachehit_detect.vhd \
      PB ieee/std_logic_1164 1335251622 PB ieee/NUMERIC_STD 1335251627 \
      LB Microblaze_v8_30_a LB unisim PH unisim/VCOMPONENTS 1335251629 \
      PB microblaze_v8_30_a/MicroBlaze_Types 1365720246
AR microblaze_v8_30_a/cachehit_detect/IMP 1365720354 \
      FL $XILINX/hw/XilinxProcessorIPLib/pcores/microblaze_v8_30_a/hdl/vhdl/cachehit_detect.vhd \
      EN microblaze_v8_30_a/cachehit_detect 1365720353 CP cache_valid_bit_detect \
      CP MUXCY_L CP comparator CP carry_and CP carry_or
FL $XILINX/hw/XilinxProcessorIPLib/pcores/microblaze_v8_30_a/hdl/vhdl/cache_interface.vhd 2012/04/24.05:02:03 P.15xf
EN microblaze_v8_30_a/Cache_Interface 1365720313 \
      FL $XILINX/hw/XilinxProcessorIPLib/pcores/microblaze_v8_30_a/hdl/vhdl/cache_interface.vhd \
      PB ieee/std_logic_1164 1335251622 PB ieee/NUMERIC_STD 1335251627 \
      LB Microblaze_v8_30_a LB unisim PH unisim/VCOMPONENTS 1335251629 \
      PB microblaze_v8_30_a/MicroBlaze_Types 1365720246 \
      PH microblaze_v8_30_a/MicroBlaze_ISA 1365720247
AR microblaze_v8_30_a/Cache_Interface/IMP 1365720314 \
      FL $XILINX/hw/XilinxProcessorIPLib/pcores/microblaze_v8_30_a/hdl/vhdl/cache_interface.vhd \
      EN microblaze_v8_30_a/Cache_Interface 1365720313 CP std_logic_vector \
      CP std_logic CP xcl_state_type CP lut_lookup_table_type CP DATA_INFO_TYPE \
      CP DATA_FIFO_MEM_Type CP signal CP REQUEST_ID_TYPE CP LOW_ADDR_TYPE \
      CP REQUEST_TYPE CP REQ_FIFO_MEM_Type CP natural CP integer CP DROP_ADDR_TYPE \
      CP ADDR_TYPE CP VALID_TYPE CP STROBE_TYPE CP DATA_TYPE CP R_TYPE CP AW_TYPE \
      CP AW_W_TYPE CP W_TYPE CP R_FIFO_MEM_Type CP mux_bus CP boolean \
      CP AW_FIFO_MEM_Type CP AW_W_FIFO_MEM_Type CP W_FIFO_MEM_Type CP LUT6 CP FDSE \
      CP FDRE
FL $XILINX/hw/XilinxProcessorIPLib/pcores/microblaze_v8_30_a/hdl/vhdl/cache_valid_bit_detect.vhd 2012/04/24.05:02:03 P.15xf
EN microblaze_v8_30_a/cache_valid_bit_detect 1365720295 \
      FL $XILINX/hw/XilinxProcessorIPLib/pcores/microblaze_v8_30_a/hdl/vhdl/cache_valid_bit_detect.vhd \
      PB ieee/std_logic_1164 1335251622 PB ieee/NUMERIC_STD 1335251627 \
      LB Microblaze_v8_30_a LB unisim PH unisim/VCOMPONENTS 1335251629 \
      PB microblaze_v8_30_a/MicroBlaze_Types 1365720246
AR microblaze_v8_30_a/cache_valid_bit_detect/IMP 1365720296 \
      FL $XILINX/hw/XilinxProcessorIPLib/pcores/microblaze_v8_30_a/hdl/vhdl/cache_valid_bit_detect.vhd \
      EN microblaze_v8_30_a/cache_valid_bit_detect 1365720295 CP std_logic_vector \
      CP carry_and CP std_logic
FL $XILINX/hw/XilinxProcessorIPLib/pcores/microblaze_v8_30_a/hdl/vhdl/carry_and.vhd 2012/04/24.05:02:03 P.15xf
EN microblaze_v8_30_a/carry_and 1365720248 \
      FL $XILINX/hw/XilinxProcessorIPLib/pcores/microblaze_v8_30_a/hdl/vhdl/carry_and.vhd \
      PB ieee/std_logic_1164 1335251622 LB Microblaze_v8_30_a LB unisim \
      PH unisim/VCOMPONENTS 1335251629 PB microblaze_v8_30_a/MicroBlaze_Types 1365720246
AR microblaze_v8_30_a/carry_and/IMP 1365720249 \
      FL $XILINX/hw/XilinxProcessorIPLib/pcores/microblaze_v8_30_a/hdl/vhdl/carry_and.vhd \
      EN microblaze_v8_30_a/carry_and 1365720248 CP MUXCY_L
FL $XILINX/hw/XilinxProcessorIPLib/pcores/microblaze_v8_30_a/hdl/vhdl/carry_compare.vhd 2012/04/24.05:02:03 P.15xf
EN microblaze_v8_30_a/carry_compare 1365720259 \
      FL $XILINX/hw/XilinxProcessorIPLib/pcores/microblaze_v8_30_a/hdl/vhdl/carry_compare.vhd \
      PB ieee/std_logic_1164 1335251622 LB Microblaze_v8_30_a \
      PB microblaze_v8_30_a/MicroBlaze_Types 1365720246
AR microblaze_v8_30_a/carry_compare/IMP 1365720260 \
      FL $XILINX/hw/XilinxProcessorIPLib/pcores/microblaze_v8_30_a/hdl/vhdl/carry_compare.vhd \
      EN microblaze_v8_30_a/carry_compare 1365720259 LB unisim \
      PH unisim/VCOMPONENTS 1335251629 CP carry_and
FL $XILINX/hw/XilinxProcessorIPLib/pcores/microblaze_v8_30_a/hdl/vhdl/carry_compare_const.vhd 2012/04/24.05:02:03 P.15xf
EN microblaze_v8_30_a/carry_compare_const 1365720269 \
      FL $XILINX/hw/XilinxProcessorIPLib/pcores/microblaze_v8_30_a/hdl/vhdl/carry_compare_const.vhd \
      PB ieee/std_logic_1164 1335251622 LB Microblaze_v8_30_a \
      PB microblaze_v8_30_a/MicroBlaze_Types 1365720246
AR microblaze_v8_30_a/carry_compare_const/IMP 1365720270 \
      FL $XILINX/hw/XilinxProcessorIPLib/pcores/microblaze_v8_30_a/hdl/vhdl/carry_compare_const.vhd \
      EN microblaze_v8_30_a/carry_compare_const 1365720269 LB unisim \
      PH unisim/VCOMPONENTS 1335251629 CP carry_and
FL $XILINX/hw/XilinxProcessorIPLib/pcores/microblaze_v8_30_a/hdl/vhdl/carry_compare_mask.vhd 2012/04/24.05:02:03 P.15xf
EN microblaze_v8_30_a/carry_compare_mask 1365720257 \
      FL $XILINX/hw/XilinxProcessorIPLib/pcores/microblaze_v8_30_a/hdl/vhdl/carry_compare_mask.vhd \
      PB ieee/std_logic_1164 1335251622 LB Microblaze_v8_30_a \
      PB microblaze_v8_30_a/MicroBlaze_Types 1365720246
AR microblaze_v8_30_a/carry_compare_mask/IMP 1365720258 \
      FL $XILINX/hw/XilinxProcessorIPLib/pcores/microblaze_v8_30_a/hdl/vhdl/carry_compare_mask.vhd \
      EN microblaze_v8_30_a/carry_compare_mask 1365720257 LB unisim \
      PH unisim/VCOMPONENTS 1335251629 CP carry_and
FL $XILINX/hw/XilinxProcessorIPLib/pcores/microblaze_v8_30_a/hdl/vhdl/carry_equal.vhd 2012/04/24.05:02:03 P.15xf
EN microblaze_v8_30_a/carry_equal 1365720285 \
      FL $XILINX/hw/XilinxProcessorIPLib/pcores/microblaze_v8_30_a/hdl/vhdl/carry_equal.vhd \
      PB ieee/std_logic_1164 1335251622 LB Microblaze_v8_30_a \
      PB microblaze_v8_30_a/MicroBlaze_Types 1365720246
AR microblaze_v8_30_a/carry_equal/IMP 1365720286 \
      FL $XILINX/hw/XilinxProcessorIPLib/pcores/microblaze_v8_30_a/hdl/vhdl/carry_equal.vhd \
      EN microblaze_v8_30_a/carry_equal 1365720285 LB unisim PH unisim/VCOMPONENTS 1335251629 \
      CP MUXCY_L
FL $XILINX/hw/XilinxProcessorIPLib/pcores/microblaze_v8_30_a/hdl/vhdl/carry_or.vhd 2012/04/24.05:02:03 P.15xf
EN microblaze_v8_30_a/carry_or 1365720293 \
      FL $XILINX/hw/XilinxProcessorIPLib/pcores/microblaze_v8_30_a/hdl/vhdl/carry_or.vhd \
      PB ieee/std_logic_1164 1335251622 LB Microblaze_v8_30_a LB unisim \
      PH unisim/VCOMPONENTS 1335251629 PB microblaze_v8_30_a/MicroBlaze_Types 1365720246
AR microblaze_v8_30_a/carry_or/IMP 1365720294 \
      FL $XILINX/hw/XilinxProcessorIPLib/pcores/microblaze_v8_30_a/hdl/vhdl/carry_or.vhd \
      EN microblaze_v8_30_a/carry_or 1365720293 CP std_logic CP MUXCY_L
FL $XILINX/hw/XilinxProcessorIPLib/pcores/microblaze_v8_30_a/hdl/vhdl/comparator.vhd 2012/04/24.05:02:03 P.15xf
EN microblaze_v8_30_a/comparator 1365720291 \
      FL $XILINX/hw/XilinxProcessorIPLib/pcores/microblaze_v8_30_a/hdl/vhdl/comparator.vhd \
      PB ieee/std_logic_1164 1335251622 LB Microblaze_v8_30_a LB unisim \
      PH unisim/VCOMPONENTS 1335251629 PB microblaze_v8_30_a/MicroBlaze_Types 1365720246
AR microblaze_v8_30_a/comparator/IMP 1365720292 \
      FL $XILINX/hw/XilinxProcessorIPLib/pcores/microblaze_v8_30_a/hdl/vhdl/comparator.vhd \
      EN microblaze_v8_30_a/comparator 1365720291 CP natural CP std_logic_vector \
      CP MUXCY_L
FL $XILINX/hw/XilinxProcessorIPLib/pcores/microblaze_v8_30_a/hdl/vhdl/count_leading_zero.vhd 2012/04/24.05:02:03 P.15xf
EN microblaze_v8_30_a/count_leading_zeros 1365720283 \
      FL $XILINX/hw/XilinxProcessorIPLib/pcores/microblaze_v8_30_a/hdl/vhdl/count_leading_zero.vhd \
      PB ieee/std_logic_1164 1335251622 PB ieee/NUMERIC_STD 1335251627 \
      LB Microblaze_v8_30_a PH microblaze_v8_30_a/MicroBlaze_ISA 1365720247 \
      PB microblaze_v8_30_a/MicroBlaze_Types 1365720246
AR microblaze_v8_30_a/count_leading_zeros/IMP 1365720284 \
      FL $XILINX/hw/XilinxProcessorIPLib/pcores/microblaze_v8_30_a/hdl/vhdl/count_leading_zero.vhd \
      EN microblaze_v8_30_a/count_leading_zeros 1365720283
FL $XILINX/hw/XilinxProcessorIPLib/pcores/microblaze_v8_30_a/hdl/vhdl/data_flow.vhd 2012/04/24.05:02:03 P.15xf
EN microblaze_v8_30_a/Data_Flow 1365720399 \
      FL $XILINX/hw/XilinxProcessorIPLib/pcores/microblaze_v8_30_a/hdl/vhdl/data_flow.vhd \
      PB ieee/std_logic_1164 1335251622 PB ieee/NUMERIC_STD 1335251627 \
      LB Microblaze_v8_30_a PH microblaze_v8_30_a/MicroBlaze_ISA 1365720247 \
      PB microblaze_v8_30_a/MicroBlaze_Types 1365720246
AR microblaze_v8_30_a/Data_Flow/IMP 1365720400 \
      FL $XILINX/hw/XilinxProcessorIPLib/pcores/microblaze_v8_30_a/hdl/vhdl/data_flow.vhd \
      EN microblaze_v8_30_a/Data_Flow 1365720399 CP Register_File \
      CP Operand_Select CP ALU CP Shift_Logic_Module CP barrel_shift CP Div_unit \
      CP std_logic CP FPU CP MUL_Unit CP Result_Mux CP Zero_Detect CP MSR_Reg \
      CP PC_Module CP PVR CP stack_protection
FL $XILINX/hw/XilinxProcessorIPLib/pcores/microblaze_v8_30_a/hdl/vhdl/data_flow_gti.vhd 2012/04/24.05:02:03 P.15xf
EN microblaze_v8_30_a/Data_Flow_gti 1365720425 \
      FL $XILINX/hw/XilinxProcessorIPLib/pcores/microblaze_v8_30_a/hdl/vhdl/data_flow_gti.vhd \
      PB ieee/std_logic_1164 1335251622 PB ieee/NUMERIC_STD 1335251627 \
      LB Microblaze_v8_30_a LB unisim PH unisim/VCOMPONENTS 1335251629 \
      PH microblaze_v8_30_a/MicroBlaze_ISA 1365720247 \
      PB microblaze_v8_30_a/MicroBlaze_Types 1365720246
AR microblaze_v8_30_a/Data_Flow_gti/IMP 1365720426 \
      FL $XILINX/hw/XilinxProcessorIPLib/pcores/microblaze_v8_30_a/hdl/vhdl/data_flow_gti.vhd \
      EN microblaze_v8_30_a/Data_Flow_gti 1365720425 CP Register_File_gti \
      CP Operand_Select_gti CP ALU CP Shift_Logic_Module_gti CP MUL_Unit \
      CP Barrel_Shifter_gti CP WB_Mux CP Zero_Detect_gti \
      CP microblaze_v8_30_a/Byte_Doublet_Handle_gti CP Data_Flow_Logic \
      CP msr_reg_gti CP std_logic CP MUXCY_L CP LUT6_2 CP exception_registers_gti \
      CP Div_unit_gti CP FPU CP PVR CP boolean CP stack_protection
FL $XILINX/hw/XilinxProcessorIPLib/pcores/microblaze_v8_30_a/hdl/vhdl/data_flow_logic_gti.vhd 2012/04/24.05:02:03 P.15xf
EN microblaze_v8_30_a/Data_Flow_Logic 1365720333 \
      FL $XILINX/hw/XilinxProcessorIPLib/pcores/microblaze_v8_30_a/hdl/vhdl/data_flow_logic_gti.vhd \
      PB ieee/std_logic_1164 1335251622 LB Microblaze_v8_30_a LB unisim \
      PH unisim/VCOMPONENTS 1335251629 PH microblaze_v8_30_a/MicroBlaze_ISA 1365720247 \
      PB microblaze_v8_30_a/MicroBlaze_Types 1365720246
AR microblaze_v8_30_a/Data_Flow_Logic/IMP 1365720334 \
      FL $XILINX/hw/XilinxProcessorIPLib/pcores/microblaze_v8_30_a/hdl/vhdl/data_flow_logic_gti.vhd \
      EN microblaze_v8_30_a/Data_Flow_Logic 1365720333 CP std_logic CP FDRE
FL $XILINX/hw/XilinxProcessorIPLib/pcores/microblaze_v8_30_a/hdl/vhdl/data_read_steering.vhd 2012/04/24.05:02:03 P.15xf
EN microblaze_v8_30_a/Data_Read_Steering 1365720367 \
      FL $XILINX/hw/XilinxProcessorIPLib/pcores/microblaze_v8_30_a/hdl/vhdl/data_read_steering.vhd \
      PB ieee/std_logic_1164 1335251622 LB Microblaze_v8_30_a \
      PB microblaze_v8_30_a/MicroBlaze_Types 1365720246
AR microblaze_v8_30_a/Data_Read_Steering/IMP 1365720368 \
      FL $XILINX/hw/XilinxProcessorIPLib/pcores/microblaze_v8_30_a/hdl/vhdl/data_read_steering.vhd \
      EN microblaze_v8_30_a/Data_Read_Steering 1365720367 LB unisim \
      PH unisim/VCOMPONENTS 1335251629 CP std_logic_vector CP std_logic CP LUT3 \
      CP MUXF5 CP LUT6_2
FL $XILINX/hw/XilinxProcessorIPLib/pcores/microblaze_v8_30_a/hdl/vhdl/daxi_interface.vhd 2012/04/24.05:02:03 P.15xf
EN microblaze_v8_30_a/DAXI_interface 1365720405 \
      FL $XILINX/hw/XilinxProcessorIPLib/pcores/microblaze_v8_30_a/hdl/vhdl/daxi_interface.vhd \
      PB ieee/std_logic_1164 1335251622 LB Microblaze_v8_30_a \
      PB microblaze_v8_30_a/MicroBlaze_Types 1365720246
AR microblaze_v8_30_a/DAXI_interface/IMP 1365720406 \
      FL $XILINX/hw/XilinxProcessorIPLib/pcores/microblaze_v8_30_a/hdl/vhdl/daxi_interface.vhd \
      EN microblaze_v8_30_a/DAXI_interface 1365720405
FL $XILINX/hw/XilinxProcessorIPLib/pcores/microblaze_v8_30_a/hdl/vhdl/dcache.vhd 2012/04/24.05:02:03 P.15xf
EN microblaze_v8_30_a/DCache 1365720417 \
      FL $XILINX/hw/XilinxProcessorIPLib/pcores/microblaze_v8_30_a/hdl/vhdl/dcache.vhd \
      PB ieee/std_logic_1164 1335251622 PB ieee/NUMERIC_STD 1335251627 \
      LB Microblaze_v8_30_a PB microblaze_v8_30_a/MicroBlaze_Types 1365720246
AR microblaze_v8_30_a/DCache/IMP 1365720418 \
      FL $XILINX/hw/XilinxProcessorIPLib/pcores/microblaze_v8_30_a/hdl/vhdl/dcache.vhd \
      EN microblaze_v8_30_a/DCache 1365720417 LB unisim PH unisim/VCOMPONENTS 1335251629 \
      CP std_logic CP rboolean CP comparator CP parity_request_states \
      CP std_logic_vector CP carry_and CP MUXCY_L CP carry_or CP Parity CP RAM_Module \
      CP DATA_TYPE CP string CP signal CP natural CP Cache_Interface
FL $XILINX/hw/XilinxProcessorIPLib/pcores/microblaze_v8_30_a/hdl/vhdl/dcache_gti.vhd 2012/04/24.05:02:03 P.15xf
EN microblaze_v8_30_a/DCache_gti 1365720429 \
      FL $XILINX/hw/XilinxProcessorIPLib/pcores/microblaze_v8_30_a/hdl/vhdl/dcache_gti.vhd \
      PB ieee/std_logic_1164 1335251622 PB ieee/NUMERIC_STD 1335251627 \
      LB Microblaze_v8_30_a LB unisim PH unisim/VCOMPONENTS 1335251629 \
      PB microblaze_v8_30_a/MicroBlaze_Types 1365720246
AR microblaze_v8_30_a/DCache_gti/IMP 1365720430 \
      FL $XILINX/hw/XilinxProcessorIPLib/pcores/microblaze_v8_30_a/hdl/vhdl/dcache_gti.vhd \
      EN microblaze_v8_30_a/DCache_gti 1365720429 CP std_logic CP rboolean \
      CP comparator CP std_logic_vector CP carry_and CP carry_or CP AND2B1L CP LUT5 \
      CP FD CP Parity CP RAM_Module CP LUT4 CP natural CP Cache_Interface
FL $XILINX/hw/XilinxProcessorIPLib/pcores/microblaze_v8_30_a/hdl/vhdl/dcache_wb.vhd 2012/04/24.05:02:03 P.15xf
EN microblaze_v8_30_a/DCache_wb 1365720415 \
      FL $XILINX/hw/XilinxProcessorIPLib/pcores/microblaze_v8_30_a/hdl/vhdl/dcache_wb.vhd \
      PB ieee/std_logic_1164 1335251622 PB ieee/NUMERIC_STD 1335251627 \
      LB Microblaze_v8_30_a LB unisim PH unisim/VCOMPONENTS 1335251629 \
      PB microblaze_v8_30_a/MicroBlaze_Types 1365720246
AR microblaze_v8_30_a/DCache_wb/IMP 1365720416 \
      FL $XILINX/hw/XilinxProcessorIPLib/pcores/microblaze_v8_30_a/hdl/vhdl/dcache_wb.vhd \
      EN microblaze_v8_30_a/DCache_wb 1365720415 CP std_logic \
      CP read_checker_states CP cachehit_detect CP LUT6 CP RAM_Module \
      CP std_logic_vector CP vec_mux CP Cache_Interface CP MUXCY_L CP DATA_TYPE \
      CP integer CP victim_state_type CP boolean CP victim_cache
FL $XILINX/hw/XilinxProcessorIPLib/pcores/microblaze_v8_30_a/hdl/vhdl/debug.vhd 2012/04/24.05:02:03 P.15xf
EN microblaze_v8_30_a/Debug 1365720411 \
      FL $XILINX/hw/XilinxProcessorIPLib/pcores/microblaze_v8_30_a/hdl/vhdl/debug.vhd \
      PB ieee/std_logic_1164 1335251622 PB ieee/NUMERIC_STD 1335251627 \
      LB Microblaze_v8_30_a PH microblaze_v8_30_a/MicroBlaze_ISA 1365720247 \
      PB microblaze_v8_30_a/MicroBlaze_Types 1365720246
AR microblaze_v8_30_a/Debug/IMP 1365720412 \
      FL $XILINX/hw/XilinxProcessorIPLib/pcores/microblaze_v8_30_a/hdl/vhdl/debug.vhd \
      EN microblaze_v8_30_a/Debug 1365720411 LB unisim PB ieee/NUMERIC_STD 1335251627 \
      CP std_logic_vector CP SRL16E CP address_hit CP address_data_hit CP std_logic \
      CP FDRSE CP boolean
FL $XILINX/hw/XilinxProcessorIPLib/pcores/microblaze_v8_30_a/hdl/vhdl/decode.vhd 2012/04/24.05:02:03 P.15xf
EN microblaze_v8_30_a/Decode 1365720397 \
      FL $XILINX/hw/XilinxProcessorIPLib/pcores/microblaze_v8_30_a/hdl/vhdl/decode.vhd \
      PB ieee/std_logic_1164 1335251622 PB ieee/NUMERIC_STD 1335251627 \
      LB Microblaze_v8_30_a LB unisim PH unisim/VCOMPONENTS 1335251629 \
      PH microblaze_v8_30_a/MicroBlaze_ISA 1365720247 \
      PB microblaze_v8_30_a/MicroBlaze_Types 1365720246
AR microblaze_v8_30_a/Decode/IMP 1365720398 \
      FL $XILINX/hw/XilinxProcessorIPLib/pcores/microblaze_v8_30_a/hdl/vhdl/decode.vhd \
      EN microblaze_v8_30_a/Decode 1365720397 CP boolean CP std_logic \
      CP PreFetch_Buffer CP LUT4 CP std_logic_vector CP MUXCY_L CP LUT3 CP FDE \
      CP MULT_AND CP FDRE CP FDRSE CP FDSE
FL $XILINX/hw/XilinxProcessorIPLib/pcores/microblaze_v8_30_a/hdl/vhdl/decode_gti.vhd 2012/04/24.05:02:03 P.15xf
EN microblaze_v8_30_a/Decode_gti 1365720423 \
      FL $XILINX/hw/XilinxProcessorIPLib/pcores/microblaze_v8_30_a/hdl/vhdl/decode_gti.vhd \
      PB ieee/std_logic_1164 1335251622 PB ieee/NUMERIC_STD 1335251627 \
      LB Microblaze_v8_30_a PH microblaze_v8_30_a/MicroBlaze_ISA 1365720247 \
      PB microblaze_v8_30_a/MicroBlaze_Types 1365720246
AR microblaze_v8_30_a/Decode_gti/IMP 1365720424 \
      FL $XILINX/hw/XilinxProcessorIPLib/pcores/microblaze_v8_30_a/hdl/vhdl/decode_gti.vhd \
      EN microblaze_v8_30_a/Decode_gti 1365720423 LB unisim PH unisim/VCOMPONENTS 1335251629 \
      CP PC_Module_gti CP PreFetch_Buffer_gti CP std_logic CP AND2B1L CP carry_or \
      CP carry_and CP LUT6 CP boolean CP jump_logic CP FDR CP FDRE CP std_logic_vector \
      CP rboolean
FL $XILINX/hw/XilinxProcessorIPLib/pcores/microblaze_v8_30_a/hdl/vhdl/div_unit.vhd 2012/04/24.05:02:03 P.15xf
EN microblaze_v8_30_a/Div_unit 1365720379 \
      FL $XILINX/hw/XilinxProcessorIPLib/pcores/microblaze_v8_30_a/hdl/vhdl/div_unit.vhd \
      PB ieee/std_logic_1164 1335251622 PB ieee/NUMERIC_STD 1335251627 \
      LB Microblaze_v8_30_a PB microblaze_v8_30_a/MicroBlaze_Types 1365720246
AR microblaze_v8_30_a/Div_unit/IMP 1365720380 \
      FL $XILINX/hw/XilinxProcessorIPLib/pcores/microblaze_v8_30_a/hdl/vhdl/div_unit.vhd \
      EN microblaze_v8_30_a/Div_unit 1365720379 LB unisim PH unisim/VCOMPONENTS 1335251629 \
      CP natural CP std_logic_vector CP std_logic CP MUXCY_L CP XORCY CP LUT4 \
      CP MB_SRL16E
FL $XILINX/hw/XilinxProcessorIPLib/pcores/microblaze_v8_30_a/hdl/vhdl/div_unit_gti.vhd 2012/04/24.05:02:03 P.15xf
EN microblaze_v8_30_a/Div_unit_gti 1365720339 \
      FL $XILINX/hw/XilinxProcessorIPLib/pcores/microblaze_v8_30_a/hdl/vhdl/div_unit_gti.vhd \
      PB ieee/std_logic_1164 1335251622 PB ieee/NUMERIC_STD 1335251627 \
      LB Microblaze_v8_30_a LB unisim PH unisim/VCOMPONENTS 1335251629 \
      PB microblaze_v8_30_a/MicroBlaze_Types 1365720246
AR microblaze_v8_30_a/Div_unit_gti/IMP 1365720340 \
      FL $XILINX/hw/XilinxProcessorIPLib/pcores/microblaze_v8_30_a/hdl/vhdl/div_unit_gti.vhd \
      EN microblaze_v8_30_a/Div_unit_gti 1365720339 CP std_logic_vector \
      CP std_logic CP MUXCY_L CP XORCY CP LUT4
FL $XILINX/hw/XilinxProcessorIPLib/pcores/microblaze_v8_30_a/hdl/vhdl/dplb_interface.vhd 2012/04/24.05:02:03 P.15xf
EN microblaze_v8_30_a/DPLB_Interface 1365720403 \
      FL $XILINX/hw/XilinxProcessorIPLib/pcores/microblaze_v8_30_a/hdl/vhdl/dplb_interface.vhd \
      PB ieee/std_logic_1164 1335251622 LB Microblaze_v8_30_a \
      PB microblaze_v8_30_a/MicroBlaze_Types 1365720246
AR microblaze_v8_30_a/DPLB_Interface/IMP 1365720404 \
      FL $XILINX/hw/XilinxProcessorIPLib/pcores/microblaze_v8_30_a/hdl/vhdl/dplb_interface.vhd \
      EN microblaze_v8_30_a/DPLB_Interface 1365720403
FL $XILINX/hw/XilinxProcessorIPLib/pcores/microblaze_v8_30_a/hdl/vhdl/dsp_module.vhd 2012/04/24.05:02:03 P.15xf
EN microblaze_v8_30_a/dsp_module 1365720250 \
      FL $XILINX/hw/XilinxProcessorIPLib/pcores/microblaze_v8_30_a/hdl/vhdl/dsp_module.vhd \
      PB ieee/std_logic_1164 1335251622 PB ieee/NUMERIC_STD 1335251627 \
      LB Microblaze_v8_30_a LB unisim PH unisim/VCOMPONENTS 1335251629 \
      PH microblaze_v8_30_a/MicroBlaze_ISA 1365720247 \
      PB microblaze_v8_30_a/MicroBlaze_Types 1365720246
AR microblaze_v8_30_a/dsp_module/IMP 1365720251 \
      FL $XILINX/hw/XilinxProcessorIPLib/pcores/microblaze_v8_30_a/hdl/vhdl/dsp_module.vhd \
      EN microblaze_v8_30_a/dsp_module 1365720250 CP DSP48 CP std_logic_vector \
      CP DSP48E CP DSP48E1 CP virtex_opmode CP s3adsp_opmode CP DSP48A
FL $XILINX/hw/XilinxProcessorIPLib/pcores/microblaze_v8_30_a/hdl/vhdl/exception_registers.vhd 2012/04/24.05:02:03 P.15xf
EN microblaze_v8_30_a/exception_registers 1365720419 \
      FL $XILINX/hw/XilinxProcessorIPLib/pcores/microblaze_v8_30_a/hdl/vhdl/exception_registers.vhd \
      PB ieee/std_logic_1164 1335251622 PB ieee/NUMERIC_STD 1335251627 \
      LB Microblaze_v8_30_a PH microblaze_v8_30_a/MicroBlaze_ISA 1365720247 \
      PB microblaze_v8_30_a/MicroBlaze_Types 1365720246
AR microblaze_v8_30_a/exception_registers/IMP 1365720420 \
      FL $XILINX/hw/XilinxProcessorIPLib/pcores/microblaze_v8_30_a/hdl/vhdl/exception_registers.vhd \
      EN microblaze_v8_30_a/exception_registers 1365720419
FL $XILINX/hw/XilinxProcessorIPLib/pcores/microblaze_v8_30_a/hdl/vhdl/exception_registers_gti.vhd 2012/04/24.05:02:03 P.15xf
EN microblaze_v8_30_a/exception_registers_gti 1365720337 \
      FL $XILINX/hw/XilinxProcessorIPLib/pcores/microblaze_v8_30_a/hdl/vhdl/exception_registers_gti.vhd \
      PB ieee/std_logic_1164 1335251622 PB ieee/NUMERIC_STD 1335251627 \
      LB Microblaze_v8_30_a PH microblaze_v8_30_a/MicroBlaze_ISA 1365720247 \
      PB microblaze_v8_30_a/MicroBlaze_Types 1365720246
AR microblaze_v8_30_a/exception_registers_gti/IMP 1365720338 \
      FL $XILINX/hw/XilinxProcessorIPLib/pcores/microblaze_v8_30_a/hdl/vhdl/exception_registers_gti.vhd \
      EN microblaze_v8_30_a/exception_registers_gti 1365720337 LB unisim \
      PH unisim/VCOMPONENTS 1335251629 CP std_logic CP std_logic_vector CP mux_bus \
      CP LUT3 CP MULT_AND CP MUXCY_L CP LUT4 CP XORCY CP LUT6_2 CP FDE
FL $XILINX/hw/XilinxProcessorIPLib/pcores/microblaze_v8_30_a/hdl/vhdl/find_first_bit.vhd 2012/04/24.05:02:03 P.15xf
EN microblaze_v8_30_a/find_first_bit 1365720252 \
      FL $XILINX/hw/XilinxProcessorIPLib/pcores/microblaze_v8_30_a/hdl/vhdl/find_first_bit.vhd \
      PB ieee/std_logic_1164 1335251622 LB Microblaze_v8_30_a \
      PH microblaze_v8_30_a/MicroBlaze_ISA 1365720247 \
      PB microblaze_v8_30_a/MicroBlaze_Types 1365720246
AR microblaze_v8_30_a/find_first_bit/IMP 1365720253 \
      FL $XILINX/hw/XilinxProcessorIPLib/pcores/microblaze_v8_30_a/hdl/vhdl/find_first_bit.vhd \
      EN microblaze_v8_30_a/find_first_bit 1365720252
FL $XILINX/hw/XilinxProcessorIPLib/pcores/microblaze_v8_30_a/hdl/vhdl/fpu.vhd 2012/04/24.05:02:03 P.15xf
EN microblaze_v8_30_a/Fpu 1365720341 \
      FL $XILINX/hw/XilinxProcessorIPLib/pcores/microblaze_v8_30_a/hdl/vhdl/fpu.vhd \
      PB ieee/std_logic_1164 1335251622 PB ieee/NUMERIC_STD 1335251627 \
      LB Microblaze_v8_30_a LB unisim PH unisim/VCOMPONENTS 1335251629 \
      PH microblaze_v8_30_a/MicroBlaze_ISA 1365720247 \
      PB microblaze_v8_30_a/MicroBlaze_Types 1365720246
AR microblaze_v8_30_a/Fpu/IMP 1365720342 \
      FL $XILINX/hw/XilinxProcessorIPLib/pcores/microblaze_v8_30_a/hdl/vhdl/fpu.vhd \
      EN microblaze_v8_30_a/Fpu 1365720341 CP TARGET_FAMILY_TYPE CP in CP out \
      CP string CP natural CP boolean CP DATA_TYPE CP FPU_OP_TYPE CP std_logic \
      CP FPU_EXP_TYPE CP FPU_MANT_TYPE CP Exp_Plus2_T CP FPU_COND_TYPE \
      CP FPU_MANT_I_TYPE CP Result_T CP signal CP FPU_EXP_LS_TYPE \
      CP FPU_MANT_IGRS_TYPE CP rboolean CP FSR_TYPE CP std_logic_vector CP FDR CP FD \
      CP carry_compare_const CP carry_compare CP FPU_ADDSUB CP LUT4 CP MULT_AND \
      CP MUXCY_L CP XORCY CP FPU_MUL CP FPU_DIV CP fpu_sqrt CP fpu_conv
FL $XILINX/hw/XilinxProcessorIPLib/pcores/microblaze_v8_30_a/hdl/vhdl/fpu_addsub.vhd 2012/04/24.05:02:03 P.15xf
EN microblaze_v8_30_a/FPU_ADDSUB 1365720271 \
      FL $XILINX/hw/XilinxProcessorIPLib/pcores/microblaze_v8_30_a/hdl/vhdl/fpu_addsub.vhd \
      PB ieee/std_logic_1164 1335251622 PB ieee/NUMERIC_STD 1335251627 \
      LB Microblaze_v8_30_a LB unisim PH unisim/VCOMPONENTS 1335251629 \
      PH microblaze_v8_30_a/MicroBlaze_ISA 1365720247 \
      PB microblaze_v8_30_a/MicroBlaze_Types 1365720246
AR microblaze_v8_30_a/FPU_ADDSUB/IMP 1365720272 \
      FL $XILINX/hw/XilinxProcessorIPLib/pcores/microblaze_v8_30_a/hdl/vhdl/fpu_addsub.vhd \
      EN microblaze_v8_30_a/FPU_ADDSUB 1365720271 CP find_first_bit
FL $XILINX/hw/XilinxProcessorIPLib/pcores/microblaze_v8_30_a/hdl/vhdl/fpu_conv.vhd 2012/04/24.05:02:03 P.15xf
EN microblaze_v8_30_a/fpu_conv 1365720279 \
      FL $XILINX/hw/XilinxProcessorIPLib/pcores/microblaze_v8_30_a/hdl/vhdl/fpu_conv.vhd \
      PB ieee/std_logic_1164 1335251622 PB ieee/NUMERIC_STD 1335251627 \
      LB Microblaze_v8_30_a PH microblaze_v8_30_a/MicroBlaze_ISA 1365720247 \
      PB microblaze_v8_30_a/MicroBlaze_Types 1365720246
AR microblaze_v8_30_a/fpu_conv/IMP 1365720280 \
      FL $XILINX/hw/XilinxProcessorIPLib/pcores/microblaze_v8_30_a/hdl/vhdl/fpu_conv.vhd \
      EN microblaze_v8_30_a/fpu_conv 1365720279 LB unisim PH unisim/VCOMPONENTS 1335251629 \
      CP MUXCY_L CP XORCY
FL $XILINX/hw/XilinxProcessorIPLib/pcores/microblaze_v8_30_a/hdl/vhdl/fpu_div.vhd 2012/04/24.05:02:03 P.15xf
EN microblaze_v8_30_a/FPU_DIV 1365720275 \
      FL $XILINX/hw/XilinxProcessorIPLib/pcores/microblaze_v8_30_a/hdl/vhdl/fpu_div.vhd \
      PB ieee/std_logic_1164 1335251622 PB ieee/NUMERIC_STD 1335251627 \
      LB Microblaze_v8_30_a LB unisim PH unisim/VCOMPONENTS 1335251629 \
      PH microblaze_v8_30_a/MicroBlaze_ISA 1365720247 \
      PB microblaze_v8_30_a/MicroBlaze_Types 1365720246
AR microblaze_v8_30_a/FPU_DIV/IMP 1365720276 \
      FL $XILINX/hw/XilinxProcessorIPLib/pcores/microblaze_v8_30_a/hdl/vhdl/fpu_div.vhd \
      EN microblaze_v8_30_a/FPU_DIV 1365720275
FL $XILINX/hw/XilinxProcessorIPLib/pcores/microblaze_v8_30_a/hdl/vhdl/fpu_mul.vhd 2012/04/24.05:02:03 P.15xf
EN microblaze_v8_30_a/FPU_MUL 1365720273 \
      FL $XILINX/hw/XilinxProcessorIPLib/pcores/microblaze_v8_30_a/hdl/vhdl/fpu_mul.vhd \
      PB ieee/std_logic_1164 1335251622 PB ieee/NUMERIC_STD 1335251627 \
      LB Microblaze_v8_30_a PH microblaze_v8_30_a/MicroBlaze_ISA 1365720247 \
      PB microblaze_v8_30_a/MicroBlaze_Types 1365720246
AR microblaze_v8_30_a/FPU_MUL/IMP 1365720274 \
      FL $XILINX/hw/XilinxProcessorIPLib/pcores/microblaze_v8_30_a/hdl/vhdl/fpu_mul.vhd \
      EN microblaze_v8_30_a/FPU_MUL 1365720273 LB unisim PH unisim/VCOMPONENTS 1335251629 \
      CP std_logic_vector CP std_logic CP dsp_module CP MUL_OP_TYPE CP MUL_RES_TYPE \
      CP MULT18x18S
FL $XILINX/hw/XilinxProcessorIPLib/pcores/microblaze_v8_30_a/hdl/vhdl/fpu_sqrt.vhd 2012/04/24.05:02:03 P.15xf
EN microblaze_v8_30_a/fpu_sqrt 1365720277 \
      FL $XILINX/hw/XilinxProcessorIPLib/pcores/microblaze_v8_30_a/hdl/vhdl/fpu_sqrt.vhd \
      LB Microblaze_v8_30_a LB unisim PH unisim/VCOMPONENTS 1335251629 \
      PB ieee/std_logic_1164 1335251622 PH microblaze_v8_30_a/MicroBlaze_ISA 1365720247 \
      PB microblaze_v8_30_a/MicroBlaze_Types 1365720246
AR microblaze_v8_30_a/fpu_sqrt/IMP 1365720278 \
      FL $XILINX/hw/XilinxProcessorIPLib/pcores/microblaze_v8_30_a/hdl/vhdl/fpu_sqrt.vhd \
      EN microblaze_v8_30_a/fpu_sqrt 1365720277 LB unisim PH unisim/VCOMPONENTS 1335251629 \
      CP MUXCY_L CP XORCY
FL $XILINX/hw/XilinxProcessorIPLib/pcores/microblaze_v8_30_a/hdl/vhdl/fsl_module.vhd 2012/04/24.05:02:03 P.15xf
EN microblaze_v8_30_a/FSL_Module 1365720391 \
      FL $XILINX/hw/XilinxProcessorIPLib/pcores/microblaze_v8_30_a/hdl/vhdl/fsl_module.vhd \
      PB ieee/std_logic_1164 1335251622 PB ieee/NUMERIC_STD 1335251627 \
      LB Microblaze_v8_30_a LB unisim PH unisim/VCOMPONENTS 1335251629 \
      PB microblaze_v8_30_a/MicroBlaze_Types 1365720246
AR microblaze_v8_30_a/FSL_Module/IMP 1365720392 \
      FL $XILINX/hw/XilinxProcessorIPLib/pcores/microblaze_v8_30_a/hdl/vhdl/fsl_module.vhd \
      EN microblaze_v8_30_a/FSL_Module 1365720391 CP std_logic CP FDRE CP boolean
FL $XILINX/hw/XilinxProcessorIPLib/pcores/microblaze_v8_30_a/hdl/vhdl/gen_srlfifo.vhd 2012/04/24.05:02:03 P.15xf
EN microblaze_v8_30_a/srl_fifo 1365720437 \
      FL $XILINX/hw/XilinxProcessorIPLib/pcores/microblaze_v8_30_a/hdl/vhdl/gen_srlfifo.vhd \
      PB ieee/std_logic_1164 1335251622 PB ieee/NUMERIC_STD 1335251627
AR microblaze_v8_30_a/srl_fifo/IMP 1365720438 \
      FL $XILINX/hw/XilinxProcessorIPLib/pcores/microblaze_v8_30_a/hdl/vhdl/gen_srlfifo.vhd \
      EN microblaze_v8_30_a/srl_fifo 1365720437 LB unisim PH unisim/VCOMPONENTS 1335251629 \
      CP FDRE CP MUXCY_L CP XORCY CP SRL16E
FL $XILINX/hw/XilinxProcessorIPLib/pcores/microblaze_v8_30_a/hdl/vhdl/iaxi_interface.vhd 2012/04/24.05:02:03 P.15xf
EN microblaze_v8_30_a/IAXI_Interface 1365720409 \
      FL $XILINX/hw/XilinxProcessorIPLib/pcores/microblaze_v8_30_a/hdl/vhdl/iaxi_interface.vhd \
      PB ieee/std_logic_1164 1335251622 PB ieee/NUMERIC_STD 1335251627 \
      LB Microblaze_v8_30_a PB microblaze_v8_30_a/MicroBlaze_Types 1365720246
AR microblaze_v8_30_a/IAXI_Interface/IMP 1365720410 \
      FL $XILINX/hw/XilinxProcessorIPLib/pcores/microblaze_v8_30_a/hdl/vhdl/iaxi_interface.vhd \
      EN microblaze_v8_30_a/IAXI_Interface 1365720409
FL $XILINX/hw/XilinxProcessorIPLib/pcores/microblaze_v8_30_a/hdl/vhdl/icache.vhd 2012/04/24.05:02:03 P.15xf
EN microblaze_v8_30_a/Icache 1365720413 \
      FL $XILINX/hw/XilinxProcessorIPLib/pcores/microblaze_v8_30_a/hdl/vhdl/icache.vhd \
      PB ieee/std_logic_1164 1335251622 PB ieee/NUMERIC_STD 1335251627 \
      LB Microblaze_v8_30_a LB unisim PH unisim/VCOMPONENTS 1335251629 \
      PB microblaze_v8_30_a/MicroBlaze_Types 1365720246 \
      PH microblaze_v8_30_a/MicroBlaze_ISA 1365720247
AR microblaze_v8_30_a/Icache/IMP 1365720414 \
      FL $XILINX/hw/XilinxProcessorIPLib/pcores/microblaze_v8_30_a/hdl/vhdl/icache.vhd \
      EN microblaze_v8_30_a/Icache 1365720413 CP std_logic_vector CP std_logic \
      CP rboolean CP vec_mux CP comparator CP parity_request_states CP carry_and \
      CP cache_valid_bit_detect CP carry_or CP Parity CP DATA_WORD_TYPE \
      CP RAM_Module CP Cache_Interface CP boolean CP stream_cache \
      CP victim_state_type CP victim_cache
FL $XILINX/hw/XilinxProcessorIPLib/pcores/microblaze_v8_30_a/hdl/vhdl/instr_mux.vhd 2012/04/24.05:02:03 P.15xf
EN microblaze_v8_30_a/instr_mux 1365720421 \
      FL $XILINX/hw/XilinxProcessorIPLib/pcores/microblaze_v8_30_a/hdl/vhdl/instr_mux.vhd \
      PB ieee/std_logic_1164 1335251622 LB Microblaze_v8_30_a \
      PB microblaze_v8_30_a/MicroBlaze_Types 1365720246
AR microblaze_v8_30_a/instr_mux/IMP 1365720422 \
      FL $XILINX/hw/XilinxProcessorIPLib/pcores/microblaze_v8_30_a/hdl/vhdl/instr_mux.vhd \
      EN microblaze_v8_30_a/instr_mux 1365720421 LB unisim PH unisim/VCOMPONENTS 1335251629 \
      CP MUXF5 CP mux_bus CP DATA_TYPE CP std_logic_vector CP LUT6
FL $XILINX/hw/XilinxProcessorIPLib/pcores/microblaze_v8_30_a/hdl/vhdl/interrupt_mode_converter.vhd 2012/04/24.05:02:03 P.15xf
EN microblaze_v8_30_a/interrupt_mode_converter 1365720395 \
      FL $XILINX/hw/XilinxProcessorIPLib/pcores/microblaze_v8_30_a/hdl/vhdl/interrupt_mode_converter.vhd \
      PB ieee/std_logic_1164 1335251622 LB Microblaze_v8_30_a \
      PH microblaze_v8_30_a/MicroBlaze_ISA 1365720247 \
      PB microblaze_v8_30_a/MicroBlaze_Types 1365720246
AR microblaze_v8_30_a/interrupt_mode_converter/IMP 1365720396 \
      FL $XILINX/hw/XilinxProcessorIPLib/pcores/microblaze_v8_30_a/hdl/vhdl/interrupt_mode_converter.vhd \
      EN microblaze_v8_30_a/interrupt_mode_converter 1365720395
FL $XILINX/hw/XilinxProcessorIPLib/pcores/microblaze_v8_30_a/hdl/vhdl/iplb_interface.vhd 2012/04/24.05:02:03 P.15xf
EN microblaze_v8_30_a/IPLB_Interface 1365720407 \
      FL $XILINX/hw/XilinxProcessorIPLib/pcores/microblaze_v8_30_a/hdl/vhdl/iplb_interface.vhd \
      PB ieee/std_logic_1164 1335251622 PB ieee/NUMERIC_STD 1335251627 \
      LB Microblaze_v8_30_a PB microblaze_v8_30_a/MicroBlaze_Types 1365720246
AR microblaze_v8_30_a/IPLB_Interface/IMP 1365720408 \
      FL $XILINX/hw/XilinxProcessorIPLib/pcores/microblaze_v8_30_a/hdl/vhdl/iplb_interface.vhd \
      EN microblaze_v8_30_a/IPLB_Interface 1365720407
FL $XILINX/hw/XilinxProcessorIPLib/pcores/microblaze_v8_30_a/hdl/vhdl/jump_logic_gti.vhd 2012/04/24.05:02:03 P.15xf
EN microblaze_v8_30_a/jump_logic 1365720351 \
      FL $XILINX/hw/XilinxProcessorIPLib/pcores/microblaze_v8_30_a/hdl/vhdl/jump_logic_gti.vhd \
      PB ieee/std_logic_1164 1335251622 LB Microblaze_v8_30_a LB unisim \
      PH unisim/VCOMPONENTS 1335251629 PH microblaze_v8_30_a/MicroBlaze_ISA 1365720247 \
      PB microblaze_v8_30_a/MicroBlaze_Types 1365720246
AR microblaze_v8_30_a/jump_logic/IMP 1365720352 \
      FL $XILINX/hw/XilinxProcessorIPLib/pcores/microblaze_v8_30_a/hdl/vhdl/jump_logic_gti.vhd \
      EN microblaze_v8_30_a/jump_logic 1365720351 CP std_logic CP MUXCY_L
FL $XILINX/hw/XilinxProcessorIPLib/pcores/microblaze_v8_30_a/hdl/vhdl/microblaze.vhd 2012/04/24.05:02:03 P.15xf
EN microblaze_v8_30_a/MicroBlaze 1365720439 \
      FL $XILINX/hw/XilinxProcessorIPLib/pcores/microblaze_v8_30_a/hdl/vhdl/microblaze.vhd \
      PB ieee/std_logic_1164 1335251622 LB Microblaze_v8_30_a \
      PH microblaze_v8_30_a/MicroBlaze_ISA 1365720247 \
      PB microblaze_v8_30_a/MicroBlaze_Types 1365720246
AR microblaze_v8_30_a/MicroBlaze/IMP 1365720440 \
      FL $XILINX/hw/XilinxProcessorIPLib/pcores/microblaze_v8_30_a/hdl/vhdl/microblaze.vhd \
      EN microblaze_v8_30_a/MicroBlaze 1365720439 LB unisim PH unisim/VCOMPONENTS 1335251629 \
      CP MicroBlaze_Core
FL $XILINX/hw/XilinxProcessorIPLib/pcores/microblaze_v8_30_a/hdl/vhdl/microblaze_core.vhd 2012/04/24.05:02:03 P.15xf
EN microblaze_v8_30_a/MicroBlaze_Core 1365720433 \
      FL $XILINX/hw/XilinxProcessorIPLib/pcores/microblaze_v8_30_a/hdl/vhdl/microblaze_core.vhd \
      PB ieee/std_logic_1164 1335251622 LB Microblaze_v8_30_a \
      PH microblaze_v8_30_a/MicroBlaze_ISA 1365720247 \
      PB microblaze_v8_30_a/MicroBlaze_Types 1365720246
AR microblaze_v8_30_a/MicroBlaze_Core/IMP 1365720434 \
      FL $XILINX/hw/XilinxProcessorIPLib/pcores/microblaze_v8_30_a/hdl/vhdl/microblaze_core.vhd \
      EN microblaze_v8_30_a/MicroBlaze_Core 1365720433 LB unisim \
      PH unisim/VCOMPONENTS 1335251629 CP FSL_Module CP Streaming_AXI CP string \
      CP boolean CP std_logic CP std_logic_vector CP MSR_REG_TYPE CP rboolean \
      CP EXCEPTION_KIND_TYPE CP BTR_TYPE CP ESR_TYPE CP signal \
      CP interrupt_mode_converter CP Decode CP Data_Flow CP Byte_Doublet_Handle \
      CP DPLB_Interface CP DAXI_interface CP IPLB_Interface CP IAXI_Interface \
      CP MSR_TYPE CP Debug CP ICache CP carry_or CP DCache_wb CP DCache \
      CP exception_registers CP instr_mux CP DATA_TYPE CP DATA_BE_TYPE CP slv_0to1 \
      CP GPR_ADDR_TYPE CP IMM16_TYPE CP ALU_OP_TYPE CP SEXT_OP_TYPE CP SHIFT_OP_TYPE \
      CP LOGIC_OP_TYPE CP FPU_OP_TYPE CP FPU_COND_TYPE CP Decode_gti \
      CP Data_Flow_gti CP read_data_mux CP AND2B1L CP DCache_gti CP carry_and CP MMU
FL $XILINX/hw/XilinxProcessorIPLib/pcores/microblaze_v8_30_a/hdl/vhdl/microblaze_isa_be_pkg.vhd 2012/04/24.05:02:03 P.15xf
PH microblaze_v8_30_a/MicroBlaze_ISA 1365720247 \
      FL $XILINX/hw/XilinxProcessorIPLib/pcores/microblaze_v8_30_a/hdl/vhdl/microblaze_isa_be_pkg.vhd \
      PB ieee/std_logic_1164 1335251622 LB Microblaze_v8_30_a \
      PB microblaze_v8_30_a/MicroBlaze_Types 1365720246
FL $XILINX/hw/XilinxProcessorIPLib/pcores/microblaze_v8_30_a/hdl/vhdl/microblaze_primitives.vhd 2012/04/24.05:02:03 P.15xf
EN microblaze_v8_30_a/MB_SRL16E 1365720254 \
      FL $XILINX/hw/XilinxProcessorIPLib/pcores/microblaze_v8_30_a/hdl/vhdl/microblaze_primitives.vhd \
      PB ieee/std_logic_1164 1335251622
AR microblaze_v8_30_a/MB_SRL16E/IMP 1365720255 \
      FL $XILINX/hw/XilinxProcessorIPLib/pcores/microblaze_v8_30_a/hdl/vhdl/microblaze_primitives.vhd \
      EN microblaze_v8_30_a/MB_SRL16E 1365720254 LB unisim PH unisim/VCOMPONENTS 1335251629 \
      PB ieee/NUMERIC_STD 1335251627 CP SRL16E CP std_logic_vector CP string \
      CP signal
FL $XILINX/hw/XilinxProcessorIPLib/pcores/microblaze_v8_30_a/hdl/vhdl/microblaze_types_pkg.vhd 2012/04/24.05:02:03 P.15xf
PH microblaze_v8_30_a/MicroBlaze_Types 1365720245 \
      FL $XILINX/hw/XilinxProcessorIPLib/pcores/microblaze_v8_30_a/hdl/vhdl/microblaze_types_pkg.vhd \
      PB ieee/std_logic_1164 1335251622
FL $XILINX/hw/XilinxProcessorIPLib/pcores/microblaze_v8_30_a/hdl/vhdl/microblaze_types_pkg_body.vhd 2012/04/24.05:02:03 P.15xf
PB microblaze_v8_30_a/MicroBlaze_Types 1365720246 \
      FL $XILINX/hw/XilinxProcessorIPLib/pcores/microblaze_v8_30_a/hdl/vhdl/microblaze_types_pkg_body.vhd \
      PH microblaze_v8_30_a/MicroBlaze_Types 1365720245 PB ieee/std_logic_1164 1335251622 \
      PB ieee/NUMERIC_STD 1335251627
FL $XILINX/hw/XilinxProcessorIPLib/pcores/microblaze_v8_30_a/hdl/vhdl/mmu.vhd 2012/04/24.05:02:03 P.15xf
EN microblaze_v8_30_a/MMU 1365720431 \
      FL $XILINX/hw/XilinxProcessorIPLib/pcores/microblaze_v8_30_a/hdl/vhdl/mmu.vhd \
      PB ieee/std_logic_1164 1335251622 LB unisim PH unisim/VCOMPONENTS 1335251629 \
      LB Microblaze_v8_30_a PH microblaze_v8_30_a/MicroBlaze_ISA 1365720247 \
      PB microblaze_v8_30_a/MicroBlaze_Types 1365720246 \
      PH microblaze_v8_30_a/MMU_Types 1365720256
AR microblaze_v8_30_a/MMU/IMP 1365720432 \
      FL $XILINX/hw/XilinxProcessorIPLib/pcores/microblaze_v8_30_a/hdl/vhdl/mmu.vhd \
      EN microblaze_v8_30_a/MMU 1365720431 PB ieee/NUMERIC_STD 1335251627 \
      CP std_logic CP MMU_UTLB CP MMU_TLB CP std_logic_vector CP Zone_Vector_Type \
      CP SIZE_Type CP Size_Addr_Type
FL $XILINX/hw/XilinxProcessorIPLib/pcores/microblaze_v8_30_a/hdl/vhdl/mmu_tlb.vhd 2012/04/24.05:02:03 P.15xf
EN microblaze_v8_30_a/MMU_TLB 1365720311 \
      FL $XILINX/hw/XilinxProcessorIPLib/pcores/microblaze_v8_30_a/hdl/vhdl/mmu_tlb.vhd \
      PB ieee/std_logic_1164 1335251622 LB unisim PH unisim/VCOMPONENTS 1335251629 \
      LB Microblaze_v8_30_a PB microblaze_v8_30_a/MicroBlaze_Types 1365720246 \
      PH microblaze_v8_30_a/MMU_Types 1365720256
AR microblaze_v8_30_a/MMU_TLB/IMP 1365720312 \
      FL $XILINX/hw/XilinxProcessorIPLib/pcores/microblaze_v8_30_a/hdl/vhdl/mmu_tlb.vhd \
      EN microblaze_v8_30_a/MMU_TLB 1365720311 PB ieee/NUMERIC_STD 1335251627 \
      CP TAG_TID_Type CP SIZE_Type CP std_logic CP TLBHI_Entry_Type CP MUXCY_L \
      CP std_logic_vector CP carry_compare_mask CP carry_compare CP TLBLO_Type \
      CP string CP signal CP TLBLO_Entry_Type CP MUXF7
FL $XILINX/hw/XilinxProcessorIPLib/pcores/microblaze_v8_30_a/hdl/vhdl/mmu_types_pkg.vhd 2012/04/24.05:02:03 P.15xf
PH microblaze_v8_30_a/MMU_Types 1365720256 \
      FL $XILINX/hw/XilinxProcessorIPLib/pcores/microblaze_v8_30_a/hdl/vhdl/mmu_types_pkg.vhd \
      PB ieee/std_logic_1164 1335251622
FL $XILINX/hw/XilinxProcessorIPLib/pcores/microblaze_v8_30_a/hdl/vhdl/mmu_utlb.vhd 2012/04/24.05:02:03 P.15xf
EN microblaze_v8_30_a/MMU_UTLB 1365720309 \
      FL $XILINX/hw/XilinxProcessorIPLib/pcores/microblaze_v8_30_a/hdl/vhdl/mmu_utlb.vhd \
      PB ieee/std_logic_1164 1335251622 LB unisim PH unisim/VCOMPONENTS 1335251629 \
      LB Microblaze_v8_30_a PB microblaze_v8_30_a/MicroBlaze_Types 1365720246 \
      PH microblaze_v8_30_a/MMU_Types 1365720256
AR microblaze_v8_30_a/MMU_UTLB/IMP 1365720310 \
      FL $XILINX/hw/XilinxProcessorIPLib/pcores/microblaze_v8_30_a/hdl/vhdl/mmu_utlb.vhd \
      EN microblaze_v8_30_a/MMU_UTLB 1365720309 PB ieee/NUMERIC_STD 1335251627 \
      CP MMU_UTLB_RAM CP carry_compare CP carry_compare_mask CP carry_and CP integer \
      CP std_logic CP std_logic_vector CP Parity
FL $XILINX/hw/XilinxProcessorIPLib/pcores/microblaze_v8_30_a/hdl/vhdl/mmu_utlb_ram.vhd 2012/04/24.05:02:03 P.15xf
EN microblaze_v8_30_a/MMU_UTLB_RAM 1365720261 \
      FL $XILINX/hw/XilinxProcessorIPLib/pcores/microblaze_v8_30_a/hdl/vhdl/mmu_utlb_ram.vhd \
      PB ieee/std_logic_1164 1335251622
AR microblaze_v8_30_a/MMU_UTLB_RAM/IMP 1365720262 \
      FL $XILINX/hw/XilinxProcessorIPLib/pcores/microblaze_v8_30_a/hdl/vhdl/mmu_utlb_ram.vhd \
      EN microblaze_v8_30_a/MMU_UTLB_RAM 1365720261 PB ieee/NUMERIC_STD 1335251627
FL $XILINX/hw/XilinxProcessorIPLib/pcores/microblaze_v8_30_a/hdl/vhdl/msr_reg.vhd 2012/04/24.05:02:03 P.15xf
EN microblaze_v8_30_a/MSR_Reg 1365720385 \
      FL $XILINX/hw/XilinxProcessorIPLib/pcores/microblaze_v8_30_a/hdl/vhdl/msr_reg.vhd \
      PB ieee/std_logic_1164 1335251622 LB Microblaze_v8_30_a \
      PH microblaze_v8_30_a/MicroBlaze_ISA 1365720247 \
      PB microblaze_v8_30_a/MicroBlaze_Types 1365720246
AR microblaze_v8_30_a/MSR_Reg/IMP 1365720386 \
      FL $XILINX/hw/XilinxProcessorIPLib/pcores/microblaze_v8_30_a/hdl/vhdl/msr_reg.vhd \
      EN microblaze_v8_30_a/MSR_Reg 1365720385 CP MSR_Reg_Bit
FL $XILINX/hw/XilinxProcessorIPLib/pcores/microblaze_v8_30_a/hdl/vhdl/msr_reg_bit.vhd 2012/04/24.05:02:03 P.15xf
EN microblaze_v8_30_a/MSR_Reg_Bit 1365720299 \
      FL $XILINX/hw/XilinxProcessorIPLib/pcores/microblaze_v8_30_a/hdl/vhdl/msr_reg_bit.vhd \
      PB ieee/std_logic_1164 1335251622 LB Microblaze_v8_30_a LB unisim \
      PH unisim/VCOMPONENTS 1335251629 PB microblaze_v8_30_a/MicroBlaze_Types 1365720246
AR microblaze_v8_30_a/MSR_Reg_Bit/IMP 1365720300 \
      FL $XILINX/hw/XilinxProcessorIPLib/pcores/microblaze_v8_30_a/hdl/vhdl/msr_reg_bit.vhd \
      EN microblaze_v8_30_a/MSR_Reg_Bit 1365720299 CP FDRSE
FL $XILINX/hw/XilinxProcessorIPLib/pcores/microblaze_v8_30_a/hdl/vhdl/msr_reg_gti.vhd 2012/04/24.05:02:03 P.15xf
EN microblaze_v8_30_a/msr_reg_gti 1365720335 \
      FL $XILINX/hw/XilinxProcessorIPLib/pcores/microblaze_v8_30_a/hdl/vhdl/msr_reg_gti.vhd \
      PB ieee/std_logic_1164 1335251622 LB Microblaze_v8_30_a LB unisim \
      PH unisim/VCOMPONENTS 1335251629 PB microblaze_v8_30_a/MicroBlaze_Types 1365720246 \
      PH microblaze_v8_30_a/MicroBlaze_ISA 1365720247
AR microblaze_v8_30_a/msr_reg_gti/msr_reg 1365720336 \
      FL $XILINX/hw/XilinxProcessorIPLib/pcores/microblaze_v8_30_a/hdl/vhdl/msr_reg_gti.vhd \
      EN microblaze_v8_30_a/msr_reg_gti 1365720335 CP MSR_TYPE CP FDS CP FDR
FL $XILINX/hw/XilinxProcessorIPLib/pcores/microblaze_v8_30_a/hdl/vhdl/mul_unit.vhd 2012/04/24.05:02:03 P.15xf
EN microblaze_v8_30_a/mul_unit 1365720323 \
      FL $XILINX/hw/XilinxProcessorIPLib/pcores/microblaze_v8_30_a/hdl/vhdl/mul_unit.vhd \
      PB ieee/std_logic_1164 1335251622 PB ieee/NUMERIC_STD 1335251627 \
      LB Microblaze_v8_30_a LB unisim PH unisim/VCOMPONENTS 1335251629 \
      PH microblaze_v8_30_a/MicroBlaze_ISA 1365720247 \
      PB microblaze_v8_30_a/MicroBlaze_Types 1365720246
AR microblaze_v8_30_a/mul_unit/IMP 1365720324 \
      FL $XILINX/hw/XilinxProcessorIPLib/pcores/microblaze_v8_30_a/hdl/vhdl/mul_unit.vhd \
      EN microblaze_v8_30_a/mul_unit 1365720323 CP MUL_OP_TYPE CP std_logic \
      CP MUL_RES_TYPE CP std_logic_vector CP boolean CP DATA_TYPE CP MULT18x18S \
      CP dsp_module
FL $XILINX/hw/XilinxProcessorIPLib/pcores/microblaze_v8_30_a/hdl/vhdl/mux4.vhd 2012/04/24.05:02:03 P.15xf
EN microblaze_v8_30_a/mux4 1365720435 \
      FL $XILINX/hw/XilinxProcessorIPLib/pcores/microblaze_v8_30_a/hdl/vhdl/mux4.vhd \
      PB ieee/std_logic_1164 1335251622 LB unisim LB Microblaze_v8_30_a \
      PB microblaze_v8_30_a/MicroBlaze_Types 1365720246
AR microblaze_v8_30_a/mux4/IMP 1365720436 \
      FL $XILINX/hw/XilinxProcessorIPLib/pcores/microblaze_v8_30_a/hdl/vhdl/mux4.vhd \
      EN microblaze_v8_30_a/mux4 1365720435 CP MUXF5
FL $XILINX/hw/XilinxProcessorIPLib/pcores/microblaze_v8_30_a/hdl/vhdl/mux4_8.vhd 2012/04/24.05:02:03 P.15xf
EN microblaze_v8_30_a/mux4_8 1365720369 \
      FL $XILINX/hw/XilinxProcessorIPLib/pcores/microblaze_v8_30_a/hdl/vhdl/mux4_8.vhd \
      PB ieee/std_logic_1164 1335251622 LB unisim PH unisim/VCOMPONENTS 1335251629 \
      LB Microblaze_v8_30_a PB microblaze_v8_30_a/MicroBlaze_Types 1365720246
AR microblaze_v8_30_a/mux4_8/IMP 1365720370 \
      FL $XILINX/hw/XilinxProcessorIPLib/pcores/microblaze_v8_30_a/hdl/vhdl/mux4_8.vhd \
      EN microblaze_v8_30_a/mux4_8 1365720369 CP std_logic_vector CP std_logic \
      CP LUT3 CP MUXF5 CP LUT6_2
FL $XILINX/hw/XilinxProcessorIPLib/pcores/microblaze_v8_30_a/hdl/vhdl/mux_bus.vhd 2012/04/24.05:02:03 P.15xf
EN microblaze_v8_30_a/mux_bus 1365720267 \
      FL $XILINX/hw/XilinxProcessorIPLib/pcores/microblaze_v8_30_a/hdl/vhdl/mux_bus.vhd \
      PB ieee/std_logic_1164 1335251622 LB unisim PH unisim/VCOMPONENTS 1335251629 \
      LB Microblaze_v8_30_a PB microblaze_v8_30_a/MicroBlaze_Types 1365720246
AR microblaze_v8_30_a/mux_bus/IMP 1365720268 \
      FL $XILINX/hw/XilinxProcessorIPLib/pcores/microblaze_v8_30_a/hdl/vhdl/mux_bus.vhd \
      EN microblaze_v8_30_a/mux_bus 1365720267 CP std_logic_vector CP LUT6_2
FL $XILINX/hw/XilinxProcessorIPLib/pcores/microblaze_v8_30_a/hdl/vhdl/operand_select.vhd 2012/04/24.05:02:03 P.15xf
EN microblaze_v8_30_a/Operand_Select 1365720373 \
      FL $XILINX/hw/XilinxProcessorIPLib/pcores/microblaze_v8_30_a/hdl/vhdl/operand_select.vhd \
      PB ieee/std_logic_1164 1335251622 PB ieee/NUMERIC_STD 1335251627 \
      LB Microblaze_v8_30_a PH microblaze_v8_30_a/MicroBlaze_ISA 1365720247 \
      PB microblaze_v8_30_a/MicroBlaze_Types 1365720246
AR microblaze_v8_30_a/Operand_Select/IMP 1365720374 \
      FL $XILINX/hw/XilinxProcessorIPLib/pcores/microblaze_v8_30_a/hdl/vhdl/operand_select.vhd \
      EN microblaze_v8_30_a/Operand_Select 1365720373 CP Boolean_array \
      CP Operand_Select_Bit CP std_logic_vector
FL $XILINX/hw/XilinxProcessorIPLib/pcores/microblaze_v8_30_a/hdl/vhdl/operand_select_bit.vhd 2012/04/24.05:02:03 P.15xf
EN microblaze_v8_30_a/Operand_Select_Bit 1365720305 \
      FL $XILINX/hw/XilinxProcessorIPLib/pcores/microblaze_v8_30_a/hdl/vhdl/operand_select_bit.vhd \
      PB ieee/std_logic_1164 1335251622 LB Microblaze_v8_30_a LB unisim \
      PH unisim/VCOMPONENTS 1335251629 PB microblaze_v8_30_a/MicroBlaze_Types 1365720246
AR microblaze_v8_30_a/Operand_Select_Bit/IMP 1365720306 \
      FL $XILINX/hw/XilinxProcessorIPLib/pcores/microblaze_v8_30_a/hdl/vhdl/operand_select_bit.vhd \
      EN microblaze_v8_30_a/Operand_Select_Bit 1365720305 CP LUT6_2 CP LUT3 CP LUT2 \
      CP LUT4 CP MUXF5 CP FDE CP std_logic
FL $XILINX/hw/XilinxProcessorIPLib/pcores/microblaze_v8_30_a/hdl/vhdl/operand_select_gti.vhd 2012/04/24.05:02:03 P.15xf
EN microblaze_v8_30_a/Operand_Select_gti 1365720317 \
      FL $XILINX/hw/XilinxProcessorIPLib/pcores/microblaze_v8_30_a/hdl/vhdl/operand_select_gti.vhd \
      PB ieee/std_logic_1164 1335251622 LB Microblaze_v8_30_a LB unisim \
      PH unisim/VCOMPONENTS 1335251629 PH microblaze_v8_30_a/MicroBlaze_ISA 1365720247 \
      PB microblaze_v8_30_a/MicroBlaze_Types 1365720246
AR microblaze_v8_30_a/Operand_Select_gti/IMP 1365720318 \
      FL $XILINX/hw/XilinxProcessorIPLib/pcores/microblaze_v8_30_a/hdl/vhdl/operand_select_gti.vhd \
      EN microblaze_v8_30_a/Operand_Select_gti 1365720317 CP std_logic CP MUXF7
FL $XILINX/hw/XilinxProcessorIPLib/pcores/microblaze_v8_30_a/hdl/vhdl/parity.vhd 2012/04/24.05:02:03 P.15xf
EN microblaze_v8_30_a/Parity_Recursive_LUT6 1365720263 \
      FL $XILINX/hw/XilinxProcessorIPLib/pcores/microblaze_v8_30_a/hdl/vhdl/parity.vhd \
      PB ieee/std_logic_1164 1335251622
AR microblaze_v8_30_a/Parity_Recursive_LUT6/IMP 1365720264 \
      FL $XILINX/hw/XilinxProcessorIPLib/pcores/microblaze_v8_30_a/hdl/vhdl/parity.vhd \
      EN microblaze_v8_30_a/Parity_Recursive_LUT6 1365720263 LB unisim \
      PH unisim/VCOMPONENTS 1335251629 CP std_logic_vector CP LUT6 CP std_logic \
      CP MUXF7 CP integer_array CP integer CP Parity_Recursive_LUT6
EN microblaze_v8_30_a/Parity 1365720265 \
      FL $XILINX/hw/XilinxProcessorIPLib/pcores/microblaze_v8_30_a/hdl/vhdl/parity.vhd \
      PB ieee/std_logic_1164 1335251622 LB Microblaze_v8_30_a \
      PB microblaze_v8_30_a/MicroBlaze_Types 1365720246
AR microblaze_v8_30_a/Parity/IMP 1365720266 \
      FL $XILINX/hw/XilinxProcessorIPLib/pcores/microblaze_v8_30_a/hdl/vhdl/parity.vhd \
      EN microblaze_v8_30_a/Parity 1365720265 LB unisim PH unisim/VCOMPONENTS 1335251629 \
      CP std_logic_vector CP std_logic CP LUT6 CP MUXCY_L CP XORCY \
      CP Parity_Recursive_LUT6
FL $XILINX/hw/XilinxProcessorIPLib/pcores/microblaze_v8_30_a/hdl/vhdl/pc_bit.vhd 2012/04/24.05:02:03 P.15xf
EN microblaze_v8_30_a/PC_Bit 1365720297 \
      FL $XILINX/hw/XilinxProcessorIPLib/pcores/microblaze_v8_30_a/hdl/vhdl/pc_bit.vhd \
      PB ieee/std_logic_1164 1335251622 PB ieee/NUMERIC_STD 1335251627 \
      LB Microblaze_v8_30_a LB unisim PH unisim/VCOMPONENTS 1335251629 \
      PB microblaze_v8_30_a/MicroBlaze_Types 1365720246
AR microblaze_v8_30_a/PC_Bit/IMP 1365720298 \
      FL $XILINX/hw/XilinxProcessorIPLib/pcores/microblaze_v8_30_a/hdl/vhdl/pc_bit.vhd \
      EN microblaze_v8_30_a/PC_Bit 1365720297 CP LUT4 CP MUXCY_L CP XORCY CP FDSE \
      CP FDRE CP MB_SRL16E CP FDE
FL $XILINX/hw/XilinxProcessorIPLib/pcores/microblaze_v8_30_a/hdl/vhdl/pc_module.vhd 2012/04/24.05:02:03 P.15xf
EN microblaze_v8_30_a/PC_Module 1365720387 \
      FL $XILINX/hw/XilinxProcessorIPLib/pcores/microblaze_v8_30_a/hdl/vhdl/pc_module.vhd \
      PB ieee/std_logic_1164 1335251622 PB ieee/NUMERIC_STD 1335251627 \
      LB Microblaze_v8_30_a PB microblaze_v8_30_a/MicroBlaze_Types 1365720246
AR microblaze_v8_30_a/PC_Module/IMP 1365720388 \
      FL $XILINX/hw/XilinxProcessorIPLib/pcores/microblaze_v8_30_a/hdl/vhdl/pc_module.vhd \
      EN microblaze_v8_30_a/PC_Module 1365720387 CP boolean CP std_logic_vector \
      CP string CP signal CP PC_Bit CP SRL16_BUFFER_TYPE
FL $XILINX/hw/XilinxProcessorIPLib/pcores/microblaze_v8_30_a/hdl/vhdl/pc_module_gti.vhd 2012/04/24.05:02:03 P.15xf
EN microblaze_v8_30_a/PC_Module_gti 1365720347 \
      FL $XILINX/hw/XilinxProcessorIPLib/pcores/microblaze_v8_30_a/hdl/vhdl/pc_module_gti.vhd \
      PB ieee/std_logic_1164 1335251622 PB ieee/NUMERIC_STD 1335251627 LB unisim \
      PH unisim/VCOMPONENTS 1335251629 LB Microblaze_v8_30_a \
      PH microblaze_v8_30_a/MicroBlaze_ISA 1365720247 \
      PB microblaze_v8_30_a/MicroBlaze_Types 1365720246
AR microblaze_v8_30_a/PC_Module_gti/IMP 1365720348 \
      FL $XILINX/hw/XilinxProcessorIPLib/pcores/microblaze_v8_30_a/hdl/vhdl/pc_module_gti.vhd \
      EN microblaze_v8_30_a/PC_Module_gti 1365720347 CP DATA_TYPE \
      CP std_logic_vector CP MUXCY_L CP XORCY CP std_logic CP signal CP MUXF7 CP MUXF5 \
      CP FDR CP boolean CP natural CP mmu_vector CP integer CP width_select_vector \
      CP width_vector CP rboolean CP Prediction_Buffer_Type CP slv_0to3 CP slv_0to1 \
      CP Parity CP carry_and CP RAM_Module CP comparator CP carry_or
FL $XILINX/hw/XilinxProcessorIPLib/pcores/microblaze_v8_30_a/hdl/vhdl/prefetch_buffer.vhd 2012/04/24.05:02:03 P.15xf
EN microblaze_v8_30_a/PreFetch_Buffer 1365720389 \
      FL $XILINX/hw/XilinxProcessorIPLib/pcores/microblaze_v8_30_a/hdl/vhdl/prefetch_buffer.vhd \
      PB ieee/std_logic_1164 1335251622 PB ieee/NUMERIC_STD 1335251627 \
      LB Microblaze_v8_30_a LB unisim PH unisim/VCOMPONENTS 1335251629 \
      PB microblaze_v8_30_a/MicroBlaze_Types 1365720246
AR microblaze_v8_30_a/PreFetch_Buffer/IMP 1365720390 \
      FL $XILINX/hw/XilinxProcessorIPLib/pcores/microblaze_v8_30_a/hdl/vhdl/prefetch_buffer.vhd \
      EN microblaze_v8_30_a/PreFetch_Buffer 1365720389 CP std_logic_vector \
      CP MB_SRL16E CP MUXCY_L CP XORCY CP FDS CP FDR CP SRL16_TYPE
FL $XILINX/hw/XilinxProcessorIPLib/pcores/microblaze_v8_30_a/hdl/vhdl/prefetch_buffer_gti.vhd 2012/04/24.05:02:03 P.15xf
EN microblaze_v8_30_a/PreFetch_Buffer_gti 1365720349 \
      FL $XILINX/hw/XilinxProcessorIPLib/pcores/microblaze_v8_30_a/hdl/vhdl/prefetch_buffer_gti.vhd \
      PB ieee/std_logic_1164 1335251622 PB ieee/NUMERIC_STD 1335251627 \
      LB Microblaze_v8_30_a PH microblaze_v8_30_a/MicroBlaze_ISA 1365720247 \
      PB microblaze_v8_30_a/MicroBlaze_Types 1365720246
AR microblaze_v8_30_a/PreFetch_Buffer_gti/IMP 1365720350 \
      FL $XILINX/hw/XilinxProcessorIPLib/pcores/microblaze_v8_30_a/hdl/vhdl/prefetch_buffer_gti.vhd \
      EN microblaze_v8_30_a/PreFetch_Buffer_gti 1365720349 LB unisim \
      PH unisim/VCOMPONENTS 1335251629 CP std_logic CP instr_data_exp_type CP MUXF7 \
      CP MUXF5 CP FDR CP std_logic_vector CP LUT6 CP FDS
FL $XILINX/hw/XilinxProcessorIPLib/pcores/microblaze_v8_30_a/hdl/vhdl/pvr.vhd 2012/04/24.05:02:03 P.15xf
EN microblaze_v8_30_a/PVR 1365720343 \
      FL $XILINX/hw/XilinxProcessorIPLib/pcores/microblaze_v8_30_a/hdl/vhdl/pvr.vhd \
      PB ieee/std_logic_1164 1335251622 PB ieee/NUMERIC_STD 1335251627 \
      LB Microblaze_v8_30_a LB unisim PH unisim/VCOMPONENTS 1335251629 \
      PH microblaze_v8_30_a/MicroBlaze_ISA 1365720247 \
      PB microblaze_v8_30_a/MicroBlaze_Types 1365720246
AR microblaze_v8_30_a/PVR/IMP 1365720344 \
      FL $XILINX/hw/XilinxProcessorIPLib/pcores/microblaze_v8_30_a/hdl/vhdl/pvr.vhd \
      EN microblaze_v8_30_a/PVR 1365720343 CP PVR_TYPE CP string CP signal
FL $XILINX/hw/XilinxProcessorIPLib/pcores/microblaze_v8_30_a/hdl/vhdl/ram_module.vhd 2012/04/24.05:02:03 P.15xf
EN microblaze_v8_30_a/RAM_Module 1365720289 \
      FL $XILINX/hw/XilinxProcessorIPLib/pcores/microblaze_v8_30_a/hdl/vhdl/ram_module.vhd \
      PB ieee/std_logic_1164 1335251622 LB unisim PH unisim/VCOMPONENTS 1335251629 \
      LB Microblaze_v8_30_a PB microblaze_v8_30_a/MicroBlaze_Types 1365720246
AR microblaze_v8_30_a/RAM_Module/IMP 1365720290 \
      FL $XILINX/hw/XilinxProcessorIPLib/pcores/microblaze_v8_30_a/hdl/vhdl/ram_module.vhd \
      EN microblaze_v8_30_a/RAM_Module 1365720289 PB ieee/NUMERIC_STD 1335251627 \
      CP std_logic_vector CP RAMB36 CP RAMB16 CP RAMB16BWE CP RAMB16_S36_S36 \
      CP RAMB16_S18_S18 CP RAMB16_S9_S9 CP integer CP std_logic CP RAMB16_S4_S4 \
      CP RAMB16_S2_S2 CP RAMB16_S1_S1 CP ram_output CP RAM_Module
FL $XILINX/hw/XilinxProcessorIPLib/pcores/microblaze_v8_30_a/hdl/vhdl/read_data_mux_gti.vhd 2012/04/24.05:02:03 P.15xf
EN microblaze_v8_30_a/read_data_mux 1365720427 \
      FL $XILINX/hw/XilinxProcessorIPLib/pcores/microblaze_v8_30_a/hdl/vhdl/read_data_mux_gti.vhd \
      PB ieee/std_logic_1164 1335251622 LB Microblaze_v8_30_a \
      PH microblaze_v8_30_a/MicroBlaze_ISA 1365720247 \
      PB microblaze_v8_30_a/MicroBlaze_Types 1365720246
AR microblaze_v8_30_a/read_data_mux/IMP 1365720428 \
      FL $XILINX/hw/XilinxProcessorIPLib/pcores/microblaze_v8_30_a/hdl/vhdl/read_data_mux_gti.vhd \
      EN microblaze_v8_30_a/read_data_mux 1365720427
FL $XILINX/hw/XilinxProcessorIPLib/pcores/microblaze_v8_30_a/hdl/vhdl/register_file.vhd 2012/04/24.05:02:03 P.15xf
EN microblaze_v8_30_a/Register_File 1365720371 \
      FL $XILINX/hw/XilinxProcessorIPLib/pcores/microblaze_v8_30_a/hdl/vhdl/register_file.vhd \
      PB ieee/std_logic_1164 1335251622 PB ieee/NUMERIC_STD 1335251627 \
      LB Microblaze_v8_30_a PB microblaze_v8_30_a/MicroBlaze_Types 1365720246
AR microblaze_v8_30_a/Register_File/IMP 1365720372 \
      FL $XILINX/hw/XilinxProcessorIPLib/pcores/microblaze_v8_30_a/hdl/vhdl/register_file.vhd \
      EN microblaze_v8_30_a/Register_File 1365720371 CP Register_File_Bit \
      CP REG_FILE_TYPE CP string CP signal
FL $XILINX/hw/XilinxProcessorIPLib/pcores/microblaze_v8_30_a/hdl/vhdl/register_file_bit.vhd 2012/04/24.05:02:03 P.15xf
EN microblaze_v8_30_a/Register_File_Bit 1365720307 \
      FL $XILINX/hw/XilinxProcessorIPLib/pcores/microblaze_v8_30_a/hdl/vhdl/register_file_bit.vhd \
      PB ieee/std_logic_1164 1335251622 LB Microblaze_v8_30_a \
      PB microblaze_v8_30_a/MicroBlaze_Types 1365720246
AR microblaze_v8_30_a/Register_File_Bit/IMP 1365720308 \
      FL $XILINX/hw/XilinxProcessorIPLib/pcores/microblaze_v8_30_a/hdl/vhdl/register_file_bit.vhd \
      EN microblaze_v8_30_a/Register_File_Bit 1365720307 LB unisim \
      PH unisim/VCOMPONENTS 1335251629 CP std_logic CP RAM32x1D CP RAM16x1D CP LUT3
FL $XILINX/hw/XilinxProcessorIPLib/pcores/microblaze_v8_30_a/hdl/vhdl/register_file_gti.vhd 2012/04/24.05:02:03 P.15xf
EN microblaze_v8_30_a/Register_File_gti 1365720315 \
      FL $XILINX/hw/XilinxProcessorIPLib/pcores/microblaze_v8_30_a/hdl/vhdl/register_file_gti.vhd \
      PB ieee/std_logic_1164 1335251622 PB ieee/NUMERIC_STD 1335251627 \
      LB Microblaze_v8_30_a PB microblaze_v8_30_a/MicroBlaze_Types 1365720246
AR microblaze_v8_30_a/Register_File_gti/IMP 1365720316 \
      FL $XILINX/hw/XilinxProcessorIPLib/pcores/microblaze_v8_30_a/hdl/vhdl/register_file_gti.vhd \
      EN microblaze_v8_30_a/Register_File_gti 1365720315 LB unisim \
      PH unisim/VCOMPONENTS 1335251629 CP RAM32M
FL $XILINX/hw/XilinxProcessorIPLib/pcores/microblaze_v8_30_a/hdl/vhdl/result_mux.vhd 2012/04/24.05:02:03 P.15xf
EN microblaze_v8_30_a/Result_Mux 1365720381 \
      FL $XILINX/hw/XilinxProcessorIPLib/pcores/microblaze_v8_30_a/hdl/vhdl/result_mux.vhd \
      PB ieee/std_logic_1164 1335251622 LB Microblaze_v8_30_a \
      PB microblaze_v8_30_a/MicroBlaze_Types 1365720246
AR microblaze_v8_30_a/Result_Mux/IMP 1365720382 \
      FL $XILINX/hw/XilinxProcessorIPLib/pcores/microblaze_v8_30_a/hdl/vhdl/result_mux.vhd \
      EN microblaze_v8_30_a/Result_Mux 1365720381 CP Result_Mux_Bit \
      CP std_logic_vector
FL $XILINX/hw/XilinxProcessorIPLib/pcores/microblaze_v8_30_a/hdl/vhdl/result_mux_bit.vhd 2012/04/24.05:02:03 P.15xf
EN microblaze_v8_30_a/Result_Mux_Bit 1365720301 \
      FL $XILINX/hw/XilinxProcessorIPLib/pcores/microblaze_v8_30_a/hdl/vhdl/result_mux_bit.vhd \
      PB ieee/std_logic_1164 1335251622 LB Microblaze_v8_30_a \
      PB microblaze_v8_30_a/MicroBlaze_Types 1365720246
AR microblaze_v8_30_a/Result_Mux_Bit/IMP 1365720302 \
      FL $XILINX/hw/XilinxProcessorIPLib/pcores/microblaze_v8_30_a/hdl/vhdl/result_mux_bit.vhd \
      EN microblaze_v8_30_a/Result_Mux_Bit 1365720301 LB unisim \
      PH unisim/VCOMPONENTS 1335251629 CP LUT4 CP MUXF5 CP FD
FL $XILINX/hw/XilinxProcessorIPLib/pcores/microblaze_v8_30_a/hdl/vhdl/shift_logic.vhd 2012/04/24.05:02:03 P.15xf
EN microblaze_v8_30_a/Shift_Logic_Module 1365720375 \
      FL $XILINX/hw/XilinxProcessorIPLib/pcores/microblaze_v8_30_a/hdl/vhdl/shift_logic.vhd \
      PB ieee/std_logic_1164 1335251622 LB Microblaze_v8_30_a \
      PH microblaze_v8_30_a/MicroBlaze_ISA 1365720247 \
      PB microblaze_v8_30_a/MicroBlaze_Types 1365720246
AR microblaze_v8_30_a/Shift_Logic_Module/IMP 1365720376 \
      FL $XILINX/hw/XilinxProcessorIPLib/pcores/microblaze_v8_30_a/hdl/vhdl/shift_logic.vhd \
      EN microblaze_v8_30_a/Shift_Logic_Module 1365720375 LB unisim \
      PH unisim/VCOMPONENTS 1335251629 CP Shift_Logic_Bit CP std_logic_vector \
      CP std_logic CP count_leading_zeros CP carry_equal CP LUT4 CP MUXF5 CP LUT2
FL $XILINX/hw/XilinxProcessorIPLib/pcores/microblaze_v8_30_a/hdl/vhdl/shift_logic_bit.vhd 2012/04/24.05:02:03 P.15xf
EN microblaze_v8_30_a/Shift_Logic_Bit 1365720303 \
      FL $XILINX/hw/XilinxProcessorIPLib/pcores/microblaze_v8_30_a/hdl/vhdl/shift_logic_bit.vhd \
      PB ieee/std_logic_1164 1335251622 LB Microblaze_v8_30_a \
      PB microblaze_v8_30_a/MicroBlaze_Types 1365720246
AR microblaze_v8_30_a/Shift_Logic_Bit/IMP 1365720304 \
      FL $XILINX/hw/XilinxProcessorIPLib/pcores/microblaze_v8_30_a/hdl/vhdl/shift_logic_bit.vhd \
      EN microblaze_v8_30_a/Shift_Logic_Bit 1365720303 LB unisim \
      PH unisim/VCOMPONENTS 1335251629 CP LUT4 CP MUXF5
FL $XILINX/hw/XilinxProcessorIPLib/pcores/microblaze_v8_30_a/hdl/vhdl/shift_logic_gti.vhd 2012/04/24.05:02:03 P.15xf
EN microblaze_v8_30_a/Shift_Logic_Module_gti 1365720321 \
      FL $XILINX/hw/XilinxProcessorIPLib/pcores/microblaze_v8_30_a/hdl/vhdl/shift_logic_gti.vhd \
      PB ieee/std_logic_1164 1335251622 LB Microblaze_v8_30_a LB unisim \
      PH unisim/VCOMPONENTS 1335251629 PH microblaze_v8_30_a/MicroBlaze_ISA 1365720247 \
      PB microblaze_v8_30_a/MicroBlaze_Types 1365720246
AR microblaze_v8_30_a/Shift_Logic_Module_gti/IMP 1365720322 \
      FL $XILINX/hw/XilinxProcessorIPLib/pcores/microblaze_v8_30_a/hdl/vhdl/shift_logic_gti.vhd \
      EN microblaze_v8_30_a/Shift_Logic_Module_gti 1365720321 CP DATA_TYPE \
      CP std_logic CP MUXF5 CP LUT6 CP std_logic_vector CP MUXF7 \
      CP count_leading_zeros CP carry_equal CP LUT4
FL $XILINX/hw/XilinxProcessorIPLib/pcores/microblaze_v8_30_a/hdl/vhdl/stack_protection.vhd 2012/04/24.05:02:03 P.15xf
EN microblaze_v8_30_a/stack_protection 1365720345 \
      FL $XILINX/hw/XilinxProcessorIPLib/pcores/microblaze_v8_30_a/hdl/vhdl/stack_protection.vhd \
      PB ieee/std_logic_1164 1335251622 PB ieee/NUMERIC_STD 1335251627 \
      LB Microblaze_v8_30_a PH microblaze_v8_30_a/MicroBlaze_ISA 1365720247 \
      PB microblaze_v8_30_a/MicroBlaze_Types 1365720246
AR microblaze_v8_30_a/stack_protection/IMP 1365720346 \
      FL $XILINX/hw/XilinxProcessorIPLib/pcores/microblaze_v8_30_a/hdl/vhdl/stack_protection.vhd \
      EN microblaze_v8_30_a/stack_protection 1365720345 CP std_logic
FL $XILINX/hw/XilinxProcessorIPLib/pcores/microblaze_v8_30_a/hdl/vhdl/streaming_axi.vhd 2012/04/24.05:02:03 P.15xf
EN microblaze_v8_30_a/Streaming_AXI 1365720393 \
      FL $XILINX/hw/XilinxProcessorIPLib/pcores/microblaze_v8_30_a/hdl/vhdl/streaming_axi.vhd \
      PB ieee/std_logic_1164 1335251622 PB ieee/NUMERIC_STD 1335251627 \
      LB Microblaze_v8_30_a LB unisim PH unisim/VCOMPONENTS 1335251629 \
      PB microblaze_v8_30_a/MicroBlaze_Types 1365720246
AR microblaze_v8_30_a/Streaming_AXI/IMP 1365720394 \
      FL $XILINX/hw/XilinxProcessorIPLib/pcores/microblaze_v8_30_a/hdl/vhdl/streaming_axi.vhd \
      EN microblaze_v8_30_a/Streaming_AXI 1365720393 CP std_logic CP boolean \
      CP FDRE
FL $XILINX/hw/XilinxProcessorIPLib/pcores/microblaze_v8_30_a/hdl/vhdl/stream_cache.vhd 2012/04/24.05:02:03 P.15xf
EN microblaze_v8_30_a/stream_cache 1365720361 \
      FL $XILINX/hw/XilinxProcessorIPLib/pcores/microblaze_v8_30_a/hdl/vhdl/stream_cache.vhd \
      PB ieee/std_logic_1164 1335251622 PB ieee/NUMERIC_STD 1335251627 \
      LB Microblaze_v8_30_a LB unisim PH unisim/VCOMPONENTS 1335251629 \
      PB microblaze_v8_30_a/MicroBlaze_Types 1365720246
AR microblaze_v8_30_a/stream_cache/IMP 1365720362 \
      FL $XILINX/hw/XilinxProcessorIPLib/pcores/microblaze_v8_30_a/hdl/vhdl/stream_cache.vhd \
      EN microblaze_v8_30_a/stream_cache 1365720361 CP MUXCY_L CP XORCY CP FDRE
FL $XILINX/hw/XilinxProcessorIPLib/pcores/microblaze_v8_30_a/hdl/vhdl/vec_mux.vhd 2012/04/24.05:02:03 P.15xf
EN microblaze_v8_30_a/vec_mux 1365720355 \
      FL $XILINX/hw/XilinxProcessorIPLib/pcores/microblaze_v8_30_a/hdl/vhdl/vec_mux.vhd \
      PB ieee/std_logic_1164 1335251622 LB unisim LB Microblaze_v8_30_a \
      PB microblaze_v8_30_a/MicroBlaze_Types 1365720246
AR microblaze_v8_30_a/vec_mux/IMP 1365720356 \
      FL $XILINX/hw/XilinxProcessorIPLib/pcores/microblaze_v8_30_a/hdl/vhdl/vec_mux.vhd \
      EN microblaze_v8_30_a/vec_mux 1365720355
FL $XILINX/hw/XilinxProcessorIPLib/pcores/microblaze_v8_30_a/hdl/vhdl/victim_cache.vhd 2012/04/24.05:02:03 P.15xf
EN microblaze_v8_30_a/LRU_Module 1365720357 \
      FL $XILINX/hw/XilinxProcessorIPLib/pcores/microblaze_v8_30_a/hdl/vhdl/victim_cache.vhd \
      PB ieee/std_logic_1164 1335251622 PB ieee/NUMERIC_STD 1335251627
AR microblaze_v8_30_a/LRU_Module/LRU_Module 1365720358 \
      FL $XILINX/hw/XilinxProcessorIPLib/pcores/microblaze_v8_30_a/hdl/vhdl/victim_cache.vhd \
      EN microblaze_v8_30_a/LRU_Module 1365720357 CP std_logic CP std_logic_vector
EN microblaze_v8_30_a/victim_cache 1365720359 \
      FL $XILINX/hw/XilinxProcessorIPLib/pcores/microblaze_v8_30_a/hdl/vhdl/victim_cache.vhd \
      PB ieee/std_logic_1164 1335251622 PB ieee/NUMERIC_STD 1335251627 \
      LB Microblaze_v8_30_a LB unisim PH unisim/VCOMPONENTS 1335251629 \
      PB microblaze_v8_30_a/MicroBlaze_Types 1365720246
AR microblaze_v8_30_a/victim_cache/IMP 1365720360 \
      FL $XILINX/hw/XilinxProcessorIPLib/pcores/microblaze_v8_30_a/hdl/vhdl/victim_cache.vhd \
      EN microblaze_v8_30_a/victim_cache 1365720359 CP LRU_Module
FL $XILINX/hw/XilinxProcessorIPLib/pcores/microblaze_v8_30_a/hdl/vhdl/wb_mux_bit_gti.vhd 2012/04/24.05:02:03 P.15xf
EN microblaze_v8_30_a/WB_Mux_Bit 1365720281 \
      FL $XILINX/hw/XilinxProcessorIPLib/pcores/microblaze_v8_30_a/hdl/vhdl/wb_mux_bit_gti.vhd \
      PB ieee/std_logic_1164 1335251622 LB Microblaze_v8_30_a LB unisim \
      PH unisim/VCOMPONENTS 1335251629 PB microblaze_v8_30_a/MicroBlaze_Types 1365720246 \
      PH microblaze_v8_30_a/MicroBlaze_ISA 1365720247
AR microblaze_v8_30_a/WB_Mux_Bit/IMP 1365720282 \
      FL $XILINX/hw/XilinxProcessorIPLib/pcores/microblaze_v8_30_a/hdl/vhdl/wb_mux_bit_gti.vhd \
      EN microblaze_v8_30_a/WB_Mux_Bit 1365720281 CP std_logic CP MUXF5 CP MUXF6
FL $XILINX/hw/XilinxProcessorIPLib/pcores/microblaze_v8_30_a/hdl/vhdl/wb_mux_gti.vhd 2012/04/24.05:02:03 P.15xf
EN microblaze_v8_30_a/WB_Mux 1365720327 \
      FL $XILINX/hw/XilinxProcessorIPLib/pcores/microblaze_v8_30_a/hdl/vhdl/wb_mux_gti.vhd \
      PB ieee/std_logic_1164 1335251622 LB Microblaze_v8_30_a \
      PB microblaze_v8_30_a/MicroBlaze_Types 1365720246 \
      PH microblaze_v8_30_a/MicroBlaze_ISA 1365720247
AR microblaze_v8_30_a/WB_Mux/IMP 1365720328 \
      FL $XILINX/hw/XilinxProcessorIPLib/pcores/microblaze_v8_30_a/hdl/vhdl/wb_mux_gti.vhd \
      EN microblaze_v8_30_a/WB_Mux 1365720327 CP Data_Vector CP Ctrl_Vector \
      CP std_logic CP std_logic_vector CP WB_Mux_Bit CP DATA_TYPE
FL $XILINX/hw/XilinxProcessorIPLib/pcores/microblaze_v8_30_a/hdl/vhdl/zero_detect.vhd 2012/04/24.05:02:03 P.15xf
EN microblaze_v8_30_a/Zero_Detect 1365720383 \
      FL $XILINX/hw/XilinxProcessorIPLib/pcores/microblaze_v8_30_a/hdl/vhdl/zero_detect.vhd \
      PB ieee/std_logic_1164 1335251622 LB Microblaze_v8_30_a \
      PB microblaze_v8_30_a/MicroBlaze_Types 1365720246
AR microblaze_v8_30_a/Zero_Detect/IMP 1365720384 \
      FL $XILINX/hw/XilinxProcessorIPLib/pcores/microblaze_v8_30_a/hdl/vhdl/zero_detect.vhd \
      EN microblaze_v8_30_a/Zero_Detect 1365720383 LB unisim PH unisim/VCOMPONENTS 1335251629 \
      CP natural CP std_logic_vector CP std_logic CP MUXCY_L
FL $XILINX/hw/XilinxProcessorIPLib/pcores/microblaze_v8_30_a/hdl/vhdl/zero_detect_gti.vhd 2012/04/24.05:02:03 P.15xf
EN microblaze_v8_30_a/Zero_Detect_gti 1365720329 \
      FL $XILINX/hw/XilinxProcessorIPLib/pcores/microblaze_v8_30_a/hdl/vhdl/zero_detect_gti.vhd \
      PB ieee/std_logic_1164 1335251622 LB Microblaze_v8_30_a LB unisim \
      PH unisim/VCOMPONENTS 1335251629 PB microblaze_v8_30_a/MicroBlaze_Types 1365720246
AR microblaze_v8_30_a/Zero_Detect_gti/IMP 1365720330 \
      FL $XILINX/hw/XilinxProcessorIPLib/pcores/microblaze_v8_30_a/hdl/vhdl/zero_detect_gti.vhd \
      EN microblaze_v8_30_a/Zero_Detect_gti 1365720329 CP natural \
      CP std_logic_vector CP std_logic CP MUXCY_L
