V3 515
FL $XILINX/hw/XilinxProcessorIPLib/pcores/microblaze_v8_30_a/hdl/vhdl/address_data_hit.vhd 2012/04/24.05:02:03 P.15xf
EN microblaze_v8_30_a/address_data_hit 1365800905 \
      FL $XILINX/hw/XilinxProcessorIPLib/pcores/microblaze_v8_30_a/hdl/vhdl/address_data_hit.vhd \
      PB ieee/std_logic_1164 1335251622 PB ieee/NUMERIC_STD 1335251627 \
      LB Microblaze_v8_30_a PB microblaze_v8_30_a/MicroBlaze_Types 1365800786 \
      PH microblaze_v8_30_a/MicroBlaze_ISA 1365800787
AR microblaze_v8_30_a/address_data_hit/IMP 1365800906 \
      FL $XILINX/hw/XilinxProcessorIPLib/pcores/microblaze_v8_30_a/hdl/vhdl/address_data_hit.vhd \
      EN microblaze_v8_30_a/address_data_hit 1365800905 LB unisim \
      PH unisim/VCOMPONENTS 1335251629 CP SRLC16E CP MUXCY CP SRL16_ARRAY_TYPE
FL $XILINX/hw/XilinxProcessorIPLib/pcores/microblaze_v8_30_a/hdl/vhdl/address_hit.vhd 2012/04/24.05:02:03 P.15xf
EN microblaze_v8_30_a/address_hit 1365800903 \
      FL $XILINX/hw/XilinxProcessorIPLib/pcores/microblaze_v8_30_a/hdl/vhdl/address_hit.vhd \
      PB ieee/std_logic_1164 1335251622 PB ieee/NUMERIC_STD 1335251627 \
      LB Microblaze_v8_30_a PB microblaze_v8_30_a/MicroBlaze_Types 1365800786 \
      PH microblaze_v8_30_a/MicroBlaze_ISA 1365800787
AR microblaze_v8_30_a/address_hit/IMP 1365800904 \
      FL $XILINX/hw/XilinxProcessorIPLib/pcores/microblaze_v8_30_a/hdl/vhdl/address_hit.vhd \
      EN microblaze_v8_30_a/address_hit 1365800903 LB unisim PH unisim/VCOMPONENTS 1335251629 \
      CP SRLC16E CP MUXCY CP SRL16_ARRAY_TYPE
FL $XILINX/hw/XilinxProcessorIPLib/pcores/microblaze_v8_30_a/hdl/vhdl/alu.vhd 2012/04/24.05:02:03 P.15xf
EN microblaze_v8_30_a/ALU 1365800859 \
      FL $XILINX/hw/XilinxProcessorIPLib/pcores/microblaze_v8_30_a/hdl/vhdl/alu.vhd \
      PB ieee/std_logic_1164 1335251622 PB ieee/NUMERIC_STD 1335251627 \
      LB Microblaze_v8_30_a PH microblaze_v8_30_a/MicroBlaze_ISA 1365800787 \
      PB microblaze_v8_30_a/MicroBlaze_Types 1365800786 LB unisim \
      PH unisim/VCOMPONENTS 1335251629
AR microblaze_v8_30_a/ALU/IMP 1365800860 \
      FL $XILINX/hw/XilinxProcessorIPLib/pcores/microblaze_v8_30_a/hdl/vhdl/alu.vhd \
      EN microblaze_v8_30_a/ALU 1365800859 CP std_logic CP std_logic_vector CP LUT3 \
      CP MULT_AND CP MUXCY_L CP ALU_Bit CP DATA_TYPE
FL $XILINX/hw/XilinxProcessorIPLib/pcores/microblaze_v8_30_a/hdl/vhdl/alu_bit.vhd 2012/04/24.05:02:03 P.15xf
EN microblaze_v8_30_a/ALU_Bit 1365800827 \
      FL $XILINX/hw/XilinxProcessorIPLib/pcores/microblaze_v8_30_a/hdl/vhdl/alu_bit.vhd \
      PB ieee/std_logic_1164 1335251622 LB Microblaze_v8_30_a \
      PB microblaze_v8_30_a/MicroBlaze_Types 1365800786 LB unisim \
      PH unisim/VCOMPONENTS 1335251629
AR microblaze_v8_30_a/ALU_Bit/IMP 1365800828 \
      FL $XILINX/hw/XilinxProcessorIPLib/pcores/microblaze_v8_30_a/hdl/vhdl/alu_bit.vhd \
      EN microblaze_v8_30_a/ALU_Bit 1365800827 CP LUT4 CP MULT_AND CP MUXCY_L \
      CP XORCY CP std_logic CP LUT6_2 CP LUT6
FL $XILINX/hw/XilinxProcessorIPLib/pcores/microblaze_v8_30_a/hdl/vhdl/barrel_shifter.vhd 2012/04/24.05:02:03 P.15xf
EN microblaze_v8_30_a/barrel_shift 1365800917 \
      FL $XILINX/hw/XilinxProcessorIPLib/pcores/microblaze_v8_30_a/hdl/vhdl/barrel_shifter.vhd \
      PB ieee/std_logic_1164 1335251622 LB Microblaze_v8_30_a \
      PB microblaze_v8_30_a/MicroBlaze_Types 1365800786
AR microblaze_v8_30_a/barrel_shift/IMP 1365800918 \
      FL $XILINX/hw/XilinxProcessorIPLib/pcores/microblaze_v8_30_a/hdl/vhdl/barrel_shifter.vhd \
      EN microblaze_v8_30_a/barrel_shift 1365800917 LB unisim \
      PH unisim/VCOMPONENTS 1335251629 CP std_logic_vector CP LUT4 CP MUXF5 \
      CP LUT6_2
FL $XILINX/hw/XilinxProcessorIPLib/pcores/microblaze_v8_30_a/hdl/vhdl/barrel_shifter_gti.vhd 2012/04/24.05:02:03 P.15xf
EN microblaze_v8_30_a/Barrel_Shifter_gti 1365800865 \
      FL $XILINX/hw/XilinxProcessorIPLib/pcores/microblaze_v8_30_a/hdl/vhdl/barrel_shifter_gti.vhd \
      PB ieee/std_logic_1164 1335251622 LB Microblaze_v8_30_a \
      PH microblaze_v8_30_a/MicroBlaze_ISA 1365800787 \
      PB microblaze_v8_30_a/MicroBlaze_Types 1365800786 LB unisim \
      PH unisim/VCOMPONENTS 1335251629
AR microblaze_v8_30_a/Barrel_Shifter_gti/IMP 1365800866 \
      FL $XILINX/hw/XilinxProcessorIPLib/pcores/microblaze_v8_30_a/hdl/vhdl/barrel_shifter_gti.vhd \
      EN microblaze_v8_30_a/Barrel_Shifter_gti 1365800865 CP DATA_TYPE \
      CP std_logic CP std_logic_vector CP boolean
FL $XILINX/hw/XilinxProcessorIPLib/pcores/microblaze_v8_30_a/hdl/vhdl/byte_doublet_handle.vhd 2012/04/24.05:02:03 P.15xf
EN microblaze_v8_30_a/Byte_Doublet_Handle 1365800941 \
      FL $XILINX/hw/XilinxProcessorIPLib/pcores/microblaze_v8_30_a/hdl/vhdl/byte_doublet_handle.vhd \
      PB ieee/std_logic_1164 1335251622 LB Microblaze_v8_30_a \
      PH microblaze_v8_30_a/MicroBlaze_ISA 1365800787 \
      PB microblaze_v8_30_a/MicroBlaze_Types 1365800786
AR microblaze_v8_30_a/Byte_Doublet_Handle/IMP 1365800942 \
      FL $XILINX/hw/XilinxProcessorIPLib/pcores/microblaze_v8_30_a/hdl/vhdl/byte_doublet_handle.vhd \
      EN microblaze_v8_30_a/Byte_Doublet_Handle 1365800941 LB unisim \
      PH unisim/VCOMPONENTS 1335251629 CP std_logic CP LUT6_2 CP LUT4 CP LUT3 CP LUT2 \
      CP Data_Read_Steering CP mux4_8 CP std_logic_vector
FL $XILINX/hw/XilinxProcessorIPLib/pcores/microblaze_v8_30_a/hdl/vhdl/byte_doublet_handle_gti.vhd 2012/04/24.05:02:03 P.15xf
EN microblaze_v8_30_a/Byte_Doublet_Handle_gti 1365800871 \
      FL $XILINX/hw/XilinxProcessorIPLib/pcores/microblaze_v8_30_a/hdl/vhdl/byte_doublet_handle_gti.vhd \
      PB ieee/std_logic_1164 1335251622 LB Microblaze_v8_30_a \
      PH microblaze_v8_30_a/MicroBlaze_ISA 1365800787 \
      PB microblaze_v8_30_a/MicroBlaze_Types 1365800786
AR microblaze_v8_30_a/Byte_Doublet_Handle_gti/IMP 1365800872 \
      FL $XILINX/hw/XilinxProcessorIPLib/pcores/microblaze_v8_30_a/hdl/vhdl/byte_doublet_handle_gti.vhd \
      EN microblaze_v8_30_a/Byte_Doublet_Handle_gti 1365800871
FL $XILINX/hw/XilinxProcessorIPLib/pcores/microblaze_v8_30_a/hdl/vhdl/cachehit_detect.vhd 2012/04/24.05:02:03 P.15xf
EN microblaze_v8_30_a/cachehit_detect 1365800893 \
      FL $XILINX/hw/XilinxProcessorIPLib/pcores/microblaze_v8_30_a/hdl/vhdl/cachehit_detect.vhd \
      PB ieee/std_logic_1164 1335251622 PB ieee/NUMERIC_STD 1335251627 \
      LB Microblaze_v8_30_a PB microblaze_v8_30_a/MicroBlaze_Types 1365800786 \
      LB unisim PH unisim/VCOMPONENTS 1335251629
AR microblaze_v8_30_a/cachehit_detect/IMP 1365800894 \
      FL $XILINX/hw/XilinxProcessorIPLib/pcores/microblaze_v8_30_a/hdl/vhdl/cachehit_detect.vhd \
      EN microblaze_v8_30_a/cachehit_detect 1365800893 CP cache_valid_bit_detect \
      CP MUXCY_L CP comparator CP carry_and CP carry_or
FL $XILINX/hw/XilinxProcessorIPLib/pcores/microblaze_v8_30_a/hdl/vhdl/cache_interface.vhd 2012/04/24.05:02:03 P.15xf
EN microblaze_v8_30_a/Cache_Interface 1365800853 \
      FL $XILINX/hw/XilinxProcessorIPLib/pcores/microblaze_v8_30_a/hdl/vhdl/cache_interface.vhd \
      PB ieee/std_logic_1164 1335251622 PB ieee/NUMERIC_STD 1335251627 \
      LB Microblaze_v8_30_a PB microblaze_v8_30_a/MicroBlaze_Types 1365800786 \
      PH microblaze_v8_30_a/MicroBlaze_ISA 1365800787 LB unisim \
      PH unisim/VCOMPONENTS 1335251629
AR microblaze_v8_30_a/Cache_Interface/IMP 1365800854 \
      FL $XILINX/hw/XilinxProcessorIPLib/pcores/microblaze_v8_30_a/hdl/vhdl/cache_interface.vhd \
      EN microblaze_v8_30_a/Cache_Interface 1365800853 CP std_logic_vector \
      CP std_logic CP xcl_state_type CP lut_lookup_table_type CP DATA_INFO_TYPE \
      CP DATA_FIFO_MEM_Type CP signal CP REQUEST_ID_TYPE CP LOW_ADDR_TYPE \
      CP REQUEST_TYPE CP REQ_FIFO_MEM_Type CP natural CP integer CP DROP_ADDR_TYPE \
      CP ADDR_TYPE CP VALID_TYPE CP STROBE_TYPE CP DATA_TYPE CP R_TYPE CP AW_TYPE \
      CP AW_W_TYPE CP W_TYPE CP R_FIFO_MEM_Type CP mux_bus CP boolean \
      CP AW_FIFO_MEM_Type CP AW_W_FIFO_MEM_Type CP W_FIFO_MEM_Type CP LUT6 CP FDSE \
      CP FDRE
FL $XILINX/hw/XilinxProcessorIPLib/pcores/microblaze_v8_30_a/hdl/vhdl/cache_valid_bit_detect.vhd 2012/04/24.05:02:03 P.15xf
EN microblaze_v8_30_a/cache_valid_bit_detect 1365800835 \
      FL $XILINX/hw/XilinxProcessorIPLib/pcores/microblaze_v8_30_a/hdl/vhdl/cache_valid_bit_detect.vhd \
      PB ieee/std_logic_1164 1335251622 PB ieee/NUMERIC_STD 1335251627 \
      LB Microblaze_v8_30_a PB microblaze_v8_30_a/MicroBlaze_Types 1365800786 \
      LB unisim PH unisim/VCOMPONENTS 1335251629
AR microblaze_v8_30_a/cache_valid_bit_detect/IMP 1365800836 \
      FL $XILINX/hw/XilinxProcessorIPLib/pcores/microblaze_v8_30_a/hdl/vhdl/cache_valid_bit_detect.vhd \
      EN microblaze_v8_30_a/cache_valid_bit_detect 1365800835 CP std_logic_vector \
      CP carry_and CP std_logic
FL $XILINX/hw/XilinxProcessorIPLib/pcores/microblaze_v8_30_a/hdl/vhdl/carry_and.vhd 2012/04/24.05:02:03 P.15xf
EN microblaze_v8_30_a/carry_and 1365800788 \
      FL $XILINX/hw/XilinxProcessorIPLib/pcores/microblaze_v8_30_a/hdl/vhdl/carry_and.vhd \
      PB ieee/std_logic_1164 1335251622 LB Microblaze_v8_30_a \
      PB microblaze_v8_30_a/MicroBlaze_Types 1365800786 LB unisim \
      PH unisim/VCOMPONENTS 1335251629
AR microblaze_v8_30_a/carry_and/IMP 1365800789 \
      FL $XILINX/hw/XilinxProcessorIPLib/pcores/microblaze_v8_30_a/hdl/vhdl/carry_and.vhd \
      EN microblaze_v8_30_a/carry_and 1365800788 CP MUXCY_L
FL $XILINX/hw/XilinxProcessorIPLib/pcores/microblaze_v8_30_a/hdl/vhdl/carry_compare.vhd 2012/04/24.05:02:03 P.15xf
EN microblaze_v8_30_a/carry_compare 1365800799 \
      FL $XILINX/hw/XilinxProcessorIPLib/pcores/microblaze_v8_30_a/hdl/vhdl/carry_compare.vhd \
      PB ieee/std_logic_1164 1335251622 LB Microblaze_v8_30_a \
      PB microblaze_v8_30_a/MicroBlaze_Types 1365800786
AR microblaze_v8_30_a/carry_compare/IMP 1365800800 \
      FL $XILINX/hw/XilinxProcessorIPLib/pcores/microblaze_v8_30_a/hdl/vhdl/carry_compare.vhd \
      EN microblaze_v8_30_a/carry_compare 1365800799 LB unisim \
      PH unisim/VCOMPONENTS 1335251629 CP carry_and
FL $XILINX/hw/XilinxProcessorIPLib/pcores/microblaze_v8_30_a/hdl/vhdl/carry_compare_const.vhd 2012/04/24.05:02:03 P.15xf
EN microblaze_v8_30_a/carry_compare_const 1365800809 \
      FL $XILINX/hw/XilinxProcessorIPLib/pcores/microblaze_v8_30_a/hdl/vhdl/carry_compare_const.vhd \
      PB ieee/std_logic_1164 1335251622 LB Microblaze_v8_30_a \
      PB microblaze_v8_30_a/MicroBlaze_Types 1365800786
AR microblaze_v8_30_a/carry_compare_const/IMP 1365800810 \
      FL $XILINX/hw/XilinxProcessorIPLib/pcores/microblaze_v8_30_a/hdl/vhdl/carry_compare_const.vhd \
      EN microblaze_v8_30_a/carry_compare_const 1365800809 LB unisim \
      PH unisim/VCOMPONENTS 1335251629 CP carry_and
FL $XILINX/hw/XilinxProcessorIPLib/pcores/microblaze_v8_30_a/hdl/vhdl/carry_compare_mask.vhd 2012/04/24.05:02:03 P.15xf
EN microblaze_v8_30_a/carry_compare_mask 1365800797 \
      FL $XILINX/hw/XilinxProcessorIPLib/pcores/microblaze_v8_30_a/hdl/vhdl/carry_compare_mask.vhd \
      PB ieee/std_logic_1164 1335251622 LB Microblaze_v8_30_a \
      PB microblaze_v8_30_a/MicroBlaze_Types 1365800786
AR microblaze_v8_30_a/carry_compare_mask/IMP 1365800798 \
      FL $XILINX/hw/XilinxProcessorIPLib/pcores/microblaze_v8_30_a/hdl/vhdl/carry_compare_mask.vhd \
      EN microblaze_v8_30_a/carry_compare_mask 1365800797 LB unisim \
      PH unisim/VCOMPONENTS 1335251629 CP carry_and
FL $XILINX/hw/XilinxProcessorIPLib/pcores/microblaze_v8_30_a/hdl/vhdl/carry_equal.vhd 2012/04/24.05:02:03 P.15xf
EN microblaze_v8_30_a/carry_equal 1365800825 \
      FL $XILINX/hw/XilinxProcessorIPLib/pcores/microblaze_v8_30_a/hdl/vhdl/carry_equal.vhd \
      PB ieee/std_logic_1164 1335251622 LB Microblaze_v8_30_a \
      PB microblaze_v8_30_a/MicroBlaze_Types 1365800786
AR microblaze_v8_30_a/carry_equal/IMP 1365800826 \
      FL $XILINX/hw/XilinxProcessorIPLib/pcores/microblaze_v8_30_a/hdl/vhdl/carry_equal.vhd \
      EN microblaze_v8_30_a/carry_equal 1365800825 LB unisim PH unisim/VCOMPONENTS 1335251629 \
      CP MUXCY_L
FL $XILINX/hw/XilinxProcessorIPLib/pcores/microblaze_v8_30_a/hdl/vhdl/carry_or.vhd 2012/04/24.05:02:03 P.15xf
EN microblaze_v8_30_a/carry_or 1365800833 \
      FL $XILINX/hw/XilinxProcessorIPLib/pcores/microblaze_v8_30_a/hdl/vhdl/carry_or.vhd \
      PB ieee/std_logic_1164 1335251622 LB Microblaze_v8_30_a \
      PB microblaze_v8_30_a/MicroBlaze_Types 1365800786 LB unisim \
      PH unisim/VCOMPONENTS 1335251629
AR microblaze_v8_30_a/carry_or/IMP 1365800834 \
      FL $XILINX/hw/XilinxProcessorIPLib/pcores/microblaze_v8_30_a/hdl/vhdl/carry_or.vhd \
      EN microblaze_v8_30_a/carry_or 1365800833 CP std_logic CP MUXCY_L
FL $XILINX/hw/XilinxProcessorIPLib/pcores/microblaze_v8_30_a/hdl/vhdl/comparator.vhd 2012/04/24.05:02:03 P.15xf
EN microblaze_v8_30_a/comparator 1365800831 \
      FL $XILINX/hw/XilinxProcessorIPLib/pcores/microblaze_v8_30_a/hdl/vhdl/comparator.vhd \
      PB ieee/std_logic_1164 1335251622 LB Microblaze_v8_30_a \
      PB microblaze_v8_30_a/MicroBlaze_Types 1365800786 LB unisim \
      PH unisim/VCOMPONENTS 1335251629
AR microblaze_v8_30_a/comparator/IMP 1365800832 \
      FL $XILINX/hw/XilinxProcessorIPLib/pcores/microblaze_v8_30_a/hdl/vhdl/comparator.vhd \
      EN microblaze_v8_30_a/comparator 1365800831 CP natural CP std_logic_vector \
      CP MUXCY_L
FL $XILINX/hw/XilinxProcessorIPLib/pcores/microblaze_v8_30_a/hdl/vhdl/count_leading_zero.vhd 2012/04/24.05:02:03 P.15xf
EN microblaze_v8_30_a/count_leading_zeros 1365800823 \
      FL $XILINX/hw/XilinxProcessorIPLib/pcores/microblaze_v8_30_a/hdl/vhdl/count_leading_zero.vhd \
      PB ieee/std_logic_1164 1335251622 PB ieee/NUMERIC_STD 1335251627 \
      LB Microblaze_v8_30_a PH microblaze_v8_30_a/MicroBlaze_ISA 1365800787 \
      PB microblaze_v8_30_a/MicroBlaze_Types 1365800786
AR microblaze_v8_30_a/count_leading_zeros/IMP 1365800824 \
      FL $XILINX/hw/XilinxProcessorIPLib/pcores/microblaze_v8_30_a/hdl/vhdl/count_leading_zero.vhd \
      EN microblaze_v8_30_a/count_leading_zeros 1365800823
FL $XILINX/hw/XilinxProcessorIPLib/pcores/microblaze_v8_30_a/hdl/vhdl/data_flow.vhd 2012/04/24.05:02:03 P.15xf
EN microblaze_v8_30_a/Data_Flow 1365800939 \
      FL $XILINX/hw/XilinxProcessorIPLib/pcores/microblaze_v8_30_a/hdl/vhdl/data_flow.vhd \
      PB ieee/std_logic_1164 1335251622 PB ieee/NUMERIC_STD 1335251627 \
      LB Microblaze_v8_30_a PH microblaze_v8_30_a/MicroBlaze_ISA 1365800787 \
      PB microblaze_v8_30_a/MicroBlaze_Types 1365800786
AR microblaze_v8_30_a/Data_Flow/IMP 1365800940 \
      FL $XILINX/hw/XilinxProcessorIPLib/pcores/microblaze_v8_30_a/hdl/vhdl/data_flow.vhd \
      EN microblaze_v8_30_a/Data_Flow 1365800939 CP Register_File \
      CP Operand_Select CP ALU CP Shift_Logic_Module CP barrel_shift CP Div_unit \
      CP std_logic CP FPU CP MUL_Unit CP Result_Mux CP Zero_Detect CP MSR_Reg \
      CP PC_Module CP PVR CP stack_protection
FL $XILINX/hw/XilinxProcessorIPLib/pcores/microblaze_v8_30_a/hdl/vhdl/data_flow_gti.vhd 2012/04/24.05:02:03 P.15xf
EN microblaze_v8_30_a/Data_Flow_gti 1365800965 \
      FL $XILINX/hw/XilinxProcessorIPLib/pcores/microblaze_v8_30_a/hdl/vhdl/data_flow_gti.vhd \
      PB ieee/std_logic_1164 1335251622 PB ieee/NUMERIC_STD 1335251627 \
      LB Microblaze_v8_30_a PH microblaze_v8_30_a/MicroBlaze_ISA 1365800787 \
      PB microblaze_v8_30_a/MicroBlaze_Types 1365800786 LB unisim \
      PH unisim/VCOMPONENTS 1335251629
AR microblaze_v8_30_a/Data_Flow_gti/IMP 1365800966 \
      FL $XILINX/hw/XilinxProcessorIPLib/pcores/microblaze_v8_30_a/hdl/vhdl/data_flow_gti.vhd \
      EN microblaze_v8_30_a/Data_Flow_gti 1365800965 CP Register_File_gti \
      CP Operand_Select_gti CP ALU CP Shift_Logic_Module_gti CP MUL_Unit \
      CP Barrel_Shifter_gti CP WB_Mux CP Zero_Detect_gti \
      CP microblaze_v8_30_a/Byte_Doublet_Handle_gti CP Data_Flow_Logic \
      CP msr_reg_gti CP std_logic CP MUXCY_L CP LUT6_2 CP exception_registers_gti \
      CP Div_unit_gti CP FPU CP PVR CP boolean CP stack_protection
FL $XILINX/hw/XilinxProcessorIPLib/pcores/microblaze_v8_30_a/hdl/vhdl/data_flow_logic_gti.vhd 2012/04/24.05:02:03 P.15xf
EN microblaze_v8_30_a/Data_Flow_Logic 1365800873 \
      FL $XILINX/hw/XilinxProcessorIPLib/pcores/microblaze_v8_30_a/hdl/vhdl/data_flow_logic_gti.vhd \
      PB ieee/std_logic_1164 1335251622 LB Microblaze_v8_30_a \
      PH microblaze_v8_30_a/MicroBlaze_ISA 1365800787 \
      PB microblaze_v8_30_a/MicroBlaze_Types 1365800786 LB unisim \
      PH unisim/VCOMPONENTS 1335251629
AR microblaze_v8_30_a/Data_Flow_Logic/IMP 1365800874 \
      FL $XILINX/hw/XilinxProcessorIPLib/pcores/microblaze_v8_30_a/hdl/vhdl/data_flow_logic_gti.vhd \
      EN microblaze_v8_30_a/Data_Flow_Logic 1365800873 CP std_logic CP FDRE
FL $XILINX/hw/XilinxProcessorIPLib/pcores/microblaze_v8_30_a/hdl/vhdl/data_read_steering.vhd 2012/04/24.05:02:03 P.15xf
EN microblaze_v8_30_a/Data_Read_Steering 1365800907 \
      FL $XILINX/hw/XilinxProcessorIPLib/pcores/microblaze_v8_30_a/hdl/vhdl/data_read_steering.vhd \
      PB ieee/std_logic_1164 1335251622 LB Microblaze_v8_30_a \
      PB microblaze_v8_30_a/MicroBlaze_Types 1365800786
AR microblaze_v8_30_a/Data_Read_Steering/IMP 1365800908 \
      FL $XILINX/hw/XilinxProcessorIPLib/pcores/microblaze_v8_30_a/hdl/vhdl/data_read_steering.vhd \
      EN microblaze_v8_30_a/Data_Read_Steering 1365800907 LB unisim \
      PH unisim/VCOMPONENTS 1335251629 CP std_logic_vector CP std_logic CP LUT3 \
      CP MUXF5 CP LUT6_2
FL $XILINX/hw/XilinxProcessorIPLib/pcores/microblaze_v8_30_a/hdl/vhdl/daxi_interface.vhd 2012/04/24.05:02:03 P.15xf
EN microblaze_v8_30_a/DAXI_interface 1365800945 \
      FL $XILINX/hw/XilinxProcessorIPLib/pcores/microblaze_v8_30_a/hdl/vhdl/daxi_interface.vhd \
      PB ieee/std_logic_1164 1335251622 LB Microblaze_v8_30_a \
      PB microblaze_v8_30_a/MicroBlaze_Types 1365800786
AR microblaze_v8_30_a/DAXI_interface/IMP 1365800946 \
      FL $XILINX/hw/XilinxProcessorIPLib/pcores/microblaze_v8_30_a/hdl/vhdl/daxi_interface.vhd \
      EN microblaze_v8_30_a/DAXI_interface 1365800945
FL $XILINX/hw/XilinxProcessorIPLib/pcores/microblaze_v8_30_a/hdl/vhdl/dcache.vhd 2012/04/24.05:02:03 P.15xf
EN microblaze_v8_30_a/DCache 1365800957 \
      FL $XILINX/hw/XilinxProcessorIPLib/pcores/microblaze_v8_30_a/hdl/vhdl/dcache.vhd \
      PB ieee/std_logic_1164 1335251622 PB ieee/NUMERIC_STD 1335251627 \
      LB Microblaze_v8_30_a PB microblaze_v8_30_a/MicroBlaze_Types 1365800786
AR microblaze_v8_30_a/DCache/IMP 1365800958 \
      FL $XILINX/hw/XilinxProcessorIPLib/pcores/microblaze_v8_30_a/hdl/vhdl/dcache.vhd \
      EN microblaze_v8_30_a/DCache 1365800957 LB unisim PH unisim/VCOMPONENTS 1335251629 \
      CP std_logic CP rboolean CP comparator CP parity_request_states \
      CP std_logic_vector CP carry_and CP MUXCY_L CP carry_or CP Parity CP RAM_Module \
      CP DATA_TYPE CP string CP signal CP natural CP Cache_Interface
FL $XILINX/hw/XilinxProcessorIPLib/pcores/microblaze_v8_30_a/hdl/vhdl/dcache_gti.vhd 2012/04/24.05:02:03 P.15xf
EN microblaze_v8_30_a/DCache_gti 1365800969 \
      FL $XILINX/hw/XilinxProcessorIPLib/pcores/microblaze_v8_30_a/hdl/vhdl/dcache_gti.vhd \
      PB ieee/std_logic_1164 1335251622 PB ieee/NUMERIC_STD 1335251627 \
      LB Microblaze_v8_30_a PB microblaze_v8_30_a/MicroBlaze_Types 1365800786 \
      LB unisim PH unisim/VCOMPONENTS 1335251629
AR microblaze_v8_30_a/DCache_gti/IMP 1365800970 \
      FL $XILINX/hw/XilinxProcessorIPLib/pcores/microblaze_v8_30_a/hdl/vhdl/dcache_gti.vhd \
      EN microblaze_v8_30_a/DCache_gti 1365800969 CP std_logic CP rboolean \
      CP comparator CP std_logic_vector CP carry_and CP carry_or CP AND2B1L CP LUT5 \
      CP FD CP Parity CP RAM_Module CP LUT4 CP natural CP Cache_Interface
FL $XILINX/hw/XilinxProcessorIPLib/pcores/microblaze_v8_30_a/hdl/vhdl/dcache_wb.vhd 2012/04/24.05:02:03 P.15xf
EN microblaze_v8_30_a/DCache_wb 1365800955 \
      FL $XILINX/hw/XilinxProcessorIPLib/pcores/microblaze_v8_30_a/hdl/vhdl/dcache_wb.vhd \
      PB ieee/std_logic_1164 1335251622 PB ieee/NUMERIC_STD 1335251627 \
      LB Microblaze_v8_30_a PB microblaze_v8_30_a/MicroBlaze_Types 1365800786 \
      LB unisim PH unisim/VCOMPONENTS 1335251629
AR microblaze_v8_30_a/DCache_wb/IMP 1365800956 \
      FL $XILINX/hw/XilinxProcessorIPLib/pcores/microblaze_v8_30_a/hdl/vhdl/dcache_wb.vhd \
      EN microblaze_v8_30_a/DCache_wb 1365800955 CP std_logic \
      CP read_checker_states CP cachehit_detect CP LUT6 CP RAM_Module \
      CP std_logic_vector CP vec_mux CP Cache_Interface CP MUXCY_L CP DATA_TYPE \
      CP integer CP victim_state_type CP boolean CP victim_cache
FL $XILINX/hw/XilinxProcessorIPLib/pcores/microblaze_v8_30_a/hdl/vhdl/debug.vhd 2012/04/24.05:02:03 P.15xf
EN microblaze_v8_30_a/Debug 1365800951 \
      FL $XILINX/hw/XilinxProcessorIPLib/pcores/microblaze_v8_30_a/hdl/vhdl/debug.vhd \
      PB ieee/std_logic_1164 1335251622 PB ieee/NUMERIC_STD 1335251627 \
      LB Microblaze_v8_30_a PH microblaze_v8_30_a/MicroBlaze_ISA 1365800787 \
      PB microblaze_v8_30_a/MicroBlaze_Types 1365800786
AR microblaze_v8_30_a/Debug/IMP 1365800952 \
      FL $XILINX/hw/XilinxProcessorIPLib/pcores/microblaze_v8_30_a/hdl/vhdl/debug.vhd \
      EN microblaze_v8_30_a/Debug 1365800951 LB unisim PB ieee/NUMERIC_STD 1335251627 \
      CP std_logic_vector CP SRL16E CP address_hit CP address_data_hit CP std_logic \
      CP FDRSE CP boolean
FL $XILINX/hw/XilinxProcessorIPLib/pcores/microblaze_v8_30_a/hdl/vhdl/decode.vhd 2012/04/24.05:02:03 P.15xf
EN microblaze_v8_30_a/Decode 1365800937 \
      FL $XILINX/hw/XilinxProcessorIPLib/pcores/microblaze_v8_30_a/hdl/vhdl/decode.vhd \
      PB ieee/std_logic_1164 1335251622 PB ieee/NUMERIC_STD 1335251627 \
      LB Microblaze_v8_30_a PH microblaze_v8_30_a/MicroBlaze_ISA 1365800787 \
      PB microblaze_v8_30_a/MicroBlaze_Types 1365800786 LB unisim \
      PH unisim/VCOMPONENTS 1335251629
AR microblaze_v8_30_a/Decode/IMP 1365800938 \
      FL $XILINX/hw/XilinxProcessorIPLib/pcores/microblaze_v8_30_a/hdl/vhdl/decode.vhd \
      EN microblaze_v8_30_a/Decode 1365800937 CP boolean CP std_logic \
      CP PreFetch_Buffer CP LUT4 CP std_logic_vector CP MUXCY_L CP LUT3 CP FDE \
      CP MULT_AND CP FDRE CP FDRSE CP FDSE
FL $XILINX/hw/XilinxProcessorIPLib/pcores/microblaze_v8_30_a/hdl/vhdl/decode_gti.vhd 2012/04/24.05:02:03 P.15xf
EN microblaze_v8_30_a/Decode_gti 1365800963 \
      FL $XILINX/hw/XilinxProcessorIPLib/pcores/microblaze_v8_30_a/hdl/vhdl/decode_gti.vhd \
      PB ieee/std_logic_1164 1335251622 PB ieee/NUMERIC_STD 1335251627 \
      LB Microblaze_v8_30_a PH microblaze_v8_30_a/MicroBlaze_ISA 1365800787 \
      PB microblaze_v8_30_a/MicroBlaze_Types 1365800786
AR microblaze_v8_30_a/Decode_gti/IMP 1365800964 \
      FL $XILINX/hw/XilinxProcessorIPLib/pcores/microblaze_v8_30_a/hdl/vhdl/decode_gti.vhd \
      EN microblaze_v8_30_a/Decode_gti 1365800963 LB unisim PH unisim/VCOMPONENTS 1335251629 \
      CP PC_Module_gti CP PreFetch_Buffer_gti CP std_logic CP AND2B1L CP carry_or \
      CP carry_and CP LUT6 CP boolean CP jump_logic CP FDR CP FDRE CP std_logic_vector \
      CP rboolean
FL $XILINX/hw/XilinxProcessorIPLib/pcores/microblaze_v8_30_a/hdl/vhdl/div_unit.vhd 2012/04/24.05:02:03 P.15xf
EN microblaze_v8_30_a/Div_unit 1365800919 \
      FL $XILINX/hw/XilinxProcessorIPLib/pcores/microblaze_v8_30_a/hdl/vhdl/div_unit.vhd \
      PB ieee/std_logic_1164 1335251622 PB ieee/NUMERIC_STD 1335251627 \
      LB Microblaze_v8_30_a PB microblaze_v8_30_a/MicroBlaze_Types 1365800786
AR microblaze_v8_30_a/Div_unit/IMP 1365800920 \
      FL $XILINX/hw/XilinxProcessorIPLib/pcores/microblaze_v8_30_a/hdl/vhdl/div_unit.vhd \
      EN microblaze_v8_30_a/Div_unit 1365800919 LB unisim PH unisim/VCOMPONENTS 1335251629 \
      CP natural CP std_logic_vector CP std_logic CP MUXCY_L CP XORCY CP LUT4 \
      CP MB_SRL16E
FL $XILINX/hw/XilinxProcessorIPLib/pcores/microblaze_v8_30_a/hdl/vhdl/div_unit_gti.vhd 2012/04/24.05:02:03 P.15xf
EN microblaze_v8_30_a/Div_unit_gti 1365800879 \
      FL $XILINX/hw/XilinxProcessorIPLib/pcores/microblaze_v8_30_a/hdl/vhdl/div_unit_gti.vhd \
      PB ieee/std_logic_1164 1335251622 PB ieee/NUMERIC_STD 1335251627 \
      LB Microblaze_v8_30_a PB microblaze_v8_30_a/MicroBlaze_Types 1365800786 \
      LB unisim PH unisim/VCOMPONENTS 1335251629
AR microblaze_v8_30_a/Div_unit_gti/IMP 1365800880 \
      FL $XILINX/hw/XilinxProcessorIPLib/pcores/microblaze_v8_30_a/hdl/vhdl/div_unit_gti.vhd \
      EN microblaze_v8_30_a/Div_unit_gti 1365800879 CP std_logic_vector \
      CP std_logic CP MUXCY_L CP XORCY CP LUT4
FL $XILINX/hw/XilinxProcessorIPLib/pcores/microblaze_v8_30_a/hdl/vhdl/dplb_interface.vhd 2012/04/24.05:02:03 P.15xf
EN microblaze_v8_30_a/DPLB_Interface 1365800943 \
      FL $XILINX/hw/XilinxProcessorIPLib/pcores/microblaze_v8_30_a/hdl/vhdl/dplb_interface.vhd \
      PB ieee/std_logic_1164 1335251622 LB Microblaze_v8_30_a \
      PB microblaze_v8_30_a/MicroBlaze_Types 1365800786
AR microblaze_v8_30_a/DPLB_Interface/IMP 1365800944 \
      FL $XILINX/hw/XilinxProcessorIPLib/pcores/microblaze_v8_30_a/hdl/vhdl/dplb_interface.vhd \
      EN microblaze_v8_30_a/DPLB_Interface 1365800943
FL $XILINX/hw/XilinxProcessorIPLib/pcores/microblaze_v8_30_a/hdl/vhdl/dsp_module.vhd 2012/04/24.05:02:03 P.15xf
EN microblaze_v8_30_a/dsp_module 1365800790 \
      FL $XILINX/hw/XilinxProcessorIPLib/pcores/microblaze_v8_30_a/hdl/vhdl/dsp_module.vhd \
      PB ieee/std_logic_1164 1335251622 PB ieee/NUMERIC_STD 1335251627 \
      LB Microblaze_v8_30_a PH microblaze_v8_30_a/MicroBlaze_ISA 1365800787 \
      PB microblaze_v8_30_a/MicroBlaze_Types 1365800786 LB unisim \
      PH unisim/VCOMPONENTS 1335251629
AR microblaze_v8_30_a/dsp_module/IMP 1365800791 \
      FL $XILINX/hw/XilinxProcessorIPLib/pcores/microblaze_v8_30_a/hdl/vhdl/dsp_module.vhd \
      EN microblaze_v8_30_a/dsp_module 1365800790 CP DSP48 CP std_logic_vector \
      CP DSP48E CP DSP48E1 CP virtex_opmode CP s3adsp_opmode CP DSP48A
FL $XILINX/hw/XilinxProcessorIPLib/pcores/microblaze_v8_30_a/hdl/vhdl/exception_registers.vhd 2012/04/24.05:02:03 P.15xf
EN microblaze_v8_30_a/exception_registers 1365800959 \
      FL $XILINX/hw/XilinxProcessorIPLib/pcores/microblaze_v8_30_a/hdl/vhdl/exception_registers.vhd \
      PB ieee/std_logic_1164 1335251622 PB ieee/NUMERIC_STD 1335251627 \
      LB Microblaze_v8_30_a PH microblaze_v8_30_a/MicroBlaze_ISA 1365800787 \
      PB microblaze_v8_30_a/MicroBlaze_Types 1365800786
AR microblaze_v8_30_a/exception_registers/IMP 1365800960 \
      FL $XILINX/hw/XilinxProcessorIPLib/pcores/microblaze_v8_30_a/hdl/vhdl/exception_registers.vhd \
      EN microblaze_v8_30_a/exception_registers 1365800959
FL $XILINX/hw/XilinxProcessorIPLib/pcores/microblaze_v8_30_a/hdl/vhdl/exception_registers_gti.vhd 2012/04/24.05:02:03 P.15xf
EN microblaze_v8_30_a/exception_registers_gti 1365800877 \
      FL $XILINX/hw/XilinxProcessorIPLib/pcores/microblaze_v8_30_a/hdl/vhdl/exception_registers_gti.vhd \
      PB ieee/std_logic_1164 1335251622 PB ieee/NUMERIC_STD 1335251627 \
      LB Microblaze_v8_30_a PH microblaze_v8_30_a/MicroBlaze_ISA 1365800787 \
      PB microblaze_v8_30_a/MicroBlaze_Types 1365800786
AR microblaze_v8_30_a/exception_registers_gti/IMP 1365800878 \
      FL $XILINX/hw/XilinxProcessorIPLib/pcores/microblaze_v8_30_a/hdl/vhdl/exception_registers_gti.vhd \
      EN microblaze_v8_30_a/exception_registers_gti 1365800877 LB unisim \
      PH unisim/VCOMPONENTS 1335251629 CP std_logic CP std_logic_vector CP mux_bus \
      CP LUT3 CP MULT_AND CP MUXCY_L CP LUT4 CP XORCY CP LUT6_2 CP FDE
FL $XILINX/hw/XilinxProcessorIPLib/pcores/microblaze_v8_30_a/hdl/vhdl/find_first_bit.vhd 2012/04/24.05:02:03 P.15xf
EN microblaze_v8_30_a/find_first_bit 1365800792 \
      FL $XILINX/hw/XilinxProcessorIPLib/pcores/microblaze_v8_30_a/hdl/vhdl/find_first_bit.vhd \
      PB ieee/std_logic_1164 1335251622 LB Microblaze_v8_30_a \
      PH microblaze_v8_30_a/MicroBlaze_ISA 1365800787 \
      PB microblaze_v8_30_a/MicroBlaze_Types 1365800786
AR microblaze_v8_30_a/find_first_bit/IMP 1365800793 \
      FL $XILINX/hw/XilinxProcessorIPLib/pcores/microblaze_v8_30_a/hdl/vhdl/find_first_bit.vhd \
      EN microblaze_v8_30_a/find_first_bit 1365800792
FL $XILINX/hw/XilinxProcessorIPLib/pcores/microblaze_v8_30_a/hdl/vhdl/fpu.vhd 2012/04/24.05:02:03 P.15xf
EN microblaze_v8_30_a/Fpu 1365800881 \
      FL $XILINX/hw/XilinxProcessorIPLib/pcores/microblaze_v8_30_a/hdl/vhdl/fpu.vhd \
      PB ieee/std_logic_1164 1335251622 PB ieee/NUMERIC_STD 1335251627 \
      LB Microblaze_v8_30_a PH microblaze_v8_30_a/MicroBlaze_ISA 1365800787 \
      PB microblaze_v8_30_a/MicroBlaze_Types 1365800786 LB unisim \
      PH unisim/VCOMPONENTS 1335251629
AR microblaze_v8_30_a/Fpu/IMP 1365800882 \
      FL $XILINX/hw/XilinxProcessorIPLib/pcores/microblaze_v8_30_a/hdl/vhdl/fpu.vhd \
      EN microblaze_v8_30_a/Fpu 1365800881 CP TARGET_FAMILY_TYPE CP in CP out \
      CP string CP natural CP boolean CP DATA_TYPE CP FPU_OP_TYPE CP std_logic \
      CP FPU_EXP_TYPE CP FPU_MANT_TYPE CP Exp_Plus2_T CP FPU_COND_TYPE \
      CP FPU_MANT_I_TYPE CP Result_T CP signal CP FPU_EXP_LS_TYPE \
      CP FPU_MANT_IGRS_TYPE CP rboolean CP FSR_TYPE CP std_logic_vector CP FDR CP FD \
      CP carry_compare_const CP carry_compare CP FPU_ADDSUB CP LUT4 CP MULT_AND \
      CP MUXCY_L CP XORCY CP FPU_MUL CP FPU_DIV CP fpu_sqrt CP fpu_conv
FL $XILINX/hw/XilinxProcessorIPLib/pcores/microblaze_v8_30_a/hdl/vhdl/fpu_addsub.vhd 2012/04/24.05:02:03 P.15xf
EN microblaze_v8_30_a/FPU_ADDSUB 1365800811 \
      FL $XILINX/hw/XilinxProcessorIPLib/pcores/microblaze_v8_30_a/hdl/vhdl/fpu_addsub.vhd \
      PB ieee/std_logic_1164 1335251622 PB ieee/NUMERIC_STD 1335251627 \
      LB Microblaze_v8_30_a PH microblaze_v8_30_a/MicroBlaze_ISA 1365800787 \
      PB microblaze_v8_30_a/MicroBlaze_Types 1365800786 LB unisim \
      PH unisim/VCOMPONENTS 1335251629
AR microblaze_v8_30_a/FPU_ADDSUB/IMP 1365800812 \
      FL $XILINX/hw/XilinxProcessorIPLib/pcores/microblaze_v8_30_a/hdl/vhdl/fpu_addsub.vhd \
      EN microblaze_v8_30_a/FPU_ADDSUB 1365800811 CP find_first_bit
FL $XILINX/hw/XilinxProcessorIPLib/pcores/microblaze_v8_30_a/hdl/vhdl/fpu_conv.vhd 2012/04/24.05:02:03 P.15xf
EN microblaze_v8_30_a/fpu_conv 1365800819 \
      FL $XILINX/hw/XilinxProcessorIPLib/pcores/microblaze_v8_30_a/hdl/vhdl/fpu_conv.vhd \
      PB ieee/std_logic_1164 1335251622 PB ieee/NUMERIC_STD 1335251627 \
      LB Microblaze_v8_30_a PH microblaze_v8_30_a/MicroBlaze_ISA 1365800787 \
      PB microblaze_v8_30_a/MicroBlaze_Types 1365800786
AR microblaze_v8_30_a/fpu_conv/IMP 1365800820 \
      FL $XILINX/hw/XilinxProcessorIPLib/pcores/microblaze_v8_30_a/hdl/vhdl/fpu_conv.vhd \
      EN microblaze_v8_30_a/fpu_conv 1365800819 LB unisim PH unisim/VCOMPONENTS 1335251629 \
      CP MUXCY_L CP XORCY
FL $XILINX/hw/XilinxProcessorIPLib/pcores/microblaze_v8_30_a/hdl/vhdl/fpu_div.vhd 2012/04/24.05:02:03 P.15xf
EN microblaze_v8_30_a/FPU_DIV 1365800815 \
      FL $XILINX/hw/XilinxProcessorIPLib/pcores/microblaze_v8_30_a/hdl/vhdl/fpu_div.vhd \
      PB ieee/std_logic_1164 1335251622 PB ieee/NUMERIC_STD 1335251627 \
      LB Microblaze_v8_30_a PH microblaze_v8_30_a/MicroBlaze_ISA 1365800787 \
      PB microblaze_v8_30_a/MicroBlaze_Types 1365800786 LB unisim \
      PH unisim/VCOMPONENTS 1335251629
AR microblaze_v8_30_a/FPU_DIV/IMP 1365800816 \
      FL $XILINX/hw/XilinxProcessorIPLib/pcores/microblaze_v8_30_a/hdl/vhdl/fpu_div.vhd \
      EN microblaze_v8_30_a/FPU_DIV 1365800815
FL $XILINX/hw/XilinxProcessorIPLib/pcores/microblaze_v8_30_a/hdl/vhdl/fpu_mul.vhd 2012/04/24.05:02:03 P.15xf
EN microblaze_v8_30_a/FPU_MUL 1365800813 \
      FL $XILINX/hw/XilinxProcessorIPLib/pcores/microblaze_v8_30_a/hdl/vhdl/fpu_mul.vhd \
      PB ieee/std_logic_1164 1335251622 PB ieee/NUMERIC_STD 1335251627 \
      LB Microblaze_v8_30_a PH microblaze_v8_30_a/MicroBlaze_ISA 1365800787 \
      PB microblaze_v8_30_a/MicroBlaze_Types 1365800786
AR microblaze_v8_30_a/FPU_MUL/IMP 1365800814 \
      FL $XILINX/hw/XilinxProcessorIPLib/pcores/microblaze_v8_30_a/hdl/vhdl/fpu_mul.vhd \
      EN microblaze_v8_30_a/FPU_MUL 1365800813 LB unisim PH unisim/VCOMPONENTS 1335251629 \
      CP std_logic_vector CP std_logic CP dsp_module CP MUL_OP_TYPE CP MUL_RES_TYPE \
      CP MULT18x18S
FL $XILINX/hw/XilinxProcessorIPLib/pcores/microblaze_v8_30_a/hdl/vhdl/fpu_sqrt.vhd 2012/04/24.05:02:03 P.15xf
EN microblaze_v8_30_a/fpu_sqrt 1365800817 \
      FL $XILINX/hw/XilinxProcessorIPLib/pcores/microblaze_v8_30_a/hdl/vhdl/fpu_sqrt.vhd \
      LB Microblaze_v8_30_a PH microblaze_v8_30_a/MicroBlaze_ISA 1365800787 \
      PB microblaze_v8_30_a/MicroBlaze_Types 1365800786 LB unisim \
      PH unisim/VCOMPONENTS 1335251629 PB ieee/std_logic_1164 1335251622
AR microblaze_v8_30_a/fpu_sqrt/IMP 1365800818 \
      FL $XILINX/hw/XilinxProcessorIPLib/pcores/microblaze_v8_30_a/hdl/vhdl/fpu_sqrt.vhd \
      EN microblaze_v8_30_a/fpu_sqrt 1365800817 LB unisim PH unisim/VCOMPONENTS 1335251629 \
      CP MUXCY_L CP XORCY
FL $XILINX/hw/XilinxProcessorIPLib/pcores/microblaze_v8_30_a/hdl/vhdl/fsl_module.vhd 2012/04/24.05:02:03 P.15xf
EN microblaze_v8_30_a/FSL_Module 1365800931 \
      FL $XILINX/hw/XilinxProcessorIPLib/pcores/microblaze_v8_30_a/hdl/vhdl/fsl_module.vhd \
      PB ieee/std_logic_1164 1335251622 PB ieee/NUMERIC_STD 1335251627 \
      LB Microblaze_v8_30_a PB microblaze_v8_30_a/MicroBlaze_Types 1365800786 \
      LB unisim PH unisim/VCOMPONENTS 1335251629
AR microblaze_v8_30_a/FSL_Module/IMP 1365800932 \
      FL $XILINX/hw/XilinxProcessorIPLib/pcores/microblaze_v8_30_a/hdl/vhdl/fsl_module.vhd \
      EN microblaze_v8_30_a/FSL_Module 1365800931 CP std_logic CP FDRE CP boolean
FL $XILINX/hw/XilinxProcessorIPLib/pcores/microblaze_v8_30_a/hdl/vhdl/gen_srlfifo.vhd 2012/04/24.05:02:03 P.15xf
EN microblaze_v8_30_a/srl_fifo 1365800977 \
      FL $XILINX/hw/XilinxProcessorIPLib/pcores/microblaze_v8_30_a/hdl/vhdl/gen_srlfifo.vhd \
      PB ieee/std_logic_1164 1335251622 PB ieee/NUMERIC_STD 1335251627
AR microblaze_v8_30_a/srl_fifo/IMP 1365800978 \
      FL $XILINX/hw/XilinxProcessorIPLib/pcores/microblaze_v8_30_a/hdl/vhdl/gen_srlfifo.vhd \
      EN microblaze_v8_30_a/srl_fifo 1365800977 LB unisim PH unisim/VCOMPONENTS 1335251629 \
      CP FDRE CP MUXCY_L CP XORCY CP SRL16E
FL $XILINX/hw/XilinxProcessorIPLib/pcores/microblaze_v8_30_a/hdl/vhdl/iaxi_interface.vhd 2012/04/24.05:02:03 P.15xf
EN microblaze_v8_30_a/IAXI_Interface 1365800949 \
      FL $XILINX/hw/XilinxProcessorIPLib/pcores/microblaze_v8_30_a/hdl/vhdl/iaxi_interface.vhd \
      PB ieee/std_logic_1164 1335251622 PB ieee/NUMERIC_STD 1335251627 \
      LB Microblaze_v8_30_a PB microblaze_v8_30_a/MicroBlaze_Types 1365800786
AR microblaze_v8_30_a/IAXI_Interface/IMP 1365800950 \
      FL $XILINX/hw/XilinxProcessorIPLib/pcores/microblaze_v8_30_a/hdl/vhdl/iaxi_interface.vhd \
      EN microblaze_v8_30_a/IAXI_Interface 1365800949
FL $XILINX/hw/XilinxProcessorIPLib/pcores/microblaze_v8_30_a/hdl/vhdl/icache.vhd 2012/04/24.05:02:03 P.15xf
EN microblaze_v8_30_a/Icache 1365800953 \
      FL $XILINX/hw/XilinxProcessorIPLib/pcores/microblaze_v8_30_a/hdl/vhdl/icache.vhd \
      PB ieee/std_logic_1164 1335251622 PB ieee/NUMERIC_STD 1335251627 \
      LB Microblaze_v8_30_a PB microblaze_v8_30_a/MicroBlaze_Types 1365800786 \
      PH microblaze_v8_30_a/MicroBlaze_ISA 1365800787 LB unisim \
      PH unisim/VCOMPONENTS 1335251629
AR microblaze_v8_30_a/Icache/IMP 1365800954 \
      FL $XILINX/hw/XilinxProcessorIPLib/pcores/microblaze_v8_30_a/hdl/vhdl/icache.vhd \
      EN microblaze_v8_30_a/Icache 1365800953 CP std_logic_vector CP std_logic \
      CP rboolean CP vec_mux CP comparator CP parity_request_states CP carry_and \
      CP cache_valid_bit_detect CP carry_or CP Parity CP DATA_WORD_TYPE \
      CP RAM_Module CP Cache_Interface CP boolean CP stream_cache \
      CP victim_state_type CP victim_cache
FL $XILINX/hw/XilinxProcessorIPLib/pcores/microblaze_v8_30_a/hdl/vhdl/instr_mux.vhd 2012/04/24.05:02:03 P.15xf
EN microblaze_v8_30_a/instr_mux 1365800961 \
      FL $XILINX/hw/XilinxProcessorIPLib/pcores/microblaze_v8_30_a/hdl/vhdl/instr_mux.vhd \
      PB ieee/std_logic_1164 1335251622 LB Microblaze_v8_30_a \
      PB microblaze_v8_30_a/MicroBlaze_Types 1365800786
AR microblaze_v8_30_a/instr_mux/IMP 1365800962 \
      FL $XILINX/hw/XilinxProcessorIPLib/pcores/microblaze_v8_30_a/hdl/vhdl/instr_mux.vhd \
      EN microblaze_v8_30_a/instr_mux 1365800961 LB unisim PH unisim/VCOMPONENTS 1335251629 \
      CP MUXF5 CP mux_bus CP DATA_TYPE CP std_logic_vector CP LUT6
FL $XILINX/hw/XilinxProcessorIPLib/pcores/microblaze_v8_30_a/hdl/vhdl/interrupt_mode_converter.vhd 2012/04/24.05:02:03 P.15xf
EN microblaze_v8_30_a/interrupt_mode_converter 1365800935 \
      FL $XILINX/hw/XilinxProcessorIPLib/pcores/microblaze_v8_30_a/hdl/vhdl/interrupt_mode_converter.vhd \
      PB ieee/std_logic_1164 1335251622 LB Microblaze_v8_30_a \
      PH microblaze_v8_30_a/MicroBlaze_ISA 1365800787 \
      PB microblaze_v8_30_a/MicroBlaze_Types 1365800786
AR microblaze_v8_30_a/interrupt_mode_converter/IMP 1365800936 \
      FL $XILINX/hw/XilinxProcessorIPLib/pcores/microblaze_v8_30_a/hdl/vhdl/interrupt_mode_converter.vhd \
      EN microblaze_v8_30_a/interrupt_mode_converter 1365800935
FL $XILINX/hw/XilinxProcessorIPLib/pcores/microblaze_v8_30_a/hdl/vhdl/iplb_interface.vhd 2012/04/24.05:02:03 P.15xf
EN microblaze_v8_30_a/IPLB_Interface 1365800947 \
      FL $XILINX/hw/XilinxProcessorIPLib/pcores/microblaze_v8_30_a/hdl/vhdl/iplb_interface.vhd \
      PB ieee/std_logic_1164 1335251622 PB ieee/NUMERIC_STD 1335251627 \
      LB Microblaze_v8_30_a PB microblaze_v8_30_a/MicroBlaze_Types 1365800786
AR microblaze_v8_30_a/IPLB_Interface/IMP 1365800948 \
      FL $XILINX/hw/XilinxProcessorIPLib/pcores/microblaze_v8_30_a/hdl/vhdl/iplb_interface.vhd \
      EN microblaze_v8_30_a/IPLB_Interface 1365800947
FL $XILINX/hw/XilinxProcessorIPLib/pcores/microblaze_v8_30_a/hdl/vhdl/jump_logic_gti.vhd 2012/04/24.05:02:03 P.15xf
EN microblaze_v8_30_a/jump_logic 1365800891 \
      FL $XILINX/hw/XilinxProcessorIPLib/pcores/microblaze_v8_30_a/hdl/vhdl/jump_logic_gti.vhd \
      PB ieee/std_logic_1164 1335251622 LB Microblaze_v8_30_a \
      PH microblaze_v8_30_a/MicroBlaze_ISA 1365800787 \
      PB microblaze_v8_30_a/MicroBlaze_Types 1365800786 LB unisim \
      PH unisim/VCOMPONENTS 1335251629
AR microblaze_v8_30_a/jump_logic/IMP 1365800892 \
      FL $XILINX/hw/XilinxProcessorIPLib/pcores/microblaze_v8_30_a/hdl/vhdl/jump_logic_gti.vhd \
      EN microblaze_v8_30_a/jump_logic 1365800891 CP std_logic CP MUXCY_L
FL $XILINX/hw/XilinxProcessorIPLib/pcores/microblaze_v8_30_a/hdl/vhdl/microblaze.vhd 2012/04/24.05:02:03 P.15xf
EN microblaze_v8_30_a/MicroBlaze 1365800979 \
      FL $XILINX/hw/XilinxProcessorIPLib/pcores/microblaze_v8_30_a/hdl/vhdl/microblaze.vhd \
      PB ieee/std_logic_1164 1335251622 LB Microblaze_v8_30_a \
      PH microblaze_v8_30_a/MicroBlaze_ISA 1365800787 \
      PB microblaze_v8_30_a/MicroBlaze_Types 1365800786
AR microblaze_v8_30_a/MicroBlaze/IMP 1365800980 \
      FL $XILINX/hw/XilinxProcessorIPLib/pcores/microblaze_v8_30_a/hdl/vhdl/microblaze.vhd \
      EN microblaze_v8_30_a/MicroBlaze 1365800979 LB unisim PH unisim/VCOMPONENTS 1335251629 \
      CP MicroBlaze_Core
FL $XILINX/hw/XilinxProcessorIPLib/pcores/microblaze_v8_30_a/hdl/vhdl/microblaze_core.vhd 2012/04/24.05:02:03 P.15xf
EN microblaze_v8_30_a/MicroBlaze_Core 1365800973 \
      FL $XILINX/hw/XilinxProcessorIPLib/pcores/microblaze_v8_30_a/hdl/vhdl/microblaze_core.vhd \
      PB ieee/std_logic_1164 1335251622 LB Microblaze_v8_30_a \
      PH microblaze_v8_30_a/MicroBlaze_ISA 1365800787 \
      PB microblaze_v8_30_a/MicroBlaze_Types 1365800786
AR microblaze_v8_30_a/MicroBlaze_Core/IMP 1365800974 \
      FL $XILINX/hw/XilinxProcessorIPLib/pcores/microblaze_v8_30_a/hdl/vhdl/microblaze_core.vhd \
      EN microblaze_v8_30_a/MicroBlaze_Core 1365800973 LB unisim \
      PH unisim/VCOMPONENTS 1335251629 CP FSL_Module CP Streaming_AXI CP string \
      CP boolean CP std_logic CP std_logic_vector CP MSR_REG_TYPE CP rboolean \
      CP EXCEPTION_KIND_TYPE CP BTR_TYPE CP ESR_TYPE CP signal \
      CP interrupt_mode_converter CP Decode CP Data_Flow CP Byte_Doublet_Handle \
      CP DPLB_Interface CP DAXI_interface CP IPLB_Interface CP IAXI_Interface \
      CP MSR_TYPE CP Debug CP ICache CP carry_or CP DCache_wb CP DCache \
      CP exception_registers CP instr_mux CP DATA_TYPE CP DATA_BE_TYPE CP slv_0to1 \
      CP GPR_ADDR_TYPE CP IMM16_TYPE CP ALU_OP_TYPE CP SEXT_OP_TYPE CP SHIFT_OP_TYPE \
      CP LOGIC_OP_TYPE CP FPU_OP_TYPE CP FPU_COND_TYPE CP Decode_gti \
      CP Data_Flow_gti CP read_data_mux CP AND2B1L CP DCache_gti CP carry_and CP MMU
FL $XILINX/hw/XilinxProcessorIPLib/pcores/microblaze_v8_30_a/hdl/vhdl/microblaze_isa_be_pkg.vhd 2012/04/24.05:02:03 P.15xf
PH microblaze_v8_30_a/MicroBlaze_ISA 1365800787 \
      FL $XILINX/hw/XilinxProcessorIPLib/pcores/microblaze_v8_30_a/hdl/vhdl/microblaze_isa_be_pkg.vhd \
      PB ieee/std_logic_1164 1335251622 LB Microblaze_v8_30_a \
      PB microblaze_v8_30_a/MicroBlaze_Types 1365800786
FL $XILINX/hw/XilinxProcessorIPLib/pcores/microblaze_v8_30_a/hdl/vhdl/microblaze_primitives.vhd 2012/04/24.05:02:03 P.15xf
EN microblaze_v8_30_a/MB_SRL16E 1365800794 \
      FL $XILINX/hw/XilinxProcessorIPLib/pcores/microblaze_v8_30_a/hdl/vhdl/microblaze_primitives.vhd \
      PB ieee/std_logic_1164 1335251622
AR microblaze_v8_30_a/MB_SRL16E/IMP 1365800795 \
      FL $XILINX/hw/XilinxProcessorIPLib/pcores/microblaze_v8_30_a/hdl/vhdl/microblaze_primitives.vhd \
      EN microblaze_v8_30_a/MB_SRL16E 1365800794 LB unisim PH unisim/VCOMPONENTS 1335251629 \
      PB ieee/NUMERIC_STD 1335251627 CP SRL16E CP std_logic_vector CP string \
      CP signal
FL $XILINX/hw/XilinxProcessorIPLib/pcores/microblaze_v8_30_a/hdl/vhdl/microblaze_types_pkg.vhd 2012/04/24.05:02:03 P.15xf
PH microblaze_v8_30_a/MicroBlaze_Types 1365800785 \
      FL $XILINX/hw/XilinxProcessorIPLib/pcores/microblaze_v8_30_a/hdl/vhdl/microblaze_types_pkg.vhd \
      PB ieee/std_logic_1164 1335251622
FL $XILINX/hw/XilinxProcessorIPLib/pcores/microblaze_v8_30_a/hdl/vhdl/microblaze_types_pkg_body.vhd 2012/04/24.05:02:03 P.15xf
PB microblaze_v8_30_a/MicroBlaze_Types 1365800786 \
      FL $XILINX/hw/XilinxProcessorIPLib/pcores/microblaze_v8_30_a/hdl/vhdl/microblaze_types_pkg_body.vhd \
      PH microblaze_v8_30_a/MicroBlaze_Types 1365800785 PB ieee/std_logic_1164 1335251622 \
      PB ieee/NUMERIC_STD 1335251627
FL $XILINX/hw/XilinxProcessorIPLib/pcores/microblaze_v8_30_a/hdl/vhdl/mmu.vhd 2012/04/24.05:02:03 P.15xf
EN microblaze_v8_30_a/MMU 1365800971 \
      FL $XILINX/hw/XilinxProcessorIPLib/pcores/microblaze_v8_30_a/hdl/vhdl/mmu.vhd \
      PB ieee/std_logic_1164 1335251622 LB unisim PH unisim/VCOMPONENTS 1335251629 \
      LB Microblaze_v8_30_a PH microblaze_v8_30_a/MicroBlaze_ISA 1365800787 \
      PB microblaze_v8_30_a/MicroBlaze_Types 1365800786 \
      PH microblaze_v8_30_a/MMU_Types 1365800796
AR microblaze_v8_30_a/MMU/IMP 1365800972 \
      FL $XILINX/hw/XilinxProcessorIPLib/pcores/microblaze_v8_30_a/hdl/vhdl/mmu.vhd \
      EN microblaze_v8_30_a/MMU 1365800971 PB ieee/NUMERIC_STD 1335251627 \
      CP std_logic CP MMU_UTLB CP MMU_TLB CP std_logic_vector CP Zone_Vector_Type \
      CP SIZE_Type CP Size_Addr_Type
FL $XILINX/hw/XilinxProcessorIPLib/pcores/microblaze_v8_30_a/hdl/vhdl/mmu_tlb.vhd 2012/04/24.05:02:03 P.15xf
EN microblaze_v8_30_a/MMU_TLB 1365800851 \
      FL $XILINX/hw/XilinxProcessorIPLib/pcores/microblaze_v8_30_a/hdl/vhdl/mmu_tlb.vhd \
      PB ieee/std_logic_1164 1335251622 LB unisim PH unisim/VCOMPONENTS 1335251629 \
      LB Microblaze_v8_30_a PB microblaze_v8_30_a/MicroBlaze_Types 1365800786 \
      PH microblaze_v8_30_a/MMU_Types 1365800796
AR microblaze_v8_30_a/MMU_TLB/IMP 1365800852 \
      FL $XILINX/hw/XilinxProcessorIPLib/pcores/microblaze_v8_30_a/hdl/vhdl/mmu_tlb.vhd \
      EN microblaze_v8_30_a/MMU_TLB 1365800851 PB ieee/NUMERIC_STD 1335251627 \
      CP TAG_TID_Type CP SIZE_Type CP std_logic CP TLBHI_Entry_Type CP MUXCY_L \
      CP std_logic_vector CP carry_compare_mask CP carry_compare CP TLBLO_Type \
      CP string CP signal CP TLBLO_Entry_Type CP MUXF7
FL $XILINX/hw/XilinxProcessorIPLib/pcores/microblaze_v8_30_a/hdl/vhdl/mmu_types_pkg.vhd 2012/04/24.05:02:03 P.15xf
PH microblaze_v8_30_a/MMU_Types 1365800796 \
      FL $XILINX/hw/XilinxProcessorIPLib/pcores/microblaze_v8_30_a/hdl/vhdl/mmu_types_pkg.vhd \
      PB ieee/std_logic_1164 1335251622
FL $XILINX/hw/XilinxProcessorIPLib/pcores/microblaze_v8_30_a/hdl/vhdl/mmu_utlb.vhd 2012/04/24.05:02:03 P.15xf
EN microblaze_v8_30_a/MMU_UTLB 1365800849 \
      FL $XILINX/hw/XilinxProcessorIPLib/pcores/microblaze_v8_30_a/hdl/vhdl/mmu_utlb.vhd \
      PB ieee/std_logic_1164 1335251622 LB unisim PH unisim/VCOMPONENTS 1335251629 \
      LB Microblaze_v8_30_a PB microblaze_v8_30_a/MicroBlaze_Types 1365800786 \
      PH microblaze_v8_30_a/MMU_Types 1365800796
AR microblaze_v8_30_a/MMU_UTLB/IMP 1365800850 \
      FL $XILINX/hw/XilinxProcessorIPLib/pcores/microblaze_v8_30_a/hdl/vhdl/mmu_utlb.vhd \
      EN microblaze_v8_30_a/MMU_UTLB 1365800849 PB ieee/NUMERIC_STD 1335251627 \
      CP MMU_UTLB_RAM CP carry_compare CP carry_compare_mask CP carry_and CP integer \
      CP std_logic CP std_logic_vector CP Parity
FL $XILINX/hw/XilinxProcessorIPLib/pcores/microblaze_v8_30_a/hdl/vhdl/mmu_utlb_ram.vhd 2012/04/24.05:02:03 P.15xf
EN microblaze_v8_30_a/MMU_UTLB_RAM 1365800801 \
      FL $XILINX/hw/XilinxProcessorIPLib/pcores/microblaze_v8_30_a/hdl/vhdl/mmu_utlb_ram.vhd \
      PB ieee/std_logic_1164 1335251622
AR microblaze_v8_30_a/MMU_UTLB_RAM/IMP 1365800802 \
      FL $XILINX/hw/XilinxProcessorIPLib/pcores/microblaze_v8_30_a/hdl/vhdl/mmu_utlb_ram.vhd \
      EN microblaze_v8_30_a/MMU_UTLB_RAM 1365800801 PB ieee/NUMERIC_STD 1335251627
FL $XILINX/hw/XilinxProcessorIPLib/pcores/microblaze_v8_30_a/hdl/vhdl/msr_reg.vhd 2012/04/24.05:02:03 P.15xf
EN microblaze_v8_30_a/MSR_Reg 1365800925 \
      FL $XILINX/hw/XilinxProcessorIPLib/pcores/microblaze_v8_30_a/hdl/vhdl/msr_reg.vhd \
      PB ieee/std_logic_1164 1335251622 LB Microblaze_v8_30_a \
      PH microblaze_v8_30_a/MicroBlaze_ISA 1365800787 \
      PB microblaze_v8_30_a/MicroBlaze_Types 1365800786
AR microblaze_v8_30_a/MSR_Reg/IMP 1365800926 \
      FL $XILINX/hw/XilinxProcessorIPLib/pcores/microblaze_v8_30_a/hdl/vhdl/msr_reg.vhd \
      EN microblaze_v8_30_a/MSR_Reg 1365800925 CP MSR_Reg_Bit
FL $XILINX/hw/XilinxProcessorIPLib/pcores/microblaze_v8_30_a/hdl/vhdl/msr_reg_bit.vhd 2012/04/24.05:02:03 P.15xf
EN microblaze_v8_30_a/MSR_Reg_Bit 1365800839 \
      FL $XILINX/hw/XilinxProcessorIPLib/pcores/microblaze_v8_30_a/hdl/vhdl/msr_reg_bit.vhd \
      PB ieee/std_logic_1164 1335251622 LB Microblaze_v8_30_a \
      PB microblaze_v8_30_a/MicroBlaze_Types 1365800786 LB unisim \
      PH unisim/VCOMPONENTS 1335251629
AR microblaze_v8_30_a/MSR_Reg_Bit/IMP 1365800840 \
      FL $XILINX/hw/XilinxProcessorIPLib/pcores/microblaze_v8_30_a/hdl/vhdl/msr_reg_bit.vhd \
      EN microblaze_v8_30_a/MSR_Reg_Bit 1365800839 CP FDRSE
FL $XILINX/hw/XilinxProcessorIPLib/pcores/microblaze_v8_30_a/hdl/vhdl/msr_reg_gti.vhd 2012/04/24.05:02:03 P.15xf
EN microblaze_v8_30_a/msr_reg_gti 1365800875 \
      FL $XILINX/hw/XilinxProcessorIPLib/pcores/microblaze_v8_30_a/hdl/vhdl/msr_reg_gti.vhd \
      PB ieee/std_logic_1164 1335251622 LB Microblaze_v8_30_a \
      PB microblaze_v8_30_a/MicroBlaze_Types 1365800786 \
      PH microblaze_v8_30_a/MicroBlaze_ISA 1365800787 LB unisim \
      PH unisim/VCOMPONENTS 1335251629
AR microblaze_v8_30_a/msr_reg_gti/msr_reg 1365800876 \
      FL $XILINX/hw/XilinxProcessorIPLib/pcores/microblaze_v8_30_a/hdl/vhdl/msr_reg_gti.vhd \
      EN microblaze_v8_30_a/msr_reg_gti 1365800875 CP MSR_TYPE CP FDS CP FDR
FL $XILINX/hw/XilinxProcessorIPLib/pcores/microblaze_v8_30_a/hdl/vhdl/mul_unit.vhd 2012/04/24.05:02:03 P.15xf
EN microblaze_v8_30_a/mul_unit 1365800863 \
      FL $XILINX/hw/XilinxProcessorIPLib/pcores/microblaze_v8_30_a/hdl/vhdl/mul_unit.vhd \
      PB ieee/std_logic_1164 1335251622 PB ieee/NUMERIC_STD 1335251627 \
      LB Microblaze_v8_30_a PH microblaze_v8_30_a/MicroBlaze_ISA 1365800787 \
      PB microblaze_v8_30_a/MicroBlaze_Types 1365800786 LB unisim \
      PH unisim/VCOMPONENTS 1335251629
AR microblaze_v8_30_a/mul_unit/IMP 1365800864 \
      FL $XILINX/hw/XilinxProcessorIPLib/pcores/microblaze_v8_30_a/hdl/vhdl/mul_unit.vhd \
      EN microblaze_v8_30_a/mul_unit 1365800863 CP MUL_OP_TYPE CP std_logic \
      CP MUL_RES_TYPE CP std_logic_vector CP boolean CP DATA_TYPE CP MULT18x18S \
      CP dsp_module
FL $XILINX/hw/XilinxProcessorIPLib/pcores/microblaze_v8_30_a/hdl/vhdl/mux4.vhd 2012/04/24.05:02:03 P.15xf
EN microblaze_v8_30_a/mux4 1365800975 \
      FL $XILINX/hw/XilinxProcessorIPLib/pcores/microblaze_v8_30_a/hdl/vhdl/mux4.vhd \
      PB ieee/std_logic_1164 1335251622 LB unisim LB Microblaze_v8_30_a \
      PB microblaze_v8_30_a/MicroBlaze_Types 1365800786
AR microblaze_v8_30_a/mux4/IMP 1365800976 \
      FL $XILINX/hw/XilinxProcessorIPLib/pcores/microblaze_v8_30_a/hdl/vhdl/mux4.vhd \
      EN microblaze_v8_30_a/mux4 1365800975 CP MUXF5
FL $XILINX/hw/XilinxProcessorIPLib/pcores/microblaze_v8_30_a/hdl/vhdl/mux4_8.vhd 2012/04/24.05:02:03 P.15xf
EN microblaze_v8_30_a/mux4_8 1365800909 \
      FL $XILINX/hw/XilinxProcessorIPLib/pcores/microblaze_v8_30_a/hdl/vhdl/mux4_8.vhd \
      PB ieee/std_logic_1164 1335251622 LB unisim PH unisim/VCOMPONENTS 1335251629 \
      LB Microblaze_v8_30_a PB microblaze_v8_30_a/MicroBlaze_Types 1365800786
AR microblaze_v8_30_a/mux4_8/IMP 1365800910 \
      FL $XILINX/hw/XilinxProcessorIPLib/pcores/microblaze_v8_30_a/hdl/vhdl/mux4_8.vhd \
      EN microblaze_v8_30_a/mux4_8 1365800909 CP std_logic_vector CP std_logic \
      CP LUT3 CP MUXF5 CP LUT6_2
FL $XILINX/hw/XilinxProcessorIPLib/pcores/microblaze_v8_30_a/hdl/vhdl/mux_bus.vhd 2012/04/24.05:02:03 P.15xf
EN microblaze_v8_30_a/mux_bus 1365800807 \
      FL $XILINX/hw/XilinxProcessorIPLib/pcores/microblaze_v8_30_a/hdl/vhdl/mux_bus.vhd \
      PB ieee/std_logic_1164 1335251622 LB unisim PH unisim/VCOMPONENTS 1335251629 \
      LB Microblaze_v8_30_a PB microblaze_v8_30_a/MicroBlaze_Types 1365800786
AR microblaze_v8_30_a/mux_bus/IMP 1365800808 \
      FL $XILINX/hw/XilinxProcessorIPLib/pcores/microblaze_v8_30_a/hdl/vhdl/mux_bus.vhd \
      EN microblaze_v8_30_a/mux_bus 1365800807 CP std_logic_vector CP LUT6_2
FL $XILINX/hw/XilinxProcessorIPLib/pcores/microblaze_v8_30_a/hdl/vhdl/operand_select.vhd 2012/04/24.05:02:03 P.15xf
EN microblaze_v8_30_a/Operand_Select 1365800913 \
      FL $XILINX/hw/XilinxProcessorIPLib/pcores/microblaze_v8_30_a/hdl/vhdl/operand_select.vhd \
      PB ieee/std_logic_1164 1335251622 PB ieee/NUMERIC_STD 1335251627 \
      LB Microblaze_v8_30_a PH microblaze_v8_30_a/MicroBlaze_ISA 1365800787 \
      PB microblaze_v8_30_a/MicroBlaze_Types 1365800786
AR microblaze_v8_30_a/Operand_Select/IMP 1365800914 \
      FL $XILINX/hw/XilinxProcessorIPLib/pcores/microblaze_v8_30_a/hdl/vhdl/operand_select.vhd \
      EN microblaze_v8_30_a/Operand_Select 1365800913 CP Boolean_array \
      CP Operand_Select_Bit CP std_logic_vector
FL $XILINX/hw/XilinxProcessorIPLib/pcores/microblaze_v8_30_a/hdl/vhdl/operand_select_bit.vhd 2012/04/24.05:02:03 P.15xf
EN microblaze_v8_30_a/Operand_Select_Bit 1365800845 \
      FL $XILINX/hw/XilinxProcessorIPLib/pcores/microblaze_v8_30_a/hdl/vhdl/operand_select_bit.vhd \
      PB ieee/std_logic_1164 1335251622 LB Microblaze_v8_30_a \
      PB microblaze_v8_30_a/MicroBlaze_Types 1365800786 LB unisim \
      PH unisim/VCOMPONENTS 1335251629
AR microblaze_v8_30_a/Operand_Select_Bit/IMP 1365800846 \
      FL $XILINX/hw/XilinxProcessorIPLib/pcores/microblaze_v8_30_a/hdl/vhdl/operand_select_bit.vhd \
      EN microblaze_v8_30_a/Operand_Select_Bit 1365800845 CP LUT6_2 CP LUT3 CP LUT2 \
      CP LUT4 CP MUXF5 CP FDE CP std_logic
FL $XILINX/hw/XilinxProcessorIPLib/pcores/microblaze_v8_30_a/hdl/vhdl/operand_select_gti.vhd 2012/04/24.05:02:03 P.15xf
EN microblaze_v8_30_a/Operand_Select_gti 1365800857 \
      FL $XILINX/hw/XilinxProcessorIPLib/pcores/microblaze_v8_30_a/hdl/vhdl/operand_select_gti.vhd \
      PB ieee/std_logic_1164 1335251622 LB Microblaze_v8_30_a \
      PH microblaze_v8_30_a/MicroBlaze_ISA 1365800787 \
      PB microblaze_v8_30_a/MicroBlaze_Types 1365800786 LB unisim \
      PH unisim/VCOMPONENTS 1335251629
AR microblaze_v8_30_a/Operand_Select_gti/IMP 1365800858 \
      FL $XILINX/hw/XilinxProcessorIPLib/pcores/microblaze_v8_30_a/hdl/vhdl/operand_select_gti.vhd \
      EN microblaze_v8_30_a/Operand_Select_gti 1365800857 CP std_logic CP MUXF7
FL $XILINX/hw/XilinxProcessorIPLib/pcores/microblaze_v8_30_a/hdl/vhdl/parity.vhd 2012/04/24.05:02:03 P.15xf
EN microblaze_v8_30_a/Parity_Recursive_LUT6 1365800803 \
      FL $XILINX/hw/XilinxProcessorIPLib/pcores/microblaze_v8_30_a/hdl/vhdl/parity.vhd \
      PB ieee/std_logic_1164 1335251622
AR microblaze_v8_30_a/Parity_Recursive_LUT6/IMP 1365800804 \
      FL $XILINX/hw/XilinxProcessorIPLib/pcores/microblaze_v8_30_a/hdl/vhdl/parity.vhd \
      EN microblaze_v8_30_a/Parity_Recursive_LUT6 1365800803 LB unisim \
      PH unisim/VCOMPONENTS 1335251629 CP std_logic_vector CP LUT6 CP std_logic \
      CP MUXF7 CP integer_array CP integer CP Parity_Recursive_LUT6
EN microblaze_v8_30_a/Parity 1365800805 \
      FL $XILINX/hw/XilinxProcessorIPLib/pcores/microblaze_v8_30_a/hdl/vhdl/parity.vhd \
      PB ieee/std_logic_1164 1335251622 LB Microblaze_v8_30_a \
      PB microblaze_v8_30_a/MicroBlaze_Types 1365800786
AR microblaze_v8_30_a/Parity/IMP 1365800806 \
      FL $XILINX/hw/XilinxProcessorIPLib/pcores/microblaze_v8_30_a/hdl/vhdl/parity.vhd \
      EN microblaze_v8_30_a/Parity 1365800805 LB unisim PH unisim/VCOMPONENTS 1335251629 \
      CP std_logic_vector CP std_logic CP LUT6 CP MUXCY_L CP XORCY \
      CP Parity_Recursive_LUT6
FL $XILINX/hw/XilinxProcessorIPLib/pcores/microblaze_v8_30_a/hdl/vhdl/pc_bit.vhd 2012/04/24.05:02:03 P.15xf
EN microblaze_v8_30_a/PC_Bit 1365800837 \
      FL $XILINX/hw/XilinxProcessorIPLib/pcores/microblaze_v8_30_a/hdl/vhdl/pc_bit.vhd \
      PB ieee/std_logic_1164 1335251622 PB ieee/NUMERIC_STD 1335251627 \
      LB Microblaze_v8_30_a PB microblaze_v8_30_a/MicroBlaze_Types 1365800786 \
      LB unisim PH unisim/VCOMPONENTS 1335251629
AR microblaze_v8_30_a/PC_Bit/IMP 1365800838 \
      FL $XILINX/hw/XilinxProcessorIPLib/pcores/microblaze_v8_30_a/hdl/vhdl/pc_bit.vhd \
      EN microblaze_v8_30_a/PC_Bit 1365800837 CP LUT4 CP MUXCY_L CP XORCY CP FDSE \
      CP FDRE CP MB_SRL16E CP FDE
FL $XILINX/hw/XilinxProcessorIPLib/pcores/microblaze_v8_30_a/hdl/vhdl/pc_module.vhd 2012/04/24.05:02:03 P.15xf
EN microblaze_v8_30_a/PC_Module 1365800927 \
      FL $XILINX/hw/XilinxProcessorIPLib/pcores/microblaze_v8_30_a/hdl/vhdl/pc_module.vhd \
      PB ieee/std_logic_1164 1335251622 PB ieee/NUMERIC_STD 1335251627 \
      LB Microblaze_v8_30_a PB microblaze_v8_30_a/MicroBlaze_Types 1365800786
AR microblaze_v8_30_a/PC_Module/IMP 1365800928 \
      FL $XILINX/hw/XilinxProcessorIPLib/pcores/microblaze_v8_30_a/hdl/vhdl/pc_module.vhd \
      EN microblaze_v8_30_a/PC_Module 1365800927 CP boolean CP std_logic_vector \
      CP string CP signal CP PC_Bit CP SRL16_BUFFER_TYPE
FL $XILINX/hw/XilinxProcessorIPLib/pcores/microblaze_v8_30_a/hdl/vhdl/pc_module_gti.vhd 2012/04/24.05:02:03 P.15xf
EN microblaze_v8_30_a/PC_Module_gti 1365800887 \
      FL $XILINX/hw/XilinxProcessorIPLib/pcores/microblaze_v8_30_a/hdl/vhdl/pc_module_gti.vhd \
      PB ieee/std_logic_1164 1335251622 PB ieee/NUMERIC_STD 1335251627 LB unisim \
      PH unisim/VCOMPONENTS 1335251629 LB Microblaze_v8_30_a \
      PH microblaze_v8_30_a/MicroBlaze_ISA 1365800787 \
      PB microblaze_v8_30_a/MicroBlaze_Types 1365800786
AR microblaze_v8_30_a/PC_Module_gti/IMP 1365800888 \
      FL $XILINX/hw/XilinxProcessorIPLib/pcores/microblaze_v8_30_a/hdl/vhdl/pc_module_gti.vhd \
      EN microblaze_v8_30_a/PC_Module_gti 1365800887 CP DATA_TYPE \
      CP std_logic_vector CP MUXCY_L CP XORCY CP std_logic CP signal CP MUXF7 CP MUXF5 \
      CP FDR CP boolean CP natural CP mmu_vector CP integer CP width_select_vector \
      CP width_vector CP rboolean CP Prediction_Buffer_Type CP slv_0to3 CP slv_0to1 \
      CP Parity CP carry_and CP RAM_Module CP comparator CP carry_or
FL $XILINX/hw/XilinxProcessorIPLib/pcores/microblaze_v8_30_a/hdl/vhdl/prefetch_buffer.vhd 2012/04/24.05:02:03 P.15xf
EN microblaze_v8_30_a/PreFetch_Buffer 1365800929 \
      FL $XILINX/hw/XilinxProcessorIPLib/pcores/microblaze_v8_30_a/hdl/vhdl/prefetch_buffer.vhd \
      PB ieee/std_logic_1164 1335251622 PB ieee/NUMERIC_STD 1335251627 \
      LB Microblaze_v8_30_a PB microblaze_v8_30_a/MicroBlaze_Types 1365800786 \
      LB unisim PH unisim/VCOMPONENTS 1335251629
AR microblaze_v8_30_a/PreFetch_Buffer/IMP 1365800930 \
      FL $XILINX/hw/XilinxProcessorIPLib/pcores/microblaze_v8_30_a/hdl/vhdl/prefetch_buffer.vhd \
      EN microblaze_v8_30_a/PreFetch_Buffer 1365800929 CP std_logic_vector \
      CP MB_SRL16E CP MUXCY_L CP XORCY CP FDS CP FDR CP SRL16_TYPE
FL $XILINX/hw/XilinxProcessorIPLib/pcores/microblaze_v8_30_a/hdl/vhdl/prefetch_buffer_gti.vhd 2012/04/24.05:02:03 P.15xf
EN microblaze_v8_30_a/PreFetch_Buffer_gti 1365800889 \
      FL $XILINX/hw/XilinxProcessorIPLib/pcores/microblaze_v8_30_a/hdl/vhdl/prefetch_buffer_gti.vhd \
      PB ieee/std_logic_1164 1335251622 PB ieee/NUMERIC_STD 1335251627 \
      LB Microblaze_v8_30_a PH microblaze_v8_30_a/MicroBlaze_ISA 1365800787 \
      PB microblaze_v8_30_a/MicroBlaze_Types 1365800786
AR microblaze_v8_30_a/PreFetch_Buffer_gti/IMP 1365800890 \
      FL $XILINX/hw/XilinxProcessorIPLib/pcores/microblaze_v8_30_a/hdl/vhdl/prefetch_buffer_gti.vhd \
      EN microblaze_v8_30_a/PreFetch_Buffer_gti 1365800889 LB unisim \
      PH unisim/VCOMPONENTS 1335251629 CP std_logic CP instr_data_exp_type CP MUXF7 \
      CP MUXF5 CP FDR CP std_logic_vector CP LUT6 CP FDS
FL $XILINX/hw/XilinxProcessorIPLib/pcores/microblaze_v8_30_a/hdl/vhdl/pvr.vhd 2012/04/24.05:02:03 P.15xf
EN microblaze_v8_30_a/PVR 1365800883 \
      FL $XILINX/hw/XilinxProcessorIPLib/pcores/microblaze_v8_30_a/hdl/vhdl/pvr.vhd \
      PB ieee/std_logic_1164 1335251622 PB ieee/NUMERIC_STD 1335251627 \
      LB Microblaze_v8_30_a PH microblaze_v8_30_a/MicroBlaze_ISA 1365800787 \
      PB microblaze_v8_30_a/MicroBlaze_Types 1365800786 LB unisim \
      PH unisim/VCOMPONENTS 1335251629
AR microblaze_v8_30_a/PVR/IMP 1365800884 \
      FL $XILINX/hw/XilinxProcessorIPLib/pcores/microblaze_v8_30_a/hdl/vhdl/pvr.vhd \
      EN microblaze_v8_30_a/PVR 1365800883 CP PVR_TYPE CP string CP signal
FL $XILINX/hw/XilinxProcessorIPLib/pcores/microblaze_v8_30_a/hdl/vhdl/ram_module.vhd 2012/04/24.05:02:03 P.15xf
EN microblaze_v8_30_a/RAM_Module 1365800829 \
      FL $XILINX/hw/XilinxProcessorIPLib/pcores/microblaze_v8_30_a/hdl/vhdl/ram_module.vhd \
      PB ieee/std_logic_1164 1335251622 LB unisim PH unisim/VCOMPONENTS 1335251629 \
      LB Microblaze_v8_30_a PB microblaze_v8_30_a/MicroBlaze_Types 1365800786
AR microblaze_v8_30_a/RAM_Module/IMP 1365800830 \
      FL $XILINX/hw/XilinxProcessorIPLib/pcores/microblaze_v8_30_a/hdl/vhdl/ram_module.vhd \
      EN microblaze_v8_30_a/RAM_Module 1365800829 PB ieee/NUMERIC_STD 1335251627 \
      CP std_logic_vector CP RAMB36 CP RAMB16 CP RAMB16BWE CP RAMB16_S36_S36 \
      CP RAMB16_S18_S18 CP RAMB16_S9_S9 CP integer CP std_logic CP RAMB16_S4_S4 \
      CP RAMB16_S2_S2 CP RAMB16_S1_S1 CP ram_output CP RAM_Module
FL $XILINX/hw/XilinxProcessorIPLib/pcores/microblaze_v8_30_a/hdl/vhdl/read_data_mux_gti.vhd 2012/04/24.05:02:03 P.15xf
EN microblaze_v8_30_a/read_data_mux 1365800967 \
      FL $XILINX/hw/XilinxProcessorIPLib/pcores/microblaze_v8_30_a/hdl/vhdl/read_data_mux_gti.vhd \
      PB ieee/std_logic_1164 1335251622 LB Microblaze_v8_30_a \
      PH microblaze_v8_30_a/MicroBlaze_ISA 1365800787 \
      PB microblaze_v8_30_a/MicroBlaze_Types 1365800786
AR microblaze_v8_30_a/read_data_mux/IMP 1365800968 \
      FL $XILINX/hw/XilinxProcessorIPLib/pcores/microblaze_v8_30_a/hdl/vhdl/read_data_mux_gti.vhd \
      EN microblaze_v8_30_a/read_data_mux 1365800967
FL $XILINX/hw/XilinxProcessorIPLib/pcores/microblaze_v8_30_a/hdl/vhdl/register_file.vhd 2012/04/24.05:02:03 P.15xf
EN microblaze_v8_30_a/Register_File 1365800911 \
      FL $XILINX/hw/XilinxProcessorIPLib/pcores/microblaze_v8_30_a/hdl/vhdl/register_file.vhd \
      PB ieee/std_logic_1164 1335251622 PB ieee/NUMERIC_STD 1335251627 \
      LB Microblaze_v8_30_a PB microblaze_v8_30_a/MicroBlaze_Types 1365800786
AR microblaze_v8_30_a/Register_File/IMP 1365800912 \
      FL $XILINX/hw/XilinxProcessorIPLib/pcores/microblaze_v8_30_a/hdl/vhdl/register_file.vhd \
      EN microblaze_v8_30_a/Register_File 1365800911 CP Register_File_Bit \
      CP REG_FILE_TYPE CP string CP signal
FL $XILINX/hw/XilinxProcessorIPLib/pcores/microblaze_v8_30_a/hdl/vhdl/register_file_bit.vhd 2012/04/24.05:02:03 P.15xf
EN microblaze_v8_30_a/Register_File_Bit 1365800847 \
      FL $XILINX/hw/XilinxProcessorIPLib/pcores/microblaze_v8_30_a/hdl/vhdl/register_file_bit.vhd \
      PB ieee/std_logic_1164 1335251622 LB Microblaze_v8_30_a \
      PB microblaze_v8_30_a/MicroBlaze_Types 1365800786
AR microblaze_v8_30_a/Register_File_Bit/IMP 1365800848 \
      FL $XILINX/hw/XilinxProcessorIPLib/pcores/microblaze_v8_30_a/hdl/vhdl/register_file_bit.vhd \
      EN microblaze_v8_30_a/Register_File_Bit 1365800847 LB unisim \
      PH unisim/VCOMPONENTS 1335251629 CP std_logic CP RAM32x1D CP RAM16x1D CP LUT3
FL $XILINX/hw/XilinxProcessorIPLib/pcores/microblaze_v8_30_a/hdl/vhdl/register_file_gti.vhd 2012/04/24.05:02:03 P.15xf
EN microblaze_v8_30_a/Register_File_gti 1365800855 \
      FL $XILINX/hw/XilinxProcessorIPLib/pcores/microblaze_v8_30_a/hdl/vhdl/register_file_gti.vhd \
      PB ieee/std_logic_1164 1335251622 PB ieee/NUMERIC_STD 1335251627 \
      LB Microblaze_v8_30_a PB microblaze_v8_30_a/MicroBlaze_Types 1365800786
AR microblaze_v8_30_a/Register_File_gti/IMP 1365800856 \
      FL $XILINX/hw/XilinxProcessorIPLib/pcores/microblaze_v8_30_a/hdl/vhdl/register_file_gti.vhd \
      EN microblaze_v8_30_a/Register_File_gti 1365800855 LB unisim \
      PH unisim/VCOMPONENTS 1335251629 CP RAM32M
FL $XILINX/hw/XilinxProcessorIPLib/pcores/microblaze_v8_30_a/hdl/vhdl/result_mux.vhd 2012/04/24.05:02:03 P.15xf
EN microblaze_v8_30_a/Result_Mux 1365800921 \
      FL $XILINX/hw/XilinxProcessorIPLib/pcores/microblaze_v8_30_a/hdl/vhdl/result_mux.vhd \
      PB ieee/std_logic_1164 1335251622 LB Microblaze_v8_30_a \
      PB microblaze_v8_30_a/MicroBlaze_Types 1365800786
AR microblaze_v8_30_a/Result_Mux/IMP 1365800922 \
      FL $XILINX/hw/XilinxProcessorIPLib/pcores/microblaze_v8_30_a/hdl/vhdl/result_mux.vhd \
      EN microblaze_v8_30_a/Result_Mux 1365800921 CP Result_Mux_Bit \
      CP std_logic_vector
FL $XILINX/hw/XilinxProcessorIPLib/pcores/microblaze_v8_30_a/hdl/vhdl/result_mux_bit.vhd 2012/04/24.05:02:03 P.15xf
EN microblaze_v8_30_a/Result_Mux_Bit 1365800841 \
      FL $XILINX/hw/XilinxProcessorIPLib/pcores/microblaze_v8_30_a/hdl/vhdl/result_mux_bit.vhd \
      PB ieee/std_logic_1164 1335251622 LB Microblaze_v8_30_a \
      PB microblaze_v8_30_a/MicroBlaze_Types 1365800786
AR microblaze_v8_30_a/Result_Mux_Bit/IMP 1365800842 \
      FL $XILINX/hw/XilinxProcessorIPLib/pcores/microblaze_v8_30_a/hdl/vhdl/result_mux_bit.vhd \
      EN microblaze_v8_30_a/Result_Mux_Bit 1365800841 LB unisim \
      PH unisim/VCOMPONENTS 1335251629 CP LUT4 CP MUXF5 CP FD
FL $XILINX/hw/XilinxProcessorIPLib/pcores/microblaze_v8_30_a/hdl/vhdl/shift_logic.vhd 2012/04/24.05:02:03 P.15xf
EN microblaze_v8_30_a/Shift_Logic_Module 1365800915 \
      FL $XILINX/hw/XilinxProcessorIPLib/pcores/microblaze_v8_30_a/hdl/vhdl/shift_logic.vhd \
      PB ieee/std_logic_1164 1335251622 LB Microblaze_v8_30_a \
      PH microblaze_v8_30_a/MicroBlaze_ISA 1365800787 \
      PB microblaze_v8_30_a/MicroBlaze_Types 1365800786
AR microblaze_v8_30_a/Shift_Logic_Module/IMP 1365800916 \
      FL $XILINX/hw/XilinxProcessorIPLib/pcores/microblaze_v8_30_a/hdl/vhdl/shift_logic.vhd \
      EN microblaze_v8_30_a/Shift_Logic_Module 1365800915 LB unisim \
      PH unisim/VCOMPONENTS 1335251629 CP Shift_Logic_Bit CP std_logic_vector \
      CP std_logic CP count_leading_zeros CP carry_equal CP LUT4 CP MUXF5 CP LUT2
FL $XILINX/hw/XilinxProcessorIPLib/pcores/microblaze_v8_30_a/hdl/vhdl/shift_logic_bit.vhd 2012/04/24.05:02:03 P.15xf
EN microblaze_v8_30_a/Shift_Logic_Bit 1365800843 \
      FL $XILINX/hw/XilinxProcessorIPLib/pcores/microblaze_v8_30_a/hdl/vhdl/shift_logic_bit.vhd \
      PB ieee/std_logic_1164 1335251622 LB Microblaze_v8_30_a \
      PB microblaze_v8_30_a/MicroBlaze_Types 1365800786
AR microblaze_v8_30_a/Shift_Logic_Bit/IMP 1365800844 \
      FL $XILINX/hw/XilinxProcessorIPLib/pcores/microblaze_v8_30_a/hdl/vhdl/shift_logic_bit.vhd \
      EN microblaze_v8_30_a/Shift_Logic_Bit 1365800843 LB unisim \
      PH unisim/VCOMPONENTS 1335251629 CP LUT4 CP MUXF5
FL $XILINX/hw/XilinxProcessorIPLib/pcores/microblaze_v8_30_a/hdl/vhdl/shift_logic_gti.vhd 2012/04/24.05:02:03 P.15xf
EN microblaze_v8_30_a/Shift_Logic_Module_gti 1365800861 \
      FL $XILINX/hw/XilinxProcessorIPLib/pcores/microblaze_v8_30_a/hdl/vhdl/shift_logic_gti.vhd \
      PB ieee/std_logic_1164 1335251622 LB Microblaze_v8_30_a \
      PH microblaze_v8_30_a/MicroBlaze_ISA 1365800787 \
      PB microblaze_v8_30_a/MicroBlaze_Types 1365800786 LB unisim \
      PH unisim/VCOMPONENTS 1335251629
AR microblaze_v8_30_a/Shift_Logic_Module_gti/IMP 1365800862 \
      FL $XILINX/hw/XilinxProcessorIPLib/pcores/microblaze_v8_30_a/hdl/vhdl/shift_logic_gti.vhd \
      EN microblaze_v8_30_a/Shift_Logic_Module_gti 1365800861 CP DATA_TYPE \
      CP std_logic CP MUXF5 CP LUT6 CP std_logic_vector CP MUXF7 \
      CP count_leading_zeros CP carry_equal CP LUT4
FL $XILINX/hw/XilinxProcessorIPLib/pcores/microblaze_v8_30_a/hdl/vhdl/stack_protection.vhd 2012/04/24.05:02:03 P.15xf
EN microblaze_v8_30_a/stack_protection 1365800885 \
      FL $XILINX/hw/XilinxProcessorIPLib/pcores/microblaze_v8_30_a/hdl/vhdl/stack_protection.vhd \
      PB ieee/std_logic_1164 1335251622 PB ieee/NUMERIC_STD 1335251627 \
      LB Microblaze_v8_30_a PH microblaze_v8_30_a/MicroBlaze_ISA 1365800787 \
      PB microblaze_v8_30_a/MicroBlaze_Types 1365800786
AR microblaze_v8_30_a/stack_protection/IMP 1365800886 \
      FL $XILINX/hw/XilinxProcessorIPLib/pcores/microblaze_v8_30_a/hdl/vhdl/stack_protection.vhd \
      EN microblaze_v8_30_a/stack_protection 1365800885 CP std_logic
FL $XILINX/hw/XilinxProcessorIPLib/pcores/microblaze_v8_30_a/hdl/vhdl/streaming_axi.vhd 2012/04/24.05:02:03 P.15xf
EN microblaze_v8_30_a/Streaming_AXI 1365800933 \
      FL $XILINX/hw/XilinxProcessorIPLib/pcores/microblaze_v8_30_a/hdl/vhdl/streaming_axi.vhd \
      PB ieee/std_logic_1164 1335251622 PB ieee/NUMERIC_STD 1335251627 \
      LB Microblaze_v8_30_a PB microblaze_v8_30_a/MicroBlaze_Types 1365800786 \
      LB unisim PH unisim/VCOMPONENTS 1335251629
AR microblaze_v8_30_a/Streaming_AXI/IMP 1365800934 \
      FL $XILINX/hw/XilinxProcessorIPLib/pcores/microblaze_v8_30_a/hdl/vhdl/streaming_axi.vhd \
      EN microblaze_v8_30_a/Streaming_AXI 1365800933 CP std_logic CP boolean \
      CP FDRE
FL $XILINX/hw/XilinxProcessorIPLib/pcores/microblaze_v8_30_a/hdl/vhdl/stream_cache.vhd 2012/04/24.05:02:03 P.15xf
EN microblaze_v8_30_a/stream_cache 1365800901 \
      FL $XILINX/hw/XilinxProcessorIPLib/pcores/microblaze_v8_30_a/hdl/vhdl/stream_cache.vhd \
      PB ieee/std_logic_1164 1335251622 PB ieee/NUMERIC_STD 1335251627 \
      LB Microblaze_v8_30_a PB microblaze_v8_30_a/MicroBlaze_Types 1365800786 \
      LB unisim PH unisim/VCOMPONENTS 1335251629
AR microblaze_v8_30_a/stream_cache/IMP 1365800902 \
      FL $XILINX/hw/XilinxProcessorIPLib/pcores/microblaze_v8_30_a/hdl/vhdl/stream_cache.vhd \
      EN microblaze_v8_30_a/stream_cache 1365800901 CP MUXCY_L CP XORCY CP FDRE
FL $XILINX/hw/XilinxProcessorIPLib/pcores/microblaze_v8_30_a/hdl/vhdl/vec_mux.vhd 2012/04/24.05:02:03 P.15xf
EN microblaze_v8_30_a/vec_mux 1365800895 \
      FL $XILINX/hw/XilinxProcessorIPLib/pcores/microblaze_v8_30_a/hdl/vhdl/vec_mux.vhd \
      PB ieee/std_logic_1164 1335251622 LB unisim LB Microblaze_v8_30_a \
      PB microblaze_v8_30_a/MicroBlaze_Types 1365800786
AR microblaze_v8_30_a/vec_mux/IMP 1365800896 \
      FL $XILINX/hw/XilinxProcessorIPLib/pcores/microblaze_v8_30_a/hdl/vhdl/vec_mux.vhd \
      EN microblaze_v8_30_a/vec_mux 1365800895
FL $XILINX/hw/XilinxProcessorIPLib/pcores/microblaze_v8_30_a/hdl/vhdl/victim_cache.vhd 2012/04/24.05:02:03 P.15xf
EN microblaze_v8_30_a/LRU_Module 1365800897 \
      FL $XILINX/hw/XilinxProcessorIPLib/pcores/microblaze_v8_30_a/hdl/vhdl/victim_cache.vhd \
      PB ieee/std_logic_1164 1335251622 PB ieee/NUMERIC_STD 1335251627
AR microblaze_v8_30_a/LRU_Module/LRU_Module 1365800898 \
      FL $XILINX/hw/XilinxProcessorIPLib/pcores/microblaze_v8_30_a/hdl/vhdl/victim_cache.vhd \
      EN microblaze_v8_30_a/LRU_Module 1365800897 CP std_logic CP std_logic_vector
EN microblaze_v8_30_a/victim_cache 1365800899 \
      FL $XILINX/hw/XilinxProcessorIPLib/pcores/microblaze_v8_30_a/hdl/vhdl/victim_cache.vhd \
      PB ieee/std_logic_1164 1335251622 PB ieee/NUMERIC_STD 1335251627 \
      LB Microblaze_v8_30_a PB microblaze_v8_30_a/MicroBlaze_Types 1365800786 \
      LB unisim PH unisim/VCOMPONENTS 1335251629
AR microblaze_v8_30_a/victim_cache/IMP 1365800900 \
      FL $XILINX/hw/XilinxProcessorIPLib/pcores/microblaze_v8_30_a/hdl/vhdl/victim_cache.vhd \
      EN microblaze_v8_30_a/victim_cache 1365800899 CP LRU_Module
FL $XILINX/hw/XilinxProcessorIPLib/pcores/microblaze_v8_30_a/hdl/vhdl/wb_mux_bit_gti.vhd 2012/04/24.05:02:03 P.15xf
EN microblaze_v8_30_a/WB_Mux_Bit 1365800821 \
      FL $XILINX/hw/XilinxProcessorIPLib/pcores/microblaze_v8_30_a/hdl/vhdl/wb_mux_bit_gti.vhd \
      PB ieee/std_logic_1164 1335251622 LB Microblaze_v8_30_a \
      PB microblaze_v8_30_a/MicroBlaze_Types 1365800786 \
      PH microblaze_v8_30_a/MicroBlaze_ISA 1365800787 LB unisim \
      PH unisim/VCOMPONENTS 1335251629
AR microblaze_v8_30_a/WB_Mux_Bit/IMP 1365800822 \
      FL $XILINX/hw/XilinxProcessorIPLib/pcores/microblaze_v8_30_a/hdl/vhdl/wb_mux_bit_gti.vhd \
      EN microblaze_v8_30_a/WB_Mux_Bit 1365800821 CP std_logic CP MUXF5 CP MUXF6
FL $XILINX/hw/XilinxProcessorIPLib/pcores/microblaze_v8_30_a/hdl/vhdl/wb_mux_gti.vhd 2012/04/24.05:02:03 P.15xf
EN microblaze_v8_30_a/WB_Mux 1365800867 \
      FL $XILINX/hw/XilinxProcessorIPLib/pcores/microblaze_v8_30_a/hdl/vhdl/wb_mux_gti.vhd \
      PB ieee/std_logic_1164 1335251622 LB Microblaze_v8_30_a \
      PB microblaze_v8_30_a/MicroBlaze_Types 1365800786 \
      PH microblaze_v8_30_a/MicroBlaze_ISA 1365800787
AR microblaze_v8_30_a/WB_Mux/IMP 1365800868 \
      FL $XILINX/hw/XilinxProcessorIPLib/pcores/microblaze_v8_30_a/hdl/vhdl/wb_mux_gti.vhd \
      EN microblaze_v8_30_a/WB_Mux 1365800867 CP Data_Vector CP Ctrl_Vector \
      CP std_logic CP std_logic_vector CP WB_Mux_Bit CP DATA_TYPE
FL $XILINX/hw/XilinxProcessorIPLib/pcores/microblaze_v8_30_a/hdl/vhdl/zero_detect.vhd 2012/04/24.05:02:03 P.15xf
EN microblaze_v8_30_a/Zero_Detect 1365800923 \
      FL $XILINX/hw/XilinxProcessorIPLib/pcores/microblaze_v8_30_a/hdl/vhdl/zero_detect.vhd \
      PB ieee/std_logic_1164 1335251622 LB Microblaze_v8_30_a \
      PB microblaze_v8_30_a/MicroBlaze_Types 1365800786
AR microblaze_v8_30_a/Zero_Detect/IMP 1365800924 \
      FL $XILINX/hw/XilinxProcessorIPLib/pcores/microblaze_v8_30_a/hdl/vhdl/zero_detect.vhd \
      EN microblaze_v8_30_a/Zero_Detect 1365800923 LB unisim PH unisim/VCOMPONENTS 1335251629 \
      CP natural CP std_logic_vector CP std_logic CP MUXCY_L
FL $XILINX/hw/XilinxProcessorIPLib/pcores/microblaze_v8_30_a/hdl/vhdl/zero_detect_gti.vhd 2012/04/24.05:02:03 P.15xf
EN microblaze_v8_30_a/Zero_Detect_gti 1365800869 \
      FL $XILINX/hw/XilinxProcessorIPLib/pcores/microblaze_v8_30_a/hdl/vhdl/zero_detect_gti.vhd \
      PB ieee/std_logic_1164 1335251622 LB Microblaze_v8_30_a \
      PB microblaze_v8_30_a/MicroBlaze_Types 1365800786 LB unisim \
      PH unisim/VCOMPONENTS 1335251629
AR microblaze_v8_30_a/Zero_Detect_gti/IMP 1365800870 \
      FL $XILINX/hw/XilinxProcessorIPLib/pcores/microblaze_v8_30_a/hdl/vhdl/zero_detect_gti.vhd \
      EN microblaze_v8_30_a/Zero_Detect_gti 1365800869 CP natural \
      CP std_logic_vector CP std_logic CP MUXCY_L
